data/4-leg-mat-1.txt
[H[2J[3JTour : white

     a     b     c     d     e     f     g     h    
  +-----+-----+-----+-----+-----+-----+-----+-----+
8 |  ♖  |  ♘  |  ♗  |  ♕  |  ♔  |  ♗  |  ♘  |  ♖  |
  +-----+-----+-----+-----+-----+-----+-----+-----+
7 |  ♙  |  ♙  |  ♙  |  ♙  |  ♙  |  ♙  |  ♙  |  ♙  |
  +-----+-----+-----+-----+-----+-----+-----+-----+
6 |     |     |     |     |     |     |     |     |
  +-----+-----+-----+-----+-----+-----+-----+-----+
5 |     |     |     |     |     |     |     |     |
  +-----+-----+-----+-----+-----+-----+-----+-----+
4 |     |     |     |     |     |     |     |     |
  +-----+-----+-----+-----+-----+-----+-----+-----+
3 |     |     |     |     |     |     |     |     |
  +-----+-----+-----+-----+-----+-----+-----+-----+
2 |  ♟  |  ♟  |  ♟  |  ♟  |  ♟  |  ♟  |  ♟  |  ♟  |
  +-----+-----+-----+-----+-----+-----+-----+-----+
1 |  ♜  |  ♞  |  ♝  |  ♛  |  ♚  |  ♝  |  ♞  |  ♜  |
  +-----+-----+-----+-----+-----+-----+-----+-----+
     a     b     c     d     e     f     g     h    
(1)Entrez le coup : [H[2J[3JTour : black

     a     b     c     d     e     f     g     h    
  +-----+-----+-----+-----+-----+-----+-----+-----+
8 |  ♖  |  ♘  |  ♗  |  ♕  |  ♔  |  ♗  |  ♘  |  ♖  |
  +-----+-----+-----+-----+-----+-----+-----+-----+
7 |  ♙  |  ♙  |  ♙  |  ♙  |  ♙  |  ♙  |  ♙  |  ♙  |
  +-----+-----+-----+-----+-----+-----+-----+-----+
6 |     |     |     |     |     |     |     |     |
  +-----+-----+-----+-----+-----+-----+-----+-----+
5 |     |     |     |     |     |     |     |     |
  +-----+-----+-----+-----+-----+-----+-----+-----+
4 |     |     |     |     |  ♟  |     |     |     |
  +-----+-----+-----+-----+-----+-----+-----+-----+
3 |     |     |     |     |     |     |     |     |
  +-----+-----+-----+-----+-----+-----+-----+-----+
2 |  ♟  |  ♟  |  ♟  |  ♟  |     |  ♟  |  ♟  |  ♟  |
  +-----+-----+-----+-----+-----+-----+-----+-----+
1 |  ♜  |  ♞  |  ♝  |  ♛  |  ♚  |  ♝  |  ♞  |  ♜  |
  +-----+-----+-----+-----+-----+-----+-----+-----+
     a     b     c     d     e     f     g     h    
(1)Entrez le coup : [H[2J[3JTour : white

     a     b     c     d     e     f     g     h    
  +-----+-----+-----+-----+-----+-----+-----+-----+
8 |  ♖  |  ♘  |  ♗  |  ♕  |  ♔  |  ♗  |  ♘  |  ♖  |
  +-----+-----+-----+-----+-----+-----+-----+-----+
7 |  ♙  |  ♙  |  ♙  |  ♙  |     |  ♙  |  ♙  |  ♙  |
  +-----+-----+-----+-----+-----+-----+-----+-----+
6 |     |     |     |     |     |     |     |     |
  +-----+-----+-----+-----+-----+-----+-----+-----+
5 |     |     |     |     |  ♙  |     |     |     |
  +-----+-----+-----+-----+-----+-----+-----+-----+
4 |     |     |     |     |  ♟  |     |     |     |
  +-----+-----+-----+-----+-----+-----+-----+-----+
3 |     |     |     |     |     |     |     |     |
  +-----+-----+-----+-----+-----+-----+-----+-----+
2 |  ♟  |  ♟  |  ♟  |  ♟  |     |  ♟  |  ♟  |  ♟  |
  +-----+-----+-----+-----+-----+-----+-----+-----+
1 |  ♜  |  ♞  |  ♝  |  ♛  |  ♚  |  ♝  |  ♞  |  ♜  |
  +-----+-----+-----+-----+-----+-----+-----+-----+
     a     b     c     d     e     f     g     h    
(2)Entrez le coup : [H[2J[3JTour : black

     a     b     c     d     e     f     g     h    
  +-----+-----+-----+-----+-----+-----+-----+-----+
8 |  ♖  |  ♘  |  ♗  |  ♕  |  ♔  |  ♗  |  ♘  |  ♖  |
  +-----+-----+-----+-----+-----+-----+-----+-----+
7 |  ♙  |  ♙  |  ♙  |  ♙  |     |  ♙  |  ♙  |  ♙  |
  +-----+-----+-----+-----+-----+-----+-----+-----+
6 |     |     |     |     |     |     |     |     |
  +-----+-----+-----+-----+-----+-----+-----+-----+
5 |     |     |     |     |  ♙  |     |     |     |
  +-----+-----+-----+-----+-----+-----+-----+-----+
4 |     |     |     |     |  ♟  |  ♟  |     |     |
  +-----+-----+-----+-----+-----+-----+-----+-----+
3 |     |     |     |     |     |     |     |     |
  +-----+-----+-----+-----+-----+-----+-----+-----+
2 |  ♟  |  ♟  |  ♟  |  ♟  |     |     |  ♟  |  ♟  |
  +-----+-----+-----+-----+-----+-----+-----+-----+
1 |  ♜  |  ♞  |  ♝  |  ♛  |  ♚  |  ♝  |  ♞  |  ♜  |
  +-----+-----+-----+-----+-----+-----+-----+-----+
     a     b     c     d     e     f     g     h    
(2)Entrez le coup : [H[2J[3JTour : white

     a     b     c     d     e     f     g     h    
  +-----+-----+-----+-----+-----+-----+-----+-----+
8 |  ♖  |  ♘  |  ♗  |  ♕  |  ♔  |  ♗  |  ♘  |  ♖  |
  +-----+-----+-----+-----+-----+-----+-----+-----+
7 |  ♙  |  ♙  |  ♙  |     |     |  ♙  |  ♙  |  ♙  |
  +-----+-----+-----+-----+-----+-----+-----+-----+
6 |     |     |     |     |     |     |     |     |
  +-----+-----+-----+-----+-----+-----+-----+-----+
5 |     |     |     |  ♙  |  ♙  |     |     |     |
  +-----+-----+-----+-----+-----+-----+-----+-----+
4 |     |     |     |     |  ♟  |  ♟  |     |     |
  +-----+-----+-----+-----+-----+-----+-----+-----+
3 |     |     |     |     |     |     |     |     |
  +-----+-----+-----+-----+-----+-----+-----+-----+
2 |  ♟  |  ♟  |  ♟  |  ♟  |     |     |  ♟  |  ♟  |
  +-----+-----+-----+-----+-----+-----+-----+-----+
1 |  ♜  |  ♞  |  ♝  |  ♛  |  ♚  |  ♝  |  ♞  |  ♜  |
  +-----+-----+-----+-----+-----+-----+-----+-----+
     a     b     c     d     e     f     g     h    
(3)Entrez le coup : [H[2J[3JTour : black

     a     b     c     d     e     f     g     h    
  +-----+-----+-----+-----+-----+-----+-----+-----+
8 |  ♖  |  ♘  |  ♗  |  ♕  |  ♔  |  ♗  |  ♘  |  ♖  |
  +-----+-----+-----+-----+-----+-----+-----+-----+
7 |  ♙  |  ♙  |  ♙  |     |     |  ♙  |  ♙  |  ♙  |
  +-----+-----+-----+-----+-----+-----+-----+-----+
6 |     |     |     |     |     |     |     |     |
  +-----+-----+-----+-----+-----+-----+-----+-----+
5 |     |     |     |  ♙  |  ♙  |     |     |     |
  +-----+-----+-----+-----+-----+-----+-----+-----+
4 |     |     |     |     |  ♟  |  ♟  |     |     |
  +-----+-----+-----+-----+-----+-----+-----+-----+
3 |     |     |  ♞  |     |     |     |     |     |
  +-----+-----+-----+-----+-----+-----+-----+-----+
2 |  ♟  |  ♟  |  ♟  |  ♟  |     |     |  ♟  |  ♟  |
  +-----+-----+-----+-----+-----+-----+-----+-----+
1 |  ♜  |     |  ♝  |  ♛  |  ♚  |  ♝  |  ♞  |  ♜  |
  +-----+-----+-----+-----+-----+-----+-----+-----+
     a     b     c     d     e     f     g     h    
(3)Entrez le coup : [H[2J[3JTour : white

     a     b     c     d     e     f     g     h    
  +-----+-----+-----+-----+-----+-----+-----+-----+
8 |  ♖  |  ♘  |  ♗  |  ♕  |  ♔  |  ♗  |  ♘  |  ♖  |
  +-----+-----+-----+-----+-----+-----+-----+-----+
7 |  ♙  |  ♙  |  ♙  |     |     |  ♙  |  ♙  |  ♙  |
  +-----+-----+-----+-----+-----+-----+-----+-----+
6 |     |     |     |     |     |     |     |     |
  +-----+-----+-----+-----+-----+-----+-----+-----+
5 |     |     |     |     |  ♙  |     |     |     |
  +-----+-----+-----+-----+-----+-----+-----+-----+
4 |     |     |     |  ♙  |  ♟  |  ♟  |     |     |
  +-----+-----+-----+-----+-----+-----+-----+-----+
3 |     |     |  ♞  |     |     |     |     |     |
  +-----+-----+-----+-----+-----+-----+-----+-----+
2 |  ♟  |  ♟  |  ♟  |  ♟  |     |     |  ♟  |  ♟  |
  +-----+-----+-----+-----+-----+-----+-----+-----+
1 |  ♜  |     |  ♝  |  ♛  |  ♚  |  ♝  |  ♞  |  ♜  |
  +-----+-----+-----+-----+-----+-----+-----+-----+
     a     b     c     d     e     f     g     h    
(4)Entrez le coup : [H[2J[3JTour : black

     a     b     c     d     e     f     g     h    
  +-----+-----+-----+-----+-----+-----+-----+-----+
8 |  ♖  |  ♘  |  ♗  |  ♕  |  ♔  |  ♗  |  ♘  |  ♖  |
  +-----+-----+-----+-----+-----+-----+-----+-----+
7 |  ♙  |  ♙  |  ♙  |     |     |  ♙  |  ♙  |  ♙  |
  +-----+-----+-----+-----+-----+-----+-----+-----+
6 |     |     |     |     |     |     |     |     |
  +-----+-----+-----+-----+-----+-----+-----+-----+
5 |     |     |     |     |  ♙  |     |     |     |
  +-----+-----+-----+-----+-----+-----+-----+-----+
4 |     |     |     |  ♙  |  ♟  |  ♟  |     |     |
  +-----+-----+-----+-----+-----+-----+-----+-----+
3 |     |     |     |     |     |     |     |     |
  +-----+-----+-----+-----+-----+-----+-----+-----+
2 |  ♟  |  ♟  |  ♟  |  ♟  |  ♞  |     |  ♟  |  ♟  |
  +-----+-----+-----+-----+-----+-----+-----+-----+
1 |  ♜  |     |  ♝  |  ♛  |  ♚  |  ♝  |  ♞  |  ♜  |
  +-----+-----+-----+-----+-----+-----+-----+-----+
     a     b     c     d     e     f     g     h    
(4)Entrez le coup : [H[2J[3JTour : white

     a     b     c     d     e     f     g     h    
  +-----+-----+-----+-----+-----+-----+-----+-----+
8 |  ♖  |  ♘  |  ♗  |  ♕  |  ♔  |     |  ♘  |  ♖  |
  +-----+-----+-----+-----+-----+-----+-----+-----+
7 |  ♙  |  ♙  |  ♙  |     |     |  ♙  |  ♙  |  ♙  |
  +-----+-----+-----+-----+-----+-----+-----+-----+
6 |     |     |     |     |     |     |     |     |
  +-----+-----+-----+-----+-----+-----+-----+-----+
5 |     |     |     |     |  ♙  |     |     |     |
  +-----+-----+-----+-----+-----+-----+-----+-----+
4 |     |  ♗  |     |  ♙  |  ♟  |  ♟  |     |     |
  +-----+-----+-----+-----+-----+-----+-----+-----+
3 |     |     |     |     |     |     |     |     |
  +-----+-----+-----+-----+-----+-----+-----+-----+
2 |  ♟  |  ♟  |  ♟  |  ♟  |  ♞  |     |  ♟  |  ♟  |
  +-----+-----+-----+-----+-----+-----+-----+-----+
1 |  ♜  |     |  ♝  |  ♛  |  ♚  |  ♝  |  ♞  |  ♜  |
  +-----+-----+-----+-----+-----+-----+-----+-----+
     a     b     c     d     e     f     g     h    
(5)Entrez le coup : [H[2J[3JTour : black

     a     b     c     d     e     f     g     h    
  +-----+-----+-----+-----+-----+-----+-----+-----+
8 |  ♖  |  ♘  |  ♗  |  ♕  |  ♔  |     |  ♘  |  ♖  |
  +-----+-----+-----+-----+-----+-----+-----+-----+
7 |  ♙  |  ♙  |  ♙  |     |     |  ♙  |  ♙  |  ♙  |
  +-----+-----+-----+-----+-----+-----+-----+-----+
6 |     |     |     |     |     |     |     |     |
  +-----+-----+-----+-----+-----+-----+-----+-----+
5 |     |     |     |     |  ♙  |  ♟  |     |     |
  +-----+-----+-----+-----+-----+-----+-----+-----+
4 |     |  ♗  |     |  ♙  |  ♟  |     |     |     |
  +-----+-----+-----+-----+-----+-----+-----+-----+
3 |     |     |     |     |     |     |     |     |
  +-----+-----+-----+-----+-----+-----+-----+-----+
2 |  ♟  |  ♟  |  ♟  |  ♟  |  ♞  |     |  ♟  |  ♟  |
  +-----+-----+-----+-----+-----+-----+-----+-----+
1 |  ♜  |     |  ♝  |  ♛  |  ♚  |  ♝  |  ♞  |  ♜  |
  +-----+-----+-----+-----+-----+-----+-----+-----+
     a     b     c     d     e     f     g     h    
(5)Entrez le coup : [H[2J[3JTour : white

     a     b     c     d     e     f     g     h    
  +-----+-----+-----+-----+-----+-----+-----+-----+
8 |  ♖  |     |  ♗  |  ♕  |  ♔  |     |  ♘  |  ♖  |
  +-----+-----+-----+-----+-----+-----+-----+-----+
7 |  ♙  |  ♙  |  ♙  |     |     |  ♙  |  ♙  |  ♙  |
  +-----+-----+-----+-----+-----+-----+-----+-----+
6 |     |     |  ♘  |     |     |     |     |     |
  +-----+-----+-----+-----+-----+-----+-----+-----+
5 |     |     |     |     |  ♙  |  ♟  |     |     |
  +-----+-----+-----+-----+-----+-----+-----+-----+
4 |     |  ♗  |     |  ♙  |  ♟  |     |     |     |
  +-----+-----+-----+-----+-----+-----+-----+-----+
3 |     |     |     |     |     |     |     |     |
  +-----+-----+-----+-----+-----+-----+-----+-----+
2 |  ♟  |  ♟  |  ♟  |  ♟  |  ♞  |     |  ♟  |  ♟  |
  +-----+-----+-----+-----+-----+-----+-----+-----+
1 |  ♜  |     |  ♝  |  ♛  |  ♚  |  ♝  |  ♞  |  ♜  |
  +-----+-----+-----+-----+-----+-----+-----+-----+
     a     b     c     d     e     f     g     h    
(6)Entrez le coup : [H[2J[3JTour : black

     a     b     c     d     e     f     g     h    
  +-----+-----+-----+-----+-----+-----+-----+-----+
8 |  ♖  |     |  ♗  |  ♕  |  ♔  |     |  ♘  |  ♖  |
  +-----+-----+-----+-----+-----+-----+-----+-----+
7 |  ♙  |  ♙  |  ♙  |     |     |  ♙  |  ♙  |  ♙  |
  +-----+-----+-----+-----+-----+-----+-----+-----+
6 |     |     |  ♘  |     |     |     |     |     |
  +-----+-----+-----+-----+-----+-----+-----+-----+
5 |     |     |     |     |  ♙  |  ♟  |     |     |
  +-----+-----+-----+-----+-----+-----+-----+-----+
4 |     |  ♗  |     |  ♙  |  ♟  |     |     |     |
  +-----+-----+-----+-----+-----+-----+-----+-----+
3 |     |     |  ♟  |     |     |     |     |     |
  +-----+-----+-----+-----+-----+-----+-----+-----+
2 |  ♟  |  ♟  |     |  ♟  |  ♞  |     |  ♟  |  ♟  |
  +-----+-----+-----+-----+-----+-----+-----+-----+
1 |  ♜  |     |  ♝  |  ♛  |  ♚  |  ♝  |  ♞  |  ♜  |
  +-----+-----+-----+-----+-----+-----+-----+-----+
     a     b     c     d     e     f     g     h    
(6)Entrez le coup : [H[2J[3JTour : white

     a     b     c     d     e     f     g     h    
  +-----+-----+-----+-----+-----+-----+-----+-----+
8 |  ♖  |     |  ♗  |  ♕  |  ♔  |     |  ♘  |  ♖  |
  +-----+-----+-----+-----+-----+-----+-----+-----+
7 |  ♙  |  ♙  |  ♙  |     |     |  ♙  |  ♙  |  ♙  |
  +-----+-----+-----+-----+-----+-----+-----+-----+
6 |     |     |  ♘  |     |     |     |     |     |
  +-----+-----+-----+-----+-----+-----+-----+-----+
5 |     |     |     |     |  ♙  |  ♟  |     |     |
  +-----+-----+-----+-----+-----+-----+-----+-----+
4 |     |  ♗  |     |     |  ♟  |     |     |     |
  +-----+-----+-----+-----+-----+-----+-----+-----+
3 |     |     |  ♙  |     |     |     |     |     |
  +-----+-----+-----+-----+-----+-----+-----+-----+
2 |  ♟  |  ♟  |     |  ♟  |  ♞  |     |  ♟  |  ♟  |
  +-----+-----+-----+-----+-----+-----+-----+-----+
1 |  ♜  |     |  ♝  |  ♛  |  ♚  |  ♝  |  ♞  |  ♜  |
  +-----+-----+-----+-----+-----+-----+-----+-----+
     a     b     c     d     e     f     g     h    
(7)Entrez le coup : [H[2J[3JTour : black

     a     b     c     d     e     f     g     h    
  +-----+-----+-----+-----+-----+-----+-----+-----+
8 |  ♖  |     |  ♗  |  ♕  |  ♔  |     |  ♘  |  ♖  |
  +-----+-----+-----+-----+-----+-----+-----+-----+
7 |  ♙  |  ♙  |  ♙  |     |     |  ♙  |  ♙  |  ♙  |
  +-----+-----+-----+-----+-----+-----+-----+-----+
6 |     |     |  ♘  |     |     |     |     |     |
  +-----+-----+-----+-----+-----+-----+-----+-----+
5 |     |     |     |     |  ♙  |  ♟  |     |     |
  +-----+-----+-----+-----+-----+-----+-----+-----+
4 |     |  ♗  |     |     |  ♟  |     |     |     |
  +-----+-----+-----+-----+-----+-----+-----+-----+
3 |     |     |  ♞  |     |     |     |     |     |
  +-----+-----+-----+-----+-----+-----+-----+-----+
2 |  ♟  |  ♟  |     |  ♟  |     |     |  ♟  |  ♟  |
  +-----+-----+-----+-----+-----+-----+-----+-----+
1 |  ♜  |     |  ♝  |  ♛  |  ♚  |  ♝  |  ♞  |  ♜  |
  +-----+-----+-----+-----+-----+-----+-----+-----+
     a     b     c     d     e     f     g     h    
(7)Entrez le coup : [H[2J[3JTour : white

     a     b     c     d     e     f     g     h    
  +-----+-----+-----+-----+-----+-----+-----+-----+
8 |  ♖  |     |  ♗  |  ♕  |  ♔  |     |  ♘  |  ♖  |
  +-----+-----+-----+-----+-----+-----+-----+-----+
7 |  ♙  |  ♙  |  ♙  |     |     |     |  ♙  |  ♙  |
  +-----+-----+-----+-----+-----+-----+-----+-----+
6 |     |     |  ♘  |     |     |  ♙  |     |     |
  +-----+-----+-----+-----+-----+-----+-----+-----+
5 |     |     |     |     |  ♙  |  ♟  |     |     |
  +-----+-----+-----+-----+-----+-----+-----+-----+
4 |     |  ♗  |     |     |  ♟  |     |     |     |
  +-----+-----+-----+-----+-----+-----+-----+-----+
3 |     |     |  ♞  |     |     |     |     |     |
  +-----+-----+-----+-----+-----+-----+-----+-----+
2 |  ♟  |  ♟  |     |  ♟  |     |     |  ♟  |  ♟  |
  +-----+-----+-----+-----+-----+-----+-----+-----+
1 |  ♜  |     |  ♝  |  ♛  |  ♚  |  ♝  |  ♞  |  ♜  |
  +-----+-----+-----+-----+-----+-----+-----+-----+
     a     b     c     d     e     f     g     h    
(8)Entrez le coup : [H[2J[3JTour : black

     a     b     c     d     e     f     g     h    
  +-----+-----+-----+-----+-----+-----+-----+-----+
8 |  ♖  |     |  ♗  |  ♕  |  ♔  |     |  ♘  |  ♖  |
  +-----+-----+-----+-----+-----+-----+-----+-----+
7 |  ♙  |  ♙  |  ♙  |     |     |     |  ♙  |  ♙  |
  +-----+-----+-----+-----+-----+-----+-----+-----+
6 |     |     |  ♘  |     |     |  ♙  |     |     |
  +-----+-----+-----+-----+-----+-----+-----+-----+
5 |     |     |     |     |  ♙  |  ♟  |     |     |
  +-----+-----+-----+-----+-----+-----+-----+-----+
4 |     |  ♗  |     |     |  ♟  |     |  ♟  |     |
  +-----+-----+-----+-----+-----+-----+-----+-----+
3 |     |     |  ♞  |     |     |     |     |     |
  +-----+-----+-----+-----+-----+-----+-----+-----+
2 |  ♟  |  ♟  |     |  ♟  |     |     |     |  ♟  |
  +-----+-----+-----+-----+-----+-----+-----+-----+
1 |  ♜  |     |  ♝  |  ♛  |  ♚  |  ♝  |  ♞  |  ♜  |
  +-----+-----+-----+-----+-----+-----+-----+-----+
     a     b     c     d     e     f     g     h    
(8)Entrez le coup : [H[2J[3JTour : white

     a     b     c     d     e     f     g     h    
  +-----+-----+-----+-----+-----+-----+-----+-----+
8 |  ♖  |     |  ♗  |  ♕  |  ♔  |     |  ♘  |  ♖  |
  +-----+-----+-----+-----+-----+-----+-----+-----+
7 |  ♙  |  ♙  |  ♙  |     |     |     |  ♙  |  ♙  |
  +-----+-----+-----+-----+-----+-----+-----+-----+
6 |     |     |     |     |     |  ♙  |     |     |
  +-----+-----+-----+-----+-----+-----+-----+-----+
5 |     |     |     |     |  ♙  |  ♟  |     |     |
  +-----+-----+-----+-----+-----+-----+-----+-----+
4 |     |  ♗  |     |  ♘  |  ♟  |     |  ♟  |     |
  +-----+-----+-----+-----+-----+-----+-----+-----+
3 |     |     |  ♞  |     |     |     |     |     |
  +-----+-----+-----+-----+-----+-----+-----+-----+
2 |  ♟  |  ♟  |     |  ♟  |     |     |     |  ♟  |
  +-----+-----+-----+-----+-----+-----+-----+-----+
1 |  ♜  |     |  ♝  |  ♛  |  ♚  |  ♝  |  ♞  |  ♜  |
  +-----+-----+-----+-----+-----+-----+-----+-----+
     a     b     c     d     e     f     g     h    
(9)Entrez le coup : [H[2J[3JTour : black

     a     b     c     d     e     f     g     h    
  +-----+-----+-----+-----+-----+-----+-----+-----+
8 |  ♖  |     |  ♗  |  ♕  |  ♔  |     |  ♘  |  ♖  |
  +-----+-----+-----+-----+-----+-----+-----+-----+
7 |  ♙  |  ♙  |  ♙  |     |     |     |  ♙  |  ♙  |
  +-----+-----+-----+-----+-----+-----+-----+-----+
6 |     |     |     |     |     |  ♙  |     |     |
  +-----+-----+-----+-----+-----+-----+-----+-----+
5 |     |     |     |     |  ♙  |  ♟  |     |     |
  +-----+-----+-----+-----+-----+-----+-----+-----+
4 |     |  ♗  |     |  ♘  |  ♟  |     |  ♟  |     |
  +-----+-----+-----+-----+-----+-----+-----+-----+
3 |     |     |  ♞  |  ♟  |     |     |     |     |
  +-----+-----+-----+-----+-----+-----+-----+-----+
2 |  ♟  |  ♟  |     |     |     |     |     |  ♟  |
  +-----+-----+-----+-----+-----+-----+-----+-----+
1 |  ♜  |     |  ♝  |  ♛  |  ♚  |  ♝  |  ♞  |  ♜  |
  +-----+-----+-----+-----+-----+-----+-----+-----+
     a     b     c     d     e     f     g     h    
(9)Entrez le coup : [H[2J[3JTour : white

     a     b     c     d     e     f     g     h    
  +-----+-----+-----+-----+-----+-----+-----+-----+
8 |  ♖  |     |  ♗  |  ♕  |  ♔  |     |     |  ♖  |
  +-----+-----+-----+-----+-----+-----+-----+-----+
7 |  ♙  |  ♙  |  ♙  |     |  ♘  |     |  ♙  |  ♙  |
  +-----+-----+-----+-----+-----+-----+-----+-----+
6 |     |     |     |     |     |  ♙  |     |     |
  +-----+-----+-----+-----+-----+-----+-----+-----+
5 |     |     |     |     |  ♙  |  ♟  |     |     |
  +-----+-----+-----+-----+-----+-----+-----+-----+
4 |     |  ♗  |     |  ♘  |  ♟  |     |  ♟  |     |
  +-----+-----+-----+-----+-----+-----+-----+-----+
3 |     |     |  ♞  |  ♟  |     |     |     |     |
  +-----+-----+-----+-----+-----+-----+-----+-----+
2 |  ♟  |  ♟  |     |     |     |     |     |  ♟  |
  +-----+-----+-----+-----+-----+-----+-----+-----+
1 |  ♜  |     |  ♝  |  ♛  |  ♚  |  ♝  |  ♞  |  ♜  |
  +-----+-----+-----+-----+-----+-----+-----+-----+
     a     b     c     d     e     f     g     h    
(10)Entrez le coup : [H[2J[3JTour : black

     a     b     c     d     e     f     g     h    
  +-----+-----+-----+-----+-----+-----+-----+-----+
8 |  ♖  |     |  ♗  |  ♕  |  ♔  |     |     |  ♖  |
  +-----+-----+-----+-----+-----+-----+-----+-----+
7 |  ♙  |  ♙  |  ♙  |     |  ♘  |     |  ♙  |  ♙  |
  +-----+-----+-----+-----+-----+-----+-----+-----+
6 |     |     |     |     |     |  ♙  |     |     |
  +-----+-----+-----+-----+-----+-----+-----+-----+
5 |     |     |     |     |  ♙  |  ♟  |  ♟  |     |
  +-----+-----+-----+-----+-----+-----+-----+-----+
4 |     |  ♗  |     |  ♘  |  ♟  |     |     |     |
  +-----+-----+-----+-----+-----+-----+-----+-----+
3 |     |     |  ♞  |  ♟  |     |     |     |     |
  +-----+-----+-----+-----+-----+-----+-----+-----+
2 |  ♟  |  ♟  |     |     |     |     |     |  ♟  |
  +-----+-----+-----+-----+-----+-----+-----+-----+
1 |  ♜  |     |  ♝  |  ♛  |  ♚  |  ♝  |  ♞  |  ♜  |
  +-----+-----+-----+-----+-----+-----+-----+-----+
     a     b     c     d     e     f     g     h    
(10)Entrez le coup : [H[2J[3JTour : white

     a     b     c     d     e     f     g     h    
  +-----+-----+-----+-----+-----+-----+-----+-----+
8 |  ♖  |     |  ♗  |     |  ♔  |     |     |  ♖  |
  +-----+-----+-----+-----+-----+-----+-----+-----+
7 |  ♙  |  ♙  |  ♙  |     |  ♘  |     |  ♙  |  ♙  |
  +-----+-----+-----+-----+-----+-----+-----+-----+
6 |     |     |     |  ♕  |     |  ♙  |     |     |
  +-----+-----+-----+-----+-----+-----+-----+-----+
5 |     |     |     |     |  ♙  |  ♟  |  ♟  |     |
  +-----+-----+-----+-----+-----+-----+-----+-----+
4 |     |  ♗  |     |  ♘  |  ♟  |     |     |     |
  +-----+-----+-----+-----+-----+-----+-----+-----+
3 |     |     |  ♞  |  ♟  |     |     |     |     |
  +-----+-----+-----+-----+-----+-----+-----+-----+
2 |  ♟  |  ♟  |     |     |     |     |     |  ♟  |
  +-----+-----+-----+-----+-----+-----+-----+-----+
1 |  ♜  |     |  ♝  |  ♛  |  ♚  |  ♝  |  ♞  |  ♜  |
  +-----+-----+-----+-----+-----+-----+-----+-----+
     a     b     c     d     e     f     g     h    
(11)Entrez le coup : [H[2J[3JTour : black

     a     b     c     d     e     f     g     h    
  +-----+-----+-----+-----+-----+-----+-----+-----+
8 |  ♖  |     |  ♗  |     |  ♔  |     |     |  ♖  |
  +-----+-----+-----+-----+-----+-----+-----+-----+
7 |  ♙  |  ♙  |  ♙  |     |  ♘  |     |  ♙  |  ♙  |
  +-----+-----+-----+-----+-----+-----+-----+-----+
6 |     |     |     |  ♕  |     |  ♙  |     |     |
  +-----+-----+-----+-----+-----+-----+-----+-----+
5 |     |     |     |     |  ♙  |  ♟  |  ♟  |     |
  +-----+-----+-----+-----+-----+-----+-----+-----+
4 |     |  ♗  |     |  ♘  |  ♟  |     |     |     |
  +-----+-----+-----+-----+-----+-----+-----+-----+
3 |  ♟  |     |  ♞  |  ♟  |     |     |     |     |
  +-----+-----+-----+-----+-----+-----+-----+-----+
2 |     |  ♟  |     |     |     |     |     |  ♟  |
  +-----+-----+-----+-----+-----+-----+-----+-----+
1 |  ♜  |     |  ♝  |  ♛  |  ♚  |  ♝  |  ♞  |  ♜  |
  +-----+-----+-----+-----+-----+-----+-----+-----+
     a     b     c     d     e     f     g     h    
(11)Entrez le coup : [H[2J[3JTour : white

     a     b     c     d     e     f     g     h    
  +-----+-----+-----+-----+-----+-----+-----+-----+
8 |  ♖  |     |  ♗  |     |  ♔  |     |     |  ♖  |
  +-----+-----+-----+-----+-----+-----+-----+-----+
7 |  ♙  |  ♙  |  ♙  |     |  ♘  |     |  ♙  |  ♙  |
  +-----+-----+-----+-----+-----+-----+-----+-----+
6 |     |     |     |  ♕  |     |  ♙  |     |     |
  +-----+-----+-----+-----+-----+-----+-----+-----+
5 |     |     |     |     |  ♙  |  ♟  |  ♟  |     |
  +-----+-----+-----+-----+-----+-----+-----+-----+
4 |     |     |     |  ♘  |  ♟  |     |     |     |
  +-----+-----+-----+-----+-----+-----+-----+-----+
3 |  ♟  |     |  ♗  |  ♟  |     |     |     |     |
  +-----+-----+-----+-----+-----+-----+-----+-----+
2 |     |  ♟  |     |     |     |     |     |  ♟  |
  +-----+-----+-----+-----+-----+-----+-----+-----+
1 |  ♜  |     |  ♝  |  ♛  |  ♚  |  ♝  |  ♞  |  ♜  |
  +-----+-----+-----+-----+-----+-----+-----+-----+
     a     b     c     d     e     f     g     h    
(12)Entrez le coup : [H[2J[3JTour : black

     a     b     c     d     e     f     g     h    
  +-----+-----+-----+-----+-----+-----+-----+-----+
8 |  ♖  |     |  ♗  |     |  ♔  |     |     |  ♖  |
  +-----+-----+-----+-----+-----+-----+-----+-----+
7 |  ♙  |  ♙  |  ♙  |     |  ♘  |     |  ♙  |  ♙  |
  +-----+-----+-----+-----+-----+-----+-----+-----+
6 |     |     |     |  ♕  |     |  ♙  |     |     |
  +-----+-----+-----+-----+-----+-----+-----+-----+
5 |     |     |     |     |  ♙  |  ♟  |  ♟  |     |
  +-----+-----+-----+-----+-----+-----+-----+-----+
4 |     |     |     |  ♘  |  ♟  |     |     |     |
  +-----+-----+-----+-----+-----+-----+-----+-----+
3 |  ♟  |     |  ♟  |  ♟  |     |     |     |     |
  +-----+-----+-----+-----+-----+-----+-----+-----+
2 |     |     |     |     |     |     |     |  ♟  |
  +-----+-----+-----+-----+-----+-----+-----+-----+
1 |  ♜  |     |  ♝  |  ♛  |  ♚  |  ♝  |  ♞  |  ♜  |
  +-----+-----+-----+-----+-----+-----+-----+-----+
     a     b     c     d     e     f     g     h    
(12)Entrez le coup : [H[2J[3JTour : white

     a     b     c     d     e     f     g     h    
  +-----+-----+-----+-----+-----+-----+-----+-----+
8 |  ♖  |     |  ♗  |     |  ♔  |     |     |  ♖  |
  +-----+-----+-----+-----+-----+-----+-----+-----+
7 |  ♙  |  ♙  |  ♙  |     |  ♘  |     |  ♙  |  ♙  |
  +-----+-----+-----+-----+-----+-----+-----+-----+
6 |     |     |     |  ♕  |     |  ♙  |     |     |
  +-----+-----+-----+-----+-----+-----+-----+-----+
5 |     |  ♘  |     |     |  ♙  |  ♟  |  ♟  |     |
  +-----+-----+-----+-----+-----+-----+-----+-----+
4 |     |     |     |     |  ♟  |     |     |     |
  +-----+-----+-----+-----+-----+-----+-----+-----+
3 |  ♟  |     |  ♟  |  ♟  |     |     |     |     |
  +-----+-----+-----+-----+-----+-----+-----+-----+
2 |     |     |     |     |     |     |     |  ♟  |
  +-----+-----+-----+-----+-----+-----+-----+-----+
1 |  ♜  |     |  ♝  |  ♛  |  ♚  |  ♝  |  ♞  |  ♜  |
  +-----+-----+-----+-----+-----+-----+-----+-----+
     a     b     c     d     e     f     g     h    
(13)Entrez le coup : [H[2J[3JTour : black

     a     b     c     d     e     f     g     h    
  +-----+-----+-----+-----+-----+-----+-----+-----+
8 |  ♖  |     |  ♗  |     |  ♔  |     |     |  ♖  |
  +-----+-----+-----+-----+-----+-----+-----+-----+
7 |  ♙  |  ♙  |  ♙  |     |  ♘  |     |  ♙  |  ♙  |
  +-----+-----+-----+-----+-----+-----+-----+-----+
6 |     |     |     |  ♕  |     |  ♙  |     |     |
  +-----+-----+-----+-----+-----+-----+-----+-----+
5 |     |  ♘  |     |     |  ♙  |  ♟  |  ♟  |     |
  +-----+-----+-----+-----+-----+-----+-----+-----+
4 |     |     |     |     |  ♟  |     |     |     |
  +-----+-----+-----+-----+-----+-----+-----+-----+
3 |  ♟  |     |  ♟  |  ♟  |     |     |     |     |
  +-----+-----+-----+-----+-----+-----+-----+-----+
2 |     |     |     |     |  ♞  |     |     |  ♟  |
  +-----+-----+-----+-----+-----+-----+-----+-----+
1 |  ♜  |     |  ♝  |  ♛  |  ♚  |  ♝  |     |  ♜  |
  +-----+-----+-----+-----+-----+-----+-----+-----+
     a     b     c     d     e     f     g     h    
(13)Entrez le coup : [H[2J[3JTour : white

     a     b     c     d     e     f     g     h    
  +-----+-----+-----+-----+-----+-----+-----+-----+
8 |  ♖  |     |  ♗  |     |     |  ♖  |  ♔  |     |
  +-----+-----+-----+-----+-----+-----+-----+-----+
7 |  ♙  |  ♙  |  ♙  |     |  ♘  |     |  ♙  |  ♙  |
  +-----+-----+-----+-----+-----+-----+-----+-----+
6 |     |     |     |  ♕  |     |  ♙  |     |     |
  +-----+-----+-----+-----+-----+-----+-----+-----+
5 |     |  ♘  |     |     |  ♙  |  ♟  |  ♟  |     |
  +-----+-----+-----+-----+-----+-----+-----+-----+
4 |     |     |     |     |  ♟  |     |     |     |
  +-----+-----+-----+-----+-----+-----+-----+-----+
3 |  ♟  |     |  ♟  |  ♟  |     |     |     |     |
  +-----+-----+-----+-----+-----+-----+-----+-----+
2 |     |     |     |     |  ♞  |     |     |  ♟  |
  +-----+-----+-----+-----+-----+-----+-----+-----+
1 |  ♜  |     |  ♝  |  ♛  |  ♚  |  ♝  |     |  ♜  |
  +-----+-----+-----+-----+-----+-----+-----+-----+
     a     b     c     d     e     f     g     h    
(14)Entrez le coup : [H[2J[3JTour : black

     a     b     c     d     e     f     g     h    
  +-----+-----+-----+-----+-----+-----+-----+-----+
8 |  ♖  |     |  ♗  |     |     |  ♖  |  ♔  |     |
  +-----+-----+-----+-----+-----+-----+-----+-----+
7 |  ♙  |  ♙  |  ♙  |     |  ♘  |     |  ♙  |  ♙  |
  +-----+-----+-----+-----+-----+-----+-----+-----+
6 |     |     |     |  ♕  |     |  ♙  |  ♟  |     |
  +-----+-----+-----+-----+-----+-----+-----+-----+
5 |     |  ♘  |     |     |  ♙  |  ♟  |     |     |
  +-----+-----+-----+-----+-----+-----+-----+-----+
4 |     |     |     |     |  ♟  |     |     |     |
  +-----+-----+-----+-----+-----+-----+-----+-----+
3 |  ♟  |     |  ♟  |  ♟  |     |     |     |     |
  +-----+-----+-----+-----+-----+-----+-----+-----+
2 |     |     |     |     |  ♞  |     |     |  ♟  |
  +-----+-----+-----+-----+-----+-----+-----+-----+
1 |  ♜  |     |  ♝  |  ♛  |  ♚  |  ♝  |     |  ♜  |
  +-----+-----+-----+-----+-----+-----+-----+-----+
     a     b     c     d     e     f     g     h    
(14)Entrez le coup : [H[2J[3JTour : white

     a     b     c     d     e     f     g     h    
  +-----+-----+-----+-----+-----+-----+-----+-----+
8 |  ♖  |     |     |     |     |  ♖  |  ♔  |     |
  +-----+-----+-----+-----+-----+-----+-----+-----+
7 |  ♙  |  ♙  |  ♙  |  ♗  |  ♘  |     |  ♙  |  ♙  |
  +-----+-----+-----+-----+-----+-----+-----+-----+
6 |     |     |     |  ♕  |     |  ♙  |  ♟  |     |
  +-----+-----+-----+-----+-----+-----+-----+-----+
5 |     |  ♘  |     |     |  ♙  |  ♟  |     |     |
  +-----+-----+-----+-----+-----+-----+-----+-----+
4 |     |     |     |     |  ♟  |     |     |     |
  +-----+-----+-----+-----+-----+-----+-----+-----+
3 |  ♟  |     |  ♟  |  ♟  |     |     |     |     |
  +-----+-----+-----+-----+-----+-----+-----+-----+
2 |     |     |     |     |  ♞  |     |     |  ♟  |
  +-----+-----+-----+-----+-----+-----+-----+-----+
1 |  ♜  |     |  ♝  |  ♛  |  ♚  |  ♝  |     |  ♜  |
  +-----+-----+-----+-----+-----+-----+-----+-----+
     a     b     c     d     e     f     g     h    
(15)Entrez le coup : [H[2J[3JTour : black

     a     b     c     d     e     f     g     h    
  +-----+-----+-----+-----+-----+-----+-----+-----+
8 |  ♖  |     |     |     |     |  ♖  |  ♔  |     |
  +-----+-----+-----+-----+-----+-----+-----+-----+
7 |  ♙  |  ♙  |  ♙  |  ♗  |  ♘  |     |  ♙  |  ♙  |
  +-----+-----+-----+-----+-----+-----+-----+-----+
6 |     |     |     |  ♕  |     |  ♙  |  ♟  |     |
  +-----+-----+-----+-----+-----+-----+-----+-----+
5 |     |  ♘  |     |     |  ♙  |  ♟  |     |     |
  +-----+-----+-----+-----+-----+-----+-----+-----+
4 |     |     |     |  ♟  |  ♟  |     |     |     |
  +-----+-----+-----+-----+-----+-----+-----+-----+
3 |  ♟  |     |  ♟  |     |     |     |     |     |
  +-----+-----+-----+-----+-----+-----+-----+-----+
2 |     |     |     |     |  ♞  |     |     |  ♟  |
  +-----+-----+-----+-----+-----+-----+-----+-----+
1 |  ♜  |     |  ♝  |  ♛  |  ♚  |  ♝  |     |  ♜  |
  +-----+-----+-----+-----+-----+-----+-----+-----+
     a     b     c     d     e     f     g     h    
(15)Entrez le coup : [H[2J[3JTour : white

     a     b     c     d     e     f     g     h    
  +-----+-----+-----+-----+-----+-----+-----+-----+
8 |  ♖  |     |     |     |     |  ♖  |  ♔  |     |
  +-----+-----+-----+-----+-----+-----+-----+-----+
7 |  ♙  |  ♙  |  ♙  |  ♗  |  ♘  |     |  ♙  |  ♙  |
  +-----+-----+-----+-----+-----+-----+-----+-----+
6 |     |     |     |  ♕  |     |  ♙  |  ♟  |     |
  +-----+-----+-----+-----+-----+-----+-----+-----+
5 |     |  ♘  |     |     |     |  ♟  |     |     |
  +-----+-----+-----+-----+-----+-----+-----+-----+
4 |     |     |     |  ♙  |  ♟  |     |     |     |
  +-----+-----+-----+-----+-----+-----+-----+-----+
3 |  ♟  |     |  ♟  |     |     |     |     |     |
  +-----+-----+-----+-----+-----+-----+-----+-----+
2 |     |     |     |     |  ♞  |     |     |  ♟  |
  +-----+-----+-----+-----+-----+-----+-----+-----+
1 |  ♜  |     |  ♝  |  ♛  |  ♚  |  ♝  |     |  ♜  |
  +-----+-----+-----+-----+-----+-----+-----+-----+
     a     b     c     d     e     f     g     h    
(16)Entrez le coup : [H[2J[3JTour : black

     a     b     c     d     e     f     g     h    
  +-----+-----+-----+-----+-----+-----+-----+-----+
8 |  ♖  |     |     |     |     |  ♖  |  ♔  |     |
  +-----+-----+-----+-----+-----+-----+-----+-----+
7 |  ♙  |  ♙  |  ♙  |  ♗  |  ♘  |     |  ♙  |  ♙  |
  +-----+-----+-----+-----+-----+-----+-----+-----+
6 |     |     |     |  ♕  |     |  ♙  |  ♟  |     |
  +-----+-----+-----+-----+-----+-----+-----+-----+
5 |     |  ♘  |     |     |     |  ♟  |     |     |
  +-----+-----+-----+-----+-----+-----+-----+-----+
4 |     |     |     |  ♞  |  ♟  |     |     |     |
  +-----+-----+-----+-----+-----+-----+-----+-----+
3 |  ♟  |     |  ♟  |     |     |     |     |     |
  +-----+-----+-----+-----+-----+-----+-----+-----+
2 |     |     |     |     |     |     |     |  ♟  |
  +-----+-----+-----+-----+-----+-----+-----+-----+
1 |  ♜  |     |  ♝  |  ♛  |  ♚  |  ♝  |     |  ♜  |
  +-----+-----+-----+-----+-----+-----+-----+-----+
     a     b     c     d     e     f     g     h    
(16)Entrez le coup : [H[2J[3JTour : white

     a     b     c     d     e     f     g     h    
  +-----+-----+-----+-----+-----+-----+-----+-----+
8 |  ♖  |     |     |     |     |  ♖  |  ♔  |     |
  +-----+-----+-----+-----+-----+-----+-----+-----+
7 |  ♙  |  ♙  |  ♙  |  ♗  |  ♘  |     |  ♙  |  ♙  |
  +-----+-----+-----+-----+-----+-----+-----+-----+
6 |     |     |     |  ♕  |     |  ♙  |  ♟  |     |
  +-----+-----+-----+-----+-----+-----+-----+-----+
5 |     |     |     |     |     |  ♟  |     |     |
  +-----+-----+-----+-----+-----+-----+-----+-----+
4 |     |     |     |  ♘  |  ♟  |     |     |     |
  +-----+-----+-----+-----+-----+-----+-----+-----+
3 |  ♟  |     |  ♟  |     |     |     |     |     |
  +-----+-----+-----+-----+-----+-----+-----+-----+
2 |     |     |     |     |     |     |     |  ♟  |
  +-----+-----+-----+-----+-----+-----+-----+-----+
1 |  ♜  |     |  ♝  |  ♛  |  ♚  |  ♝  |     |  ♜  |
  +-----+-----+-----+-----+-----+-----+-----+-----+
     a     b     c     d     e     f     g     h    
(17)Entrez le coup : [H[2J[3JTour : black

     a     b     c     d     e     f     g     h    
  +-----+-----+-----+-----+-----+-----+-----+-----+
8 |  ♖  |     |     |     |     |  ♖  |  ♔  |     |
  +-----+-----+-----+-----+-----+-----+-----+-----+
7 |  ♙  |  ♙  |  ♙  |  ♗  |  ♘  |     |  ♙  |  ♙  |
  +-----+-----+-----+-----+-----+-----+-----+-----+
6 |     |     |     |  ♕  |     |  ♙  |  ♟  |     |
  +-----+-----+-----+-----+-----+-----+-----+-----+
5 |     |     |     |     |     |  ♟  |     |  ♛  |
  +-----+-----+-----+-----+-----+-----+-----+-----+
4 |     |     |     |  ♘  |  ♟  |     |     |     |
  +-----+-----+-----+-----+-----+-----+-----+-----+
3 |  ♟  |     |  ♟  |     |     |     |     |     |
  +-----+-----+-----+-----+-----+-----+-----+-----+
2 |     |     |     |     |     |     |     |  ♟  |
  +-----+-----+-----+-----+-----+-----+-----+-----+
1 |  ♜  |     |  ♝  |     |  ♚  |  ♝  |     |  ♜  |
  +-----+-----+-----+-----+-----+-----+-----+-----+
     a     b     c     d     e     f     g     h    
(17)Entrez le coup : Le roi est en échec
[H[2J[3JTour : black

     a     b     c     d     e     f     g     h    
  +-----+-----+-----+-----+-----+-----+-----+-----+
8 |  ♖  |     |     |     |     |  ♖  |  ♔  |     |
  +-----+-----+-----+-----+-----+-----+-----+-----+
7 |  ♙  |  ♙  |  ♙  |  ♗  |  ♘  |     |  ♙  |  ♙  |
  +-----+-----+-----+-----+-----+-----+-----+-----+
6 |     |     |     |  ♕  |     |  ♙  |  ♟  |     |
  +-----+-----+-----+-----+-----+-----+-----+-----+
5 |     |     |     |     |     |  ♟  |     |  ♛  |
  +-----+-----+-----+-----+-----+-----+-----+-----+
4 |     |     |     |  ♘  |  ♟  |     |     |     |
  +-----+-----+-----+-----+-----+-----+-----+-----+
3 |  ♟  |     |  ♟  |     |     |     |     |     |
  +-----+-----+-----+-----+-----+-----+-----+-----+
2 |     |     |     |     |     |     |     |  ♟  |
  +-----+-----+-----+-----+-----+-----+-----+-----+
1 |  ♜  |     |  ♝  |     |  ♚  |  ♝  |     |  ♜  |
  +-----+-----+-----+-----+-----+-----+-----+-----+
     a     b     c     d     e     f     g     h    
(17)Entrez le coup : [H[2J[3JTour : white

     a     b     c     d     e     f     g     h    
  +-----+-----+-----+-----+-----+-----+-----+-----+
8 |  ♖  |     |     |     |     |  ♖  |  ♔  |     |
  +-----+-----+-----+-----+-----+-----+-----+-----+
7 |  ♙  |  ♙  |  ♙  |  ♗  |  ♘  |     |  ♙  |     |
  +-----+-----+-----+-----+-----+-----+-----+-----+
6 |     |     |     |  ♕  |     |  ♙  |  ♟  |  ♙  |
  +-----+-----+-----+-----+-----+-----+-----+-----+
5 |     |     |     |     |     |  ♟  |     |  ♛  |
  +-----+-----+-----+-----+-----+-----+-----+-----+
4 |     |     |     |  ♘  |  ♟  |     |     |     |
  +-----+-----+-----+-----+-----+-----+-----+-----+
3 |  ♟  |     |  ♟  |     |     |     |     |     |
  +-----+-----+-----+-----+-----+-----+-----+-----+
2 |     |     |     |     |     |     |     |  ♟  |
  +-----+-----+-----+-----+-----+-----+-----+-----+
1 |  ♜  |     |  ♝  |     |  ♚  |  ♝  |     |  ♜  |
  +-----+-----+-----+-----+-----+-----+-----+-----+
     a     b     c     d     e     f     g     h    
(18)Entrez le coup : [H[2J[3JTour : black

     a     b     c     d     e     f     g     h    
  +-----+-----+-----+-----+-----+-----+-----+-----+
8 |  ♖  |     |     |     |     |  ♖  |  ♔  |     |
  +-----+-----+-----+-----+-----+-----+-----+-----+
7 |  ♙  |  ♙  |  ♙  |  ♗  |  ♘  |     |  ♙  |     |
  +-----+-----+-----+-----+-----+-----+-----+-----+
6 |     |     |     |  ♕  |     |  ♙  |  ♟  |  ♙  |
  +-----+-----+-----+-----+-----+-----+-----+-----+
5 |     |     |     |     |     |  ♟  |     |  ♛  |
  +-----+-----+-----+-----+-----+-----+-----+-----+
4 |     |     |     |  ♟  |  ♟  |     |     |     |
  +-----+-----+-----+-----+-----+-----+-----+-----+
3 |  ♟  |     |     |     |     |     |     |     |
  +-----+-----+-----+-----+-----+-----+-----+-----+
2 |     |     |     |     |     |     |     |  ♟  |
  +-----+-----+-----+-----+-----+-----+-----+-----+
1 |  ♜  |     |  ♝  |     |  ♚  |  ♝  |     |  ♜  |
  +-----+-----+-----+-----+-----+-----+-----+-----+
     a     b     c     d     e     f     g     h    
(18)Entrez le coup : [H[2J[3JTour : white

     a     b     c     d     e     f     g     h    
  +-----+-----+-----+-----+-----+-----+-----+-----+
8 |  ♖  |     |     |     |     |  ♖  |  ♔  |     |
  +-----+-----+-----+-----+-----+-----+-----+-----+
7 |  ♙  |  ♙  |  ♙  |  ♗  |  ♘  |     |  ♙  |     |
  +-----+-----+-----+-----+-----+-----+-----+-----+
6 |     |     |     |     |     |  ♙  |  ♟  |  ♙  |
  +-----+-----+-----+-----+-----+-----+-----+-----+
5 |     |     |     |     |     |  ♟  |     |  ♛  |
  +-----+-----+-----+-----+-----+-----+-----+-----+
4 |     |     |     |  ♕  |  ♟  |     |     |     |
  +-----+-----+-----+-----+-----+-----+-----+-----+
3 |  ♟  |     |     |     |     |     |     |     |
  +-----+-----+-----+-----+-----+-----+-----+-----+
2 |     |     |     |     |     |     |     |  ♟  |
  +-----+-----+-----+-----+-----+-----+-----+-----+
1 |  ♜  |     |  ♝  |     |  ♚  |  ♝  |     |  ♜  |
  +-----+-----+-----+-----+-----+-----+-----+-----+
     a     b     c     d     e     f     g     h    
(19)Entrez le coup : [H[2J[3JTour : black

     a     b     c     d     e     f     g     h    
  +-----+-----+-----+-----+-----+-----+-----+-----+
8 |  ♖  |     |     |     |     |  ♖  |  ♔  |     |
  +-----+-----+-----+-----+-----+-----+-----+-----+
7 |  ♙  |  ♙  |  ♙  |  ♗  |  ♘  |     |  ♙  |     |
  +-----+-----+-----+-----+-----+-----+-----+-----+
6 |     |     |     |     |     |  ♙  |  ♟  |  ♙  |
  +-----+-----+-----+-----+-----+-----+-----+-----+
5 |     |     |     |     |     |  ♟  |     |  ♛  |
  +-----+-----+-----+-----+-----+-----+-----+-----+
4 |     |     |     |  ♕  |  ♟  |     |     |     |
  +-----+-----+-----+-----+-----+-----+-----+-----+
3 |  ♟  |     |     |     |     |     |     |     |
  +-----+-----+-----+-----+-----+-----+-----+-----+
2 |  ♜  |     |     |     |     |     |     |  ♟  |
  +-----+-----+-----+-----+-----+-----+-----+-----+
1 |     |     |  ♝  |     |  ♚  |  ♝  |     |  ♜  |
  +-----+-----+-----+-----+-----+-----+-----+-----+
     a     b     c     d     e     f     g     h    
(19)Entrez le coup : [H[2J[3JTour : white

     a     b     c     d     e     f     g     h    
  +-----+-----+-----+-----+-----+-----+-----+-----+
8 |  ♖  |     |     |     |     |  ♖  |  ♔  |     |
  +-----+-----+-----+-----+-----+-----+-----+-----+
7 |  ♙  |  ♙  |  ♙  |  ♗  |  ♘  |     |  ♙  |     |
  +-----+-----+-----+-----+-----+-----+-----+-----+
6 |     |     |     |     |     |  ♙  |  ♟  |  ♙  |
  +-----+-----+-----+-----+-----+-----+-----+-----+
5 |     |     |     |     |     |  ♟  |     |  ♛  |
  +-----+-----+-----+-----+-----+-----+-----+-----+
4 |     |     |     |     |  ♕  |     |     |     |
  +-----+-----+-----+-----+-----+-----+-----+-----+
3 |  ♟  |     |     |     |     |     |     |     |
  +-----+-----+-----+-----+-----+-----+-----+-----+
2 |  ♜  |     |     |     |     |     |     |  ♟  |
  +-----+-----+-----+-----+-----+-----+-----+-----+
1 |     |     |  ♝  |     |  ♚  |  ♝  |     |  ♜  |
  +-----+-----+-----+-----+-----+-----+-----+-----+
     a     b     c     d     e     f     g     h    
(20)Entrez le coup : [H[2J[3JTour : black

     a     b     c     d     e     f     g     h    
  +-----+-----+-----+-----+-----+-----+-----+-----+
8 |  ♖  |     |     |     |     |  ♖  |  ♔  |     |
  +-----+-----+-----+-----+-----+-----+-----+-----+
7 |  ♙  |  ♙  |  ♙  |  ♗  |  ♘  |     |  ♙  |     |
  +-----+-----+-----+-----+-----+-----+-----+-----+
6 |     |     |     |     |     |  ♙  |  ♟  |  ♙  |
  +-----+-----+-----+-----+-----+-----+-----+-----+
5 |     |     |     |     |     |  ♟  |     |  ♛  |
  +-----+-----+-----+-----+-----+-----+-----+-----+
4 |     |     |     |     |  ♕  |     |     |     |
  +-----+-----+-----+-----+-----+-----+-----+-----+
3 |  ♟  |     |     |     |     |     |     |     |
  +-----+-----+-----+-----+-----+-----+-----+-----+
2 |     |     |     |     |  ♜  |     |     |  ♟  |
  +-----+-----+-----+-----+-----+-----+-----+-----+
1 |     |     |  ♝  |     |  ♚  |  ♝  |     |  ♜  |
  +-----+-----+-----+-----+-----+-----+-----+-----+
     a     b     c     d     e     f     g     h    
(20)Entrez le coup : [H[2J[3JTour : white

     a     b     c     d     e     f     g     h    
  +-----+-----+-----+-----+-----+-----+-----+-----+
8 |  ♖  |     |     |     |     |  ♖  |  ♔  |     |
  +-----+-----+-----+-----+-----+-----+-----+-----+
7 |  ♙  |  ♙  |  ♙  |  ♗  |  ♘  |     |  ♙  |     |
  +-----+-----+-----+-----+-----+-----+-----+-----+
6 |     |     |     |     |     |  ♙  |  ♟  |  ♙  |
  +-----+-----+-----+-----+-----+-----+-----+-----+
5 |     |     |     |     |     |  ♟  |     |  ♛  |
  +-----+-----+-----+-----+-----+-----+-----+-----+
4 |     |     |     |     |     |     |     |     |
  +-----+-----+-----+-----+-----+-----+-----+-----+
3 |  ♟  |     |     |     |     |     |     |     |
  +-----+-----+-----+-----+-----+-----+-----+-----+
2 |     |     |     |     |  ♜  |     |     |  ♟  |
  +-----+-----+-----+-----+-----+-----+-----+-----+
1 |     |     |  ♝  |     |  ♚  |  ♝  |     |  ♕  |
  +-----+-----+-----+-----+-----+-----+-----+-----+
     a     b     c     d     e     f     g     h    
(21)Entrez le coup : [H[2J[3JTour : black

     a     b     c     d     e     f     g     h    
  +-----+-----+-----+-----+-----+-----+-----+-----+
8 |  ♖  |     |     |     |     |  ♖  |  ♔  |     |
  +-----+-----+-----+-----+-----+-----+-----+-----+
7 |  ♙  |  ♙  |  ♙  |  ♗  |  ♜  |     |  ♙  |     |
  +-----+-----+-----+-----+-----+-----+-----+-----+
6 |     |     |     |     |     |  ♙  |  ♟  |  ♙  |
  +-----+-----+-----+-----+-----+-----+-----+-----+
5 |     |     |     |     |     |  ♟  |     |  ♛  |
  +-----+-----+-----+-----+-----+-----+-----+-----+
4 |     |     |     |     |     |     |     |     |
  +-----+-----+-----+-----+-----+-----+-----+-----+
3 |  ♟  |     |     |     |     |     |     |     |
  +-----+-----+-----+-----+-----+-----+-----+-----+
2 |     |     |     |     |     |     |     |  ♟  |
  +-----+-----+-----+-----+-----+-----+-----+-----+
1 |     |     |  ♝  |     |  ♚  |  ♝  |     |  ♕  |
  +-----+-----+-----+-----+-----+-----+-----+-----+
     a     b     c     d     e     f     g     h    
(21)Entrez le coup : [H[2J[3JTour : white

     a     b     c     d     e     f     g     h    
  +-----+-----+-----+-----+-----+-----+-----+-----+
8 |     |     |     |     |  ♖  |  ♖  |  ♔  |     |
  +-----+-----+-----+-----+-----+-----+-----+-----+
7 |  ♙  |  ♙  |  ♙  |  ♗  |  ♜  |     |  ♙  |     |
  +-----+-----+-----+-----+-----+-----+-----+-----+
6 |     |     |     |     |     |  ♙  |  ♟  |  ♙  |
  +-----+-----+-----+-----+-----+-----+-----+-----+
5 |     |     |     |     |     |  ♟  |     |  ♛  |
  +-----+-----+-----+-----+-----+-----+-----+-----+
4 |     |     |     |     |     |     |     |     |
  +-----+-----+-----+-----+-----+-----+-----+-----+
3 |  ♟  |     |     |     |     |     |     |     |
  +-----+-----+-----+-----+-----+-----+-----+-----+
2 |     |     |     |     |     |     |     |  ♟  |
  +-----+-----+-----+-----+-----+-----+-----+-----+
1 |     |     |  ♝  |     |  ♚  |  ♝  |     |  ♕  |
  +-----+-----+-----+-----+-----+-----+-----+-----+
     a     b     c     d     e     f     g     h    
(22)Entrez le coup : [H[2J[3JTour : black

     a     b     c     d     e     f     g     h    
  +-----+-----+-----+-----+-----+-----+-----+-----+
8 |     |     |     |     |  ♜  |  ♖  |  ♔  |     |
  +-----+-----+-----+-----+-----+-----+-----+-----+
7 |  ♙  |  ♙  |  ♙  |  ♗  |     |     |  ♙  |     |
  +-----+-----+-----+-----+-----+-----+-----+-----+
6 |     |     |     |     |     |  ♙  |  ♟  |  ♙  |
  +-----+-----+-----+-----+-----+-----+-----+-----+
5 |     |     |     |     |     |  ♟  |     |  ♛  |
  +-----+-----+-----+-----+-----+-----+-----+-----+
4 |     |     |     |     |     |     |     |     |
  +-----+-----+-----+-----+-----+-----+-----+-----+
3 |  ♟  |     |     |     |     |     |     |     |
  +-----+-----+-----+-----+-----+-----+-----+-----+
2 |     |     |     |     |     |     |     |  ♟  |
  +-----+-----+-----+-----+-----+-----+-----+-----+
1 |     |     |  ♝  |     |  ♚  |  ♝  |     |  ♕  |
  +-----+-----+-----+-----+-----+-----+-----+-----+
     a     b     c     d     e     f     g     h    
(22)Entrez le coup : [H[2J[3JTour : white

     a     b     c     d     e     f     g     h    
  +-----+-----+-----+-----+-----+-----+-----+-----+
8 |     |     |     |     |  ♖  |     |  ♔  |     |
  +-----+-----+-----+-----+-----+-----+-----+-----+
7 |  ♙  |  ♙  |  ♙  |  ♗  |     |     |  ♙  |     |
  +-----+-----+-----+-----+-----+-----+-----+-----+
6 |     |     |     |     |     |  ♙  |  ♟  |  ♙  |
  +-----+-----+-----+-----+-----+-----+-----+-----+
5 |     |     |     |     |     |  ♟  |     |  ♛  |
  +-----+-----+-----+-----+-----+-----+-----+-----+
4 |     |     |     |     |     |     |     |     |
  +-----+-----+-----+-----+-----+-----+-----+-----+
3 |  ♟  |     |     |     |     |     |     |     |
  +-----+-----+-----+-----+-----+-----+-----+-----+
2 |     |     |     |     |     |     |     |  ♟  |
  +-----+-----+-----+-----+-----+-----+-----+-----+
1 |     |     |  ♝  |     |  ♚  |  ♝  |     |  ♕  |
  +-----+-----+-----+-----+-----+-----+-----+-----+
     a     b     c     d     e     f     g     h    
(23)Entrez le coup : [H[2J[3JTour : black

     a     b     c     d     e     f     g     h    
  +-----+-----+-----+-----+-----+-----+-----+-----+
8 |     |     |     |     |  ♖  |     |  ♔  |     |
  +-----+-----+-----+-----+-----+-----+-----+-----+
7 |  ♙  |  ♙  |  ♙  |  ♗  |     |     |  ♙  |     |
  +-----+-----+-----+-----+-----+-----+-----+-----+
6 |     |     |     |     |     |  ♙  |  ♟  |  ♙  |
  +-----+-----+-----+-----+-----+-----+-----+-----+
5 |     |     |     |     |     |  ♟  |     |  ♛  |
  +-----+-----+-----+-----+-----+-----+-----+-----+
4 |     |     |     |     |     |     |     |     |
  +-----+-----+-----+-----+-----+-----+-----+-----+
3 |  ♟  |     |     |     |     |     |     |     |
  +-----+-----+-----+-----+-----+-----+-----+-----+
2 |     |     |     |     |     |  ♚  |     |  ♟  |
  +-----+-----+-----+-----+-----+-----+-----+-----+
1 |     |     |  ♝  |     |     |  ♝  |     |  ♕  |
  +-----+-----+-----+-----+-----+-----+-----+-----+
     a     b     c     d     e     f     g     h    
(23)Entrez le coup : [H[2J[3JTour : white

     a     b     c     d     e     f     g     h    
  +-----+-----+-----+-----+-----+-----+-----+-----+
8 |     |     |     |     |  ♖  |     |  ♔  |     |
  +-----+-----+-----+-----+-----+-----+-----+-----+
7 |  ♙  |  ♙  |  ♙  |     |     |     |  ♙  |     |
  +-----+-----+-----+-----+-----+-----+-----+-----+
6 |     |     |  ♗  |     |     |  ♙  |  ♟  |  ♙  |
  +-----+-----+-----+-----+-----+-----+-----+-----+
5 |     |     |     |     |     |  ♟  |     |  ♛  |
  +-----+-----+-----+-----+-----+-----+-----+-----+
4 |     |     |     |     |     |     |     |     |
  +-----+-----+-----+-----+-----+-----+-----+-----+
3 |  ♟  |     |     |     |     |     |     |     |
  +-----+-----+-----+-----+-----+-----+-----+-----+
2 |     |     |     |     |     |  ♚  |     |  ♟  |
  +-----+-----+-----+-----+-----+-----+-----+-----+
1 |     |     |  ♝  |     |     |  ♝  |     |  ♕  |
  +-----+-----+-----+-----+-----+-----+-----+-----+
     a     b     c     d     e     f     g     h    
(24)Entrez le coup : [H[2J[3JTour : black

     a     b     c     d     e     f     g     h    
  +-----+-----+-----+-----+-----+-----+-----+-----+
8 |     |     |     |     |  ♖  |     |  ♔  |     |
  +-----+-----+-----+-----+-----+-----+-----+-----+
7 |  ♙  |  ♙  |  ♙  |     |     |     |  ♙  |     |
  +-----+-----+-----+-----+-----+-----+-----+-----+
6 |     |     |  ♗  |     |     |  ♙  |  ♟  |  ♝  |
  +-----+-----+-----+-----+-----+-----+-----+-----+
5 |     |     |     |     |     |  ♟  |     |  ♛  |
  +-----+-----+-----+-----+-----+-----+-----+-----+
4 |     |     |     |     |     |     |     |     |
  +-----+-----+-----+-----+-----+-----+-----+-----+
3 |  ♟  |     |     |     |     |     |     |     |
  +-----+-----+-----+-----+-----+-----+-----+-----+
2 |     |     |     |     |     |  ♚  |     |  ♟  |
  +-----+-----+-----+-----+-----+-----+-----+-----+
1 |     |     |     |     |     |  ♝  |     |  ♕  |
  +-----+-----+-----+-----+-----+-----+-----+-----+
     a     b     c     d     e     f     g     h    
(24)Entrez le coup : [H[2J[3JTour : white

     a     b     c     d     e     f     g     h    
  +-----+-----+-----+-----+-----+-----+-----+-----+
8 |     |     |     |     |  ♖  |     |  ♔  |     |
  +-----+-----+-----+-----+-----+-----+-----+-----+
7 |  ♙  |  ♙  |  ♙  |     |     |     |     |     |
  +-----+-----+-----+-----+-----+-----+-----+-----+
6 |     |     |  ♗  |     |     |  ♙  |  ♟  |  ♙  |
  +-----+-----+-----+-----+-----+-----+-----+-----+
5 |     |     |     |     |     |  ♟  |     |  ♛  |
  +-----+-----+-----+-----+-----+-----+-----+-----+
4 |     |     |     |     |     |     |     |     |
  +-----+-----+-----+-----+-----+-----+-----+-----+
3 |  ♟  |     |     |     |     |     |     |     |
  +-----+-----+-----+-----+-----+-----+-----+-----+
2 |     |     |     |     |     |  ♚  |     |  ♟  |
  +-----+-----+-----+-----+-----+-----+-----+-----+
1 |     |     |     |     |     |  ♝  |     |  ♕  |
  +-----+-----+-----+-----+-----+-----+-----+-----+
     a     b     c     d     e     f     g     h    
(25)Entrez le coup : [H[2J[3JTour : black

     a     b     c     d     e     f     g     h    
  +-----+-----+-----+-----+-----+-----+-----+-----+
8 |     |     |     |     |  ♖  |     |  ♔  |     |
  +-----+-----+-----+-----+-----+-----+-----+-----+
7 |  ♙  |  ♙  |  ♙  |     |     |     |     |     |
  +-----+-----+-----+-----+-----+-----+-----+-----+
6 |     |     |  ♗  |     |     |  ♙  |  ♟  |  ♙  |
  +-----+-----+-----+-----+-----+-----+-----+-----+
5 |     |     |     |     |     |  ♟  |     |  ♛  |
  +-----+-----+-----+-----+-----+-----+-----+-----+
4 |     |     |  ♝  |     |     |     |     |     |
  +-----+-----+-----+-----+-----+-----+-----+-----+
3 |  ♟  |     |     |     |     |     |     |     |
  +-----+-----+-----+-----+-----+-----+-----+-----+
2 |     |     |     |     |     |  ♚  |     |  ♟  |
  +-----+-----+-----+-----+-----+-----+-----+-----+
1 |     |     |     |     |     |     |     |  ♕  |
  +-----+-----+-----+-----+-----+-----+-----+-----+
     a     b     c     d     e     f     g     h    
(25)Entrez le coup : [H[2J[3JTour : white

     a     b     c     d     e     f     g     h    
  +-----+-----+-----+-----+-----+-----+-----+-----+
8 |     |     |     |     |  ♖  |     |     |  ♔  |
  +-----+-----+-----+-----+-----+-----+-----+-----+
7 |  ♙  |  ♙  |  ♙  |     |     |     |     |     |
  +-----+-----+-----+-----+-----+-----+-----+-----+
6 |     |     |  ♗  |     |     |  ♙  |  ♟  |  ♙  |
  +-----+-----+-----+-----+-----+-----+-----+-----+
5 |     |     |     |     |     |  ♟  |     |  ♛  |
  +-----+-----+-----+-----+-----+-----+-----+-----+
4 |     |     |  ♝  |     |     |     |     |     |
  +-----+-----+-----+-----+-----+-----+-----+-----+
3 |  ♟  |     |     |     |     |     |     |     |
  +-----+-----+-----+-----+-----+-----+-----+-----+
2 |     |     |     |     |     |  ♚  |     |  ♟  |
  +-----+-----+-----+-----+-----+-----+-----+-----+
1 |     |     |     |     |     |     |     |  ♕  |
  +-----+-----+-----+-----+-----+-----+-----+-----+
     a     b     c     d     e     f     g     h    
(26)Entrez le coup : Echec et mat

,,,,,,,bQ,,,,,,wK,,wP,wP,,,,,,,,,,wB,,,,,,,,,,,wP,,,,,bB,,,bP,wP,wQ,bP,bP,bP,,,,,,,,,,bR,,,bK, 1-0
  -> [0;32mreference position: OK[0m
  -> [0;32mreference result: OK[0m
  -> [0m(exit code=0)
data/4-leg-mat-berger.txt
[H[2J[3JTour : white

     a     b     c     d     e     f     g     h    
  +-----+-----+-----+-----+-----+-----+-----+-----+
8 |  ♖  |  ♘  |  ♗  |  ♕  |  ♔  |  ♗  |  ♘  |  ♖  |
  +-----+-----+-----+-----+-----+-----+-----+-----+
7 |  ♙  |  ♙  |  ♙  |  ♙  |  ♙  |  ♙  |  ♙  |  ♙  |
  +-----+-----+-----+-----+-----+-----+-----+-----+
6 |     |     |     |     |     |     |     |     |
  +-----+-----+-----+-----+-----+-----+-----+-----+
5 |     |     |     |     |     |     |     |     |
  +-----+-----+-----+-----+-----+-----+-----+-----+
4 |     |     |     |     |     |     |     |     |
  +-----+-----+-----+-----+-----+-----+-----+-----+
3 |     |     |     |     |     |     |     |     |
  +-----+-----+-----+-----+-----+-----+-----+-----+
2 |  ♟  |  ♟  |  ♟  |  ♟  |  ♟  |  ♟  |  ♟  |  ♟  |
  +-----+-----+-----+-----+-----+-----+-----+-----+
1 |  ♜  |  ♞  |  ♝  |  ♛  |  ♚  |  ♝  |  ♞  |  ♜  |
  +-----+-----+-----+-----+-----+-----+-----+-----+
     a     b     c     d     e     f     g     h    
(1)Entrez le coup : [H[2J[3JTour : black

     a     b     c     d     e     f     g     h    
  +-----+-----+-----+-----+-----+-----+-----+-----+
8 |  ♖  |  ♘  |  ♗  |  ♕  |  ♔  |  ♗  |  ♘  |  ♖  |
  +-----+-----+-----+-----+-----+-----+-----+-----+
7 |  ♙  |  ♙  |  ♙  |  ♙  |  ♙  |  ♙  |  ♙  |  ♙  |
  +-----+-----+-----+-----+-----+-----+-----+-----+
6 |     |     |     |     |     |     |     |     |
  +-----+-----+-----+-----+-----+-----+-----+-----+
5 |     |     |     |     |     |     |     |     |
  +-----+-----+-----+-----+-----+-----+-----+-----+
4 |     |     |     |     |  ♟  |     |     |     |
  +-----+-----+-----+-----+-----+-----+-----+-----+
3 |     |     |     |     |     |     |     |     |
  +-----+-----+-----+-----+-----+-----+-----+-----+
2 |  ♟  |  ♟  |  ♟  |  ♟  |     |  ♟  |  ♟  |  ♟  |
  +-----+-----+-----+-----+-----+-----+-----+-----+
1 |  ♜  |  ♞  |  ♝  |  ♛  |  ♚  |  ♝  |  ♞  |  ♜  |
  +-----+-----+-----+-----+-----+-----+-----+-----+
     a     b     c     d     e     f     g     h    
(1)Entrez le coup : [H[2J[3JTour : white

     a     b     c     d     e     f     g     h    
  +-----+-----+-----+-----+-----+-----+-----+-----+
8 |  ♖  |  ♘  |  ♗  |  ♕  |  ♔  |  ♗  |  ♘  |  ♖  |
  +-----+-----+-----+-----+-----+-----+-----+-----+
7 |  ♙  |  ♙  |  ♙  |  ♙  |     |  ♙  |  ♙  |  ♙  |
  +-----+-----+-----+-----+-----+-----+-----+-----+
6 |     |     |     |     |     |     |     |     |
  +-----+-----+-----+-----+-----+-----+-----+-----+
5 |     |     |     |     |  ♙  |     |     |     |
  +-----+-----+-----+-----+-----+-----+-----+-----+
4 |     |     |     |     |  ♟  |     |     |     |
  +-----+-----+-----+-----+-----+-----+-----+-----+
3 |     |     |     |     |     |     |     |     |
  +-----+-----+-----+-----+-----+-----+-----+-----+
2 |  ♟  |  ♟  |  ♟  |  ♟  |     |  ♟  |  ♟  |  ♟  |
  +-----+-----+-----+-----+-----+-----+-----+-----+
1 |  ♜  |  ♞  |  ♝  |  ♛  |  ♚  |  ♝  |  ♞  |  ♜  |
  +-----+-----+-----+-----+-----+-----+-----+-----+
     a     b     c     d     e     f     g     h    
(2)Entrez le coup : [H[2J[3JTour : black

     a     b     c     d     e     f     g     h    
  +-----+-----+-----+-----+-----+-----+-----+-----+
8 |  ♖  |  ♘  |  ♗  |  ♕  |  ♔  |  ♗  |  ♘  |  ♖  |
  +-----+-----+-----+-----+-----+-----+-----+-----+
7 |  ♙  |  ♙  |  ♙  |  ♙  |     |  ♙  |  ♙  |  ♙  |
  +-----+-----+-----+-----+-----+-----+-----+-----+
6 |     |     |     |     |     |     |     |     |
  +-----+-----+-----+-----+-----+-----+-----+-----+
5 |     |     |     |     |  ♙  |     |     |     |
  +-----+-----+-----+-----+-----+-----+-----+-----+
4 |     |     |  ♝  |     |  ♟  |     |     |     |
  +-----+-----+-----+-----+-----+-----+-----+-----+
3 |     |     |     |     |     |     |     |     |
  +-----+-----+-----+-----+-----+-----+-----+-----+
2 |  ♟  |  ♟  |  ♟  |  ♟  |     |  ♟  |  ♟  |  ♟  |
  +-----+-----+-----+-----+-----+-----+-----+-----+
1 |  ♜  |  ♞  |  ♝  |  ♛  |  ♚  |     |  ♞  |  ♜  |
  +-----+-----+-----+-----+-----+-----+-----+-----+
     a     b     c     d     e     f     g     h    
(2)Entrez le coup : [H[2J[3JTour : white

     a     b     c     d     e     f     g     h    
  +-----+-----+-----+-----+-----+-----+-----+-----+
8 |  ♖  |  ♘  |  ♗  |  ♕  |  ♔  |     |  ♘  |  ♖  |
  +-----+-----+-----+-----+-----+-----+-----+-----+
7 |  ♙  |  ♙  |  ♙  |  ♙  |     |  ♙  |  ♙  |  ♙  |
  +-----+-----+-----+-----+-----+-----+-----+-----+
6 |     |     |     |     |     |     |     |     |
  +-----+-----+-----+-----+-----+-----+-----+-----+
5 |     |     |  ♗  |     |  ♙  |     |     |     |
  +-----+-----+-----+-----+-----+-----+-----+-----+
4 |     |     |  ♝  |     |  ♟  |     |     |     |
  +-----+-----+-----+-----+-----+-----+-----+-----+
3 |     |     |     |     |     |     |     |     |
  +-----+-----+-----+-----+-----+-----+-----+-----+
2 |  ♟  |  ♟  |  ♟  |  ♟  |     |  ♟  |  ♟  |  ♟  |
  +-----+-----+-----+-----+-----+-----+-----+-----+
1 |  ♜  |  ♞  |  ♝  |  ♛  |  ♚  |     |  ♞  |  ♜  |
  +-----+-----+-----+-----+-----+-----+-----+-----+
     a     b     c     d     e     f     g     h    
(3)Entrez le coup : [H[2J[3JTour : black

     a     b     c     d     e     f     g     h    
  +-----+-----+-----+-----+-----+-----+-----+-----+
8 |  ♖  |  ♘  |  ♗  |  ♕  |  ♔  |     |  ♘  |  ♖  |
  +-----+-----+-----+-----+-----+-----+-----+-----+
7 |  ♙  |  ♙  |  ♙  |  ♙  |     |  ♙  |  ♙  |  ♙  |
  +-----+-----+-----+-----+-----+-----+-----+-----+
6 |     |     |     |     |     |     |     |     |
  +-----+-----+-----+-----+-----+-----+-----+-----+
5 |     |     |  ♗  |     |  ♙  |     |     |  ♛  |
  +-----+-----+-----+-----+-----+-----+-----+-----+
4 |     |     |  ♝  |     |  ♟  |     |     |     |
  +-----+-----+-----+-----+-----+-----+-----+-----+
3 |     |     |     |     |     |     |     |     |
  +-----+-----+-----+-----+-----+-----+-----+-----+
2 |  ♟  |  ♟  |  ♟  |  ♟  |     |  ♟  |  ♟  |  ♟  |
  +-----+-----+-----+-----+-----+-----+-----+-----+
1 |  ♜  |  ♞  |  ♝  |     |  ♚  |     |  ♞  |  ♜  |
  +-----+-----+-----+-----+-----+-----+-----+-----+
     a     b     c     d     e     f     g     h    
(3)Entrez le coup : [H[2J[3JTour : white

     a     b     c     d     e     f     g     h    
  +-----+-----+-----+-----+-----+-----+-----+-----+
8 |  ♖  |     |  ♗  |  ♕  |  ♔  |     |  ♘  |  ♖  |
  +-----+-----+-----+-----+-----+-----+-----+-----+
7 |  ♙  |  ♙  |  ♙  |  ♙  |     |  ♙  |  ♙  |  ♙  |
  +-----+-----+-----+-----+-----+-----+-----+-----+
6 |     |     |  ♘  |     |     |     |     |     |
  +-----+-----+-----+-----+-----+-----+-----+-----+
5 |     |     |  ♗  |     |  ♙  |     |     |  ♛  |
  +-----+-----+-----+-----+-----+-----+-----+-----+
4 |     |     |  ♝  |     |  ♟  |     |     |     |
  +-----+-----+-----+-----+-----+-----+-----+-----+
3 |     |     |     |     |     |     |     |     |
  +-----+-----+-----+-----+-----+-----+-----+-----+
2 |  ♟  |  ♟  |  ♟  |  ♟  |     |  ♟  |  ♟  |  ♟  |
  +-----+-----+-----+-----+-----+-----+-----+-----+
1 |  ♜  |  ♞  |  ♝  |     |  ♚  |     |  ♞  |  ♜  |
  +-----+-----+-----+-----+-----+-----+-----+-----+
     a     b     c     d     e     f     g     h    
(4)Entrez le coup : Echec et mat

wR,wN,wB,,wK,,wN,wR,wP,wP,wP,wP,,wP,wP,wP,,,,,,,,,,,wB,,wP,,,,,,bB,,bP,,,,,,bN,,,,,,bP,bP,bP,bP,,wQ,bP,bP,bR,,bB,bQ,bK,,bN,bR, 1-0
  -> [0;32mreference position: OK[0m
  -> [0;32mreference result: OK[0m
  -> [0m(exit code=0)
data/4-leg-mat-decouv.txt
[H[2J[3JTour : white

     a     b     c     d     e     f     g     h    
  +-----+-----+-----+-----+-----+-----+-----+-----+
8 |  ♖  |  ♘  |  ♗  |  ♕  |  ♔  |  ♗  |  ♘  |  ♖  |
  +-----+-----+-----+-----+-----+-----+-----+-----+
7 |  ♙  |  ♙  |  ♙  |  ♙  |  ♙  |  ♙  |  ♙  |  ♙  |
  +-----+-----+-----+-----+-----+-----+-----+-----+
6 |     |     |     |     |     |     |     |     |
  +-----+-----+-----+-----+-----+-----+-----+-----+
5 |     |     |     |     |     |     |     |     |
  +-----+-----+-----+-----+-----+-----+-----+-----+
4 |     |     |     |     |     |     |     |     |
  +-----+-----+-----+-----+-----+-----+-----+-----+
3 |     |     |     |     |     |     |     |     |
  +-----+-----+-----+-----+-----+-----+-----+-----+
2 |  ♟  |  ♟  |  ♟  |  ♟  |  ♟  |  ♟  |  ♟  |  ♟  |
  +-----+-----+-----+-----+-----+-----+-----+-----+
1 |  ♜  |  ♞  |  ♝  |  ♛  |  ♚  |  ♝  |  ♞  |  ♜  |
  +-----+-----+-----+-----+-----+-----+-----+-----+
     a     b     c     d     e     f     g     h    
(1)Entrez le coup : [H[2J[3JTour : black

     a     b     c     d     e     f     g     h    
  +-----+-----+-----+-----+-----+-----+-----+-----+
8 |  ♖  |  ♘  |  ♗  |  ♕  |  ♔  |  ♗  |  ♘  |  ♖  |
  +-----+-----+-----+-----+-----+-----+-----+-----+
7 |  ♙  |  ♙  |  ♙  |  ♙  |  ♙  |  ♙  |  ♙  |  ♙  |
  +-----+-----+-----+-----+-----+-----+-----+-----+
6 |     |     |     |     |     |     |     |     |
  +-----+-----+-----+-----+-----+-----+-----+-----+
5 |     |     |     |     |     |     |     |     |
  +-----+-----+-----+-----+-----+-----+-----+-----+
4 |     |     |     |     |  ♟  |     |     |     |
  +-----+-----+-----+-----+-----+-----+-----+-----+
3 |     |     |     |     |     |     |     |     |
  +-----+-----+-----+-----+-----+-----+-----+-----+
2 |  ♟  |  ♟  |  ♟  |  ♟  |     |  ♟  |  ♟  |  ♟  |
  +-----+-----+-----+-----+-----+-----+-----+-----+
1 |  ♜  |  ♞  |  ♝  |  ♛  |  ♚  |  ♝  |  ♞  |  ♜  |
  +-----+-----+-----+-----+-----+-----+-----+-----+
     a     b     c     d     e     f     g     h    
(1)Entrez le coup : [H[2J[3JTour : white

     a     b     c     d     e     f     g     h    
  +-----+-----+-----+-----+-----+-----+-----+-----+
8 |  ♖  |  ♘  |  ♗  |  ♕  |  ♔  |  ♗  |  ♘  |  ♖  |
  +-----+-----+-----+-----+-----+-----+-----+-----+
7 |  ♙  |  ♙  |  ♙  |  ♙  |     |  ♙  |  ♙  |  ♙  |
  +-----+-----+-----+-----+-----+-----+-----+-----+
6 |     |     |     |     |     |     |     |     |
  +-----+-----+-----+-----+-----+-----+-----+-----+
5 |     |     |     |     |  ♙  |     |     |     |
  +-----+-----+-----+-----+-----+-----+-----+-----+
4 |     |     |     |     |  ♟  |     |     |     |
  +-----+-----+-----+-----+-----+-----+-----+-----+
3 |     |     |     |     |     |     |     |     |
  +-----+-----+-----+-----+-----+-----+-----+-----+
2 |  ♟  |  ♟  |  ♟  |  ♟  |     |  ♟  |  ♟  |  ♟  |
  +-----+-----+-----+-----+-----+-----+-----+-----+
1 |  ♜  |  ♞  |  ♝  |  ♛  |  ♚  |  ♝  |  ♞  |  ♜  |
  +-----+-----+-----+-----+-----+-----+-----+-----+
     a     b     c     d     e     f     g     h    
(2)Entrez le coup : [H[2J[3JTour : black

     a     b     c     d     e     f     g     h    
  +-----+-----+-----+-----+-----+-----+-----+-----+
8 |  ♖  |  ♘  |  ♗  |  ♕  |  ♔  |  ♗  |  ♘  |  ♖  |
  +-----+-----+-----+-----+-----+-----+-----+-----+
7 |  ♙  |  ♙  |  ♙  |  ♙  |     |  ♙  |  ♙  |  ♙  |
  +-----+-----+-----+-----+-----+-----+-----+-----+
6 |     |     |     |     |     |     |     |     |
  +-----+-----+-----+-----+-----+-----+-----+-----+
5 |     |     |     |     |  ♙  |     |     |  ♛  |
  +-----+-----+-----+-----+-----+-----+-----+-----+
4 |     |     |     |     |  ♟  |     |     |     |
  +-----+-----+-----+-----+-----+-----+-----+-----+
3 |     |     |     |     |     |     |     |     |
  +-----+-----+-----+-----+-----+-----+-----+-----+
2 |  ♟  |  ♟  |  ♟  |  ♟  |     |  ♟  |  ♟  |  ♟  |
  +-----+-----+-----+-----+-----+-----+-----+-----+
1 |  ♜  |  ♞  |  ♝  |     |  ♚  |  ♝  |  ♞  |  ♜  |
  +-----+-----+-----+-----+-----+-----+-----+-----+
     a     b     c     d     e     f     g     h    
(2)Entrez le coup : [H[2J[3JTour : white

     a     b     c     d     e     f     g     h    
  +-----+-----+-----+-----+-----+-----+-----+-----+
8 |  ♖  |  ♘  |  ♗  |  ♕  |  ♔  |  ♗  |  ♘  |  ♖  |
  +-----+-----+-----+-----+-----+-----+-----+-----+
7 |  ♙  |  ♙  |  ♙  |  ♙  |     |  ♙  |     |  ♙  |
  +-----+-----+-----+-----+-----+-----+-----+-----+
6 |     |     |     |     |     |     |  ♙  |     |
  +-----+-----+-----+-----+-----+-----+-----+-----+
5 |     |     |     |     |  ♙  |     |     |  ♛  |
  +-----+-----+-----+-----+-----+-----+-----+-----+
4 |     |     |     |     |  ♟  |     |     |     |
  +-----+-----+-----+-----+-----+-----+-----+-----+
3 |     |     |     |     |     |     |     |     |
  +-----+-----+-----+-----+-----+-----+-----+-----+
2 |  ♟  |  ♟  |  ♟  |  ♟  |     |  ♟  |  ♟  |  ♟  |
  +-----+-----+-----+-----+-----+-----+-----+-----+
1 |  ♜  |  ♞  |  ♝  |     |  ♚  |  ♝  |  ♞  |  ♜  |
  +-----+-----+-----+-----+-----+-----+-----+-----+
     a     b     c     d     e     f     g     h    
(3)Entrez le coup : [H[2J[3JTour : black

     a     b     c     d     e     f     g     h    
  +-----+-----+-----+-----+-----+-----+-----+-----+
8 |  ♖  |  ♘  |  ♗  |  ♕  |  ♔  |  ♗  |  ♘  |  ♖  |
  +-----+-----+-----+-----+-----+-----+-----+-----+
7 |  ♙  |  ♙  |  ♙  |  ♙  |     |  ♙  |     |  ♙  |
  +-----+-----+-----+-----+-----+-----+-----+-----+
6 |     |     |     |     |     |     |  ♙  |     |
  +-----+-----+-----+-----+-----+-----+-----+-----+
5 |     |     |     |     |  ♙  |     |     |     |
  +-----+-----+-----+-----+-----+-----+-----+-----+
4 |     |     |     |     |  ♟  |     |     |     |
  +-----+-----+-----+-----+-----+-----+-----+-----+
3 |     |     |     |     |     |  ♛  |     |     |
  +-----+-----+-----+-----+-----+-----+-----+-----+
2 |  ♟  |  ♟  |  ♟  |  ♟  |     |  ♟  |  ♟  |  ♟  |
  +-----+-----+-----+-----+-----+-----+-----+-----+
1 |  ♜  |  ♞  |  ♝  |     |  ♚  |  ♝  |  ♞  |  ♜  |
  +-----+-----+-----+-----+-----+-----+-----+-----+
     a     b     c     d     e     f     g     h    
(3)Entrez le coup : [H[2J[3JTour : white

     a     b     c     d     e     f     g     h    
  +-----+-----+-----+-----+-----+-----+-----+-----+
8 |  ♖  |  ♘  |  ♗  |  ♕  |  ♔  |     |  ♘  |  ♖  |
  +-----+-----+-----+-----+-----+-----+-----+-----+
7 |  ♙  |  ♙  |  ♙  |  ♙  |     |  ♙  |  ♗  |  ♙  |
  +-----+-----+-----+-----+-----+-----+-----+-----+
6 |     |     |     |     |     |     |  ♙  |     |
  +-----+-----+-----+-----+-----+-----+-----+-----+
5 |     |     |     |     |  ♙  |     |     |     |
  +-----+-----+-----+-----+-----+-----+-----+-----+
4 |     |     |     |     |  ♟  |     |     |     |
  +-----+-----+-----+-----+-----+-----+-----+-----+
3 |     |     |     |     |     |  ♛  |     |     |
  +-----+-----+-----+-----+-----+-----+-----+-----+
2 |  ♟  |  ♟  |  ♟  |  ♟  |     |  ♟  |  ♟  |  ♟  |
  +-----+-----+-----+-----+-----+-----+-----+-----+
1 |  ♜  |  ♞  |  ♝  |     |  ♚  |  ♝  |  ♞  |  ♜  |
  +-----+-----+-----+-----+-----+-----+-----+-----+
     a     b     c     d     e     f     g     h    
(4)Entrez le coup : [H[2J[3JTour : black

     a     b     c     d     e     f     g     h    
  +-----+-----+-----+-----+-----+-----+-----+-----+
8 |  ♖  |  ♘  |  ♗  |  ♕  |  ♔  |     |  ♘  |  ♖  |
  +-----+-----+-----+-----+-----+-----+-----+-----+
7 |  ♙  |  ♙  |  ♙  |  ♙  |     |  ♙  |  ♗  |  ♙  |
  +-----+-----+-----+-----+-----+-----+-----+-----+
6 |     |     |     |     |     |     |  ♙  |     |
  +-----+-----+-----+-----+-----+-----+-----+-----+
5 |     |     |     |     |  ♙  |     |     |     |
  +-----+-----+-----+-----+-----+-----+-----+-----+
4 |     |     |  ♝  |     |  ♟  |     |     |     |
  +-----+-----+-----+-----+-----+-----+-----+-----+
3 |     |     |     |     |     |  ♛  |     |     |
  +-----+-----+-----+-----+-----+-----+-----+-----+
2 |  ♟  |  ♟  |  ♟  |  ♟  |     |  ♟  |  ♟  |  ♟  |
  +-----+-----+-----+-----+-----+-----+-----+-----+
1 |  ♜  |  ♞  |  ♝  |     |  ♚  |     |  ♞  |  ♜  |
  +-----+-----+-----+-----+-----+-----+-----+-----+
     a     b     c     d     e     f     g     h    
(4)Entrez le coup : [H[2J[3JTour : white

     a     b     c     d     e     f     g     h    
  +-----+-----+-----+-----+-----+-----+-----+-----+
8 |  ♖  |  ♘  |  ♗  |  ♕  |  ♔  |     |     |  ♖  |
  +-----+-----+-----+-----+-----+-----+-----+-----+
7 |  ♙  |  ♙  |  ♙  |  ♙  |  ♘  |  ♙  |  ♗  |  ♙  |
  +-----+-----+-----+-----+-----+-----+-----+-----+
6 |     |     |     |     |     |     |  ♙  |     |
  +-----+-----+-----+-----+-----+-----+-----+-----+
5 |     |     |     |     |  ♙  |     |     |     |
  +-----+-----+-----+-----+-----+-----+-----+-----+
4 |     |     |  ♝  |     |  ♟  |     |     |     |
  +-----+-----+-----+-----+-----+-----+-----+-----+
3 |     |     |     |     |     |  ♛  |     |     |
  +-----+-----+-----+-----+-----+-----+-----+-----+
2 |  ♟  |  ♟  |  ♟  |  ♟  |     |  ♟  |  ♟  |  ♟  |
  +-----+-----+-----+-----+-----+-----+-----+-----+
1 |  ♜  |  ♞  |  ♝  |     |  ♚  |     |  ♞  |  ♜  |
  +-----+-----+-----+-----+-----+-----+-----+-----+
     a     b     c     d     e     f     g     h    
(5)Entrez le coup : [H[2J[3JTour : black

     a     b     c     d     e     f     g     h    
  +-----+-----+-----+-----+-----+-----+-----+-----+
8 |  ♖  |  ♘  |  ♗  |  ♕  |  ♔  |     |     |  ♖  |
  +-----+-----+-----+-----+-----+-----+-----+-----+
7 |  ♙  |  ♙  |  ♙  |  ♙  |  ♘  |  ♝  |  ♗  |  ♙  |
  +-----+-----+-----+-----+-----+-----+-----+-----+
6 |     |     |     |     |     |     |  ♙  |     |
  +-----+-----+-----+-----+-----+-----+-----+-----+
5 |     |     |     |     |  ♙  |     |     |     |
  +-----+-----+-----+-----+-----+-----+-----+-----+
4 |     |     |     |     |  ♟  |     |     |     |
  +-----+-----+-----+-----+-----+-----+-----+-----+
3 |     |     |     |     |     |  ♛  |     |     |
  +-----+-----+-----+-----+-----+-----+-----+-----+
2 |  ♟  |  ♟  |  ♟  |  ♟  |     |  ♟  |  ♟  |  ♟  |
  +-----+-----+-----+-----+-----+-----+-----+-----+
1 |  ♜  |  ♞  |  ♝  |     |  ♚  |     |  ♞  |  ♜  |
  +-----+-----+-----+-----+-----+-----+-----+-----+
     a     b     c     d     e     f     g     h    
(5)Entrez le coup : [H[2J[3JTour : white

     a     b     c     d     e     f     g     h    
  +-----+-----+-----+-----+-----+-----+-----+-----+
8 |  ♖  |  ♘  |  ♗  |  ♕  |     |  ♔  |     |  ♖  |
  +-----+-----+-----+-----+-----+-----+-----+-----+
7 |  ♙  |  ♙  |  ♙  |  ♙  |  ♘  |  ♝  |  ♗  |  ♙  |
  +-----+-----+-----+-----+-----+-----+-----+-----+
6 |     |     |     |     |     |     |  ♙  |     |
  +-----+-----+-----+-----+-----+-----+-----+-----+
5 |     |     |     |     |  ♙  |     |     |     |
  +-----+-----+-----+-----+-----+-----+-----+-----+
4 |     |     |     |     |  ♟  |     |     |     |
  +-----+-----+-----+-----+-----+-----+-----+-----+
3 |     |     |     |     |     |  ♛  |     |     |
  +-----+-----+-----+-----+-----+-----+-----+-----+
2 |  ♟  |  ♟  |  ♟  |  ♟  |     |  ♟  |  ♟  |  ♟  |
  +-----+-----+-----+-----+-----+-----+-----+-----+
1 |  ♜  |  ♞  |  ♝  |     |  ♚  |     |  ♞  |  ♜  |
  +-----+-----+-----+-----+-----+-----+-----+-----+
     a     b     c     d     e     f     g     h    
(6)Entrez le coup : [H[2J[3JTour : black

     a     b     c     d     e     f     g     h    
  +-----+-----+-----+-----+-----+-----+-----+-----+
8 |  ♖  |  ♘  |  ♗  |  ♕  |     |  ♔  |     |  ♖  |
  +-----+-----+-----+-----+-----+-----+-----+-----+
7 |  ♙  |  ♙  |  ♙  |  ♙  |  ♘  |     |  ♗  |  ♙  |
  +-----+-----+-----+-----+-----+-----+-----+-----+
6 |     |     |     |     |     |     |  ♝  |     |
  +-----+-----+-----+-----+-----+-----+-----+-----+
5 |     |     |     |     |  ♙  |     |     |     |
  +-----+-----+-----+-----+-----+-----+-----+-----+
4 |     |     |     |     |  ♟  |     |     |     |
  +-----+-----+-----+-----+-----+-----+-----+-----+
3 |     |     |     |     |     |  ♛  |     |     |
  +-----+-----+-----+-----+-----+-----+-----+-----+
2 |  ♟  |  ♟  |  ♟  |  ♟  |     |  ♟  |  ♟  |  ♟  |
  +-----+-----+-----+-----+-----+-----+-----+-----+
1 |  ♜  |  ♞  |  ♝  |     |  ♚  |     |  ♞  |  ♜  |
  +-----+-----+-----+-----+-----+-----+-----+-----+
     a     b     c     d     e     f     g     h    
(6)Entrez le coup : Le roi est en échec
[H[2J[3JTour : black

     a     b     c     d     e     f     g     h    
  +-----+-----+-----+-----+-----+-----+-----+-----+
8 |  ♖  |  ♘  |  ♗  |  ♕  |     |  ♔  |     |  ♖  |
  +-----+-----+-----+-----+-----+-----+-----+-----+
7 |  ♙  |  ♙  |  ♙  |  ♙  |  ♘  |     |  ♗  |  ♙  |
  +-----+-----+-----+-----+-----+-----+-----+-----+
6 |     |     |     |     |     |     |  ♝  |     |
  +-----+-----+-----+-----+-----+-----+-----+-----+
5 |     |     |     |     |  ♙  |     |     |     |
  +-----+-----+-----+-----+-----+-----+-----+-----+
4 |     |     |     |     |  ♟  |     |     |     |
  +-----+-----+-----+-----+-----+-----+-----+-----+
3 |     |     |     |     |     |  ♛  |     |     |
  +-----+-----+-----+-----+-----+-----+-----+-----+
2 |  ♟  |  ♟  |  ♟  |  ♟  |     |  ♟  |  ♟  |  ♟  |
  +-----+-----+-----+-----+-----+-----+-----+-----+
1 |  ♜  |  ♞  |  ♝  |     |  ♚  |     |  ♞  |  ♜  |
  +-----+-----+-----+-----+-----+-----+-----+-----+
     a     b     c     d     e     f     g     h    
(6)Entrez le coup : [H[2J[3JTour : white

     a     b     c     d     e     f     g     h    
  +-----+-----+-----+-----+-----+-----+-----+-----+
8 |  ♖  |  ♘  |  ♗  |  ♕  |     |  ♔  |     |  ♖  |
  +-----+-----+-----+-----+-----+-----+-----+-----+
7 |  ♙  |  ♙  |  ♙  |  ♙  |     |     |  ♗  |  ♙  |
  +-----+-----+-----+-----+-----+-----+-----+-----+
6 |     |     |     |     |     |     |  ♝  |     |
  +-----+-----+-----+-----+-----+-----+-----+-----+
5 |     |     |     |     |  ♙  |  ♘  |     |     |
  +-----+-----+-----+-----+-----+-----+-----+-----+
4 |     |     |     |     |  ♟  |     |     |     |
  +-----+-----+-----+-----+-----+-----+-----+-----+
3 |     |     |     |     |     |  ♛  |     |     |
  +-----+-----+-----+-----+-----+-----+-----+-----+
2 |  ♟  |  ♟  |  ♟  |  ♟  |     |  ♟  |  ♟  |  ♟  |
  +-----+-----+-----+-----+-----+-----+-----+-----+
1 |  ♜  |  ♞  |  ♝  |     |  ♚  |     |  ♞  |  ♜  |
  +-----+-----+-----+-----+-----+-----+-----+-----+
     a     b     c     d     e     f     g     h    
(7)Entrez le coup : [H[2J[3JTour : black

     a     b     c     d     e     f     g     h    
  +-----+-----+-----+-----+-----+-----+-----+-----+
8 |  ♖  |  ♘  |  ♗  |  ♕  |     |  ♔  |     |  ♖  |
  +-----+-----+-----+-----+-----+-----+-----+-----+
7 |  ♙  |  ♙  |  ♙  |  ♙  |     |     |  ♗  |  ♙  |
  +-----+-----+-----+-----+-----+-----+-----+-----+
6 |     |     |     |     |     |     |  ♝  |     |
  +-----+-----+-----+-----+-----+-----+-----+-----+
5 |     |     |     |     |  ♙  |  ♛  |     |     |
  +-----+-----+-----+-----+-----+-----+-----+-----+
4 |     |     |     |     |  ♟  |     |     |     |
  +-----+-----+-----+-----+-----+-----+-----+-----+
3 |     |     |     |     |     |     |     |     |
  +-----+-----+-----+-----+-----+-----+-----+-----+
2 |  ♟  |  ♟  |  ♟  |  ♟  |     |  ♟  |  ♟  |  ♟  |
  +-----+-----+-----+-----+-----+-----+-----+-----+
1 |  ♜  |  ♞  |  ♝  |     |  ♚  |     |  ♞  |  ♜  |
  +-----+-----+-----+-----+-----+-----+-----+-----+
     a     b     c     d     e     f     g     h    
(7)Entrez le coup : [H[2J[3JTour : white

     a     b     c     d     e     f     g     h    
  +-----+-----+-----+-----+-----+-----+-----+-----+
8 |  ♖  |  ♘  |  ♗  |  ♕  |     |     |  ♔  |  ♖  |
  +-----+-----+-----+-----+-----+-----+-----+-----+
7 |  ♙  |  ♙  |  ♙  |  ♙  |     |     |  ♗  |  ♙  |
  +-----+-----+-----+-----+-----+-----+-----+-----+
6 |     |     |     |     |     |     |  ♝  |     |
  +-----+-----+-----+-----+-----+-----+-----+-----+
5 |     |     |     |     |  ♙  |  ♛  |     |     |
  +-----+-----+-----+-----+-----+-----+-----+-----+
4 |     |     |     |     |  ♟  |     |     |     |
  +-----+-----+-----+-----+-----+-----+-----+-----+
3 |     |     |     |     |     |     |     |     |
  +-----+-----+-----+-----+-----+-----+-----+-----+
2 |  ♟  |  ♟  |  ♟  |  ♟  |     |  ♟  |  ♟  |  ♟  |
  +-----+-----+-----+-----+-----+-----+-----+-----+
1 |  ♜  |  ♞  |  ♝  |     |  ♚  |     |  ♞  |  ♜  |
  +-----+-----+-----+-----+-----+-----+-----+-----+
     a     b     c     d     e     f     g     h    
(8)Entrez le coup : Echec et mat

wR,wN,wB,,wK,,wN,wR,wP,wP,wP,wP,,wP,wP,wP,,,,,,,,,,,,,wP,,,,,,,,bP,,,,,,,,,,wB,,bP,bP,bP,bP,,wQ,bB,bP,bR,bN,bB,bQ,,,bK,bR, 1-0
  -> [0;32mreference position: OK[0m
  -> [0;32mreference result: OK[0m
  -> [0m(exit code=0)
data/4-leg-mat-parade.txt
[H[2J[3JTour : white

     a     b     c     d     e     f     g     h    
  +-----+-----+-----+-----+-----+-----+-----+-----+
8 |  ♖  |  ♘  |  ♗  |  ♕  |  ♔  |  ♗  |  ♘  |  ♖  |
  +-----+-----+-----+-----+-----+-----+-----+-----+
7 |  ♙  |  ♙  |  ♙  |  ♙  |  ♙  |  ♙  |  ♙  |  ♙  |
  +-----+-----+-----+-----+-----+-----+-----+-----+
6 |     |     |     |     |     |     |     |     |
  +-----+-----+-----+-----+-----+-----+-----+-----+
5 |     |     |     |     |     |     |     |     |
  +-----+-----+-----+-----+-----+-----+-----+-----+
4 |     |     |     |     |     |     |     |     |
  +-----+-----+-----+-----+-----+-----+-----+-----+
3 |     |     |     |     |     |     |     |     |
  +-----+-----+-----+-----+-----+-----+-----+-----+
2 |  ♟  |  ♟  |  ♟  |  ♟  |  ♟  |  ♟  |  ♟  |  ♟  |
  +-----+-----+-----+-----+-----+-----+-----+-----+
1 |  ♜  |  ♞  |  ♝  |  ♛  |  ♚  |  ♝  |  ♞  |  ♜  |
  +-----+-----+-----+-----+-----+-----+-----+-----+
     a     b     c     d     e     f     g     h    
(1)Entrez le coup : [H[2J[3JTour : black

     a     b     c     d     e     f     g     h    
  +-----+-----+-----+-----+-----+-----+-----+-----+
8 |  ♖  |  ♘  |  ♗  |  ♕  |  ♔  |  ♗  |  ♘  |  ♖  |
  +-----+-----+-----+-----+-----+-----+-----+-----+
7 |  ♙  |  ♙  |  ♙  |  ♙  |  ♙  |  ♙  |  ♙  |  ♙  |
  +-----+-----+-----+-----+-----+-----+-----+-----+
6 |     |     |     |     |     |     |     |     |
  +-----+-----+-----+-----+-----+-----+-----+-----+
5 |     |     |     |     |     |     |     |     |
  +-----+-----+-----+-----+-----+-----+-----+-----+
4 |     |     |     |     |  ♟  |     |     |     |
  +-----+-----+-----+-----+-----+-----+-----+-----+
3 |     |     |     |     |     |     |     |     |
  +-----+-----+-----+-----+-----+-----+-----+-----+
2 |  ♟  |  ♟  |  ♟  |  ♟  |     |  ♟  |  ♟  |  ♟  |
  +-----+-----+-----+-----+-----+-----+-----+-----+
1 |  ♜  |  ♞  |  ♝  |  ♛  |  ♚  |  ♝  |  ♞  |  ♜  |
  +-----+-----+-----+-----+-----+-----+-----+-----+
     a     b     c     d     e     f     g     h    
(1)Entrez le coup : [H[2J[3JTour : white

     a     b     c     d     e     f     g     h    
  +-----+-----+-----+-----+-----+-----+-----+-----+
8 |  ♖  |  ♘  |  ♗  |  ♕  |  ♔  |  ♗  |  ♘  |  ♖  |
  +-----+-----+-----+-----+-----+-----+-----+-----+
7 |  ♙  |  ♙  |  ♙  |  ♙  |     |  ♙  |  ♙  |  ♙  |
  +-----+-----+-----+-----+-----+-----+-----+-----+
6 |     |     |     |     |     |     |     |     |
  +-----+-----+-----+-----+-----+-----+-----+-----+
5 |     |     |     |     |  ♙  |     |     |     |
  +-----+-----+-----+-----+-----+-----+-----+-----+
4 |     |     |     |     |  ♟  |     |     |     |
  +-----+-----+-----+-----+-----+-----+-----+-----+
3 |     |     |     |     |     |     |     |     |
  +-----+-----+-----+-----+-----+-----+-----+-----+
2 |  ♟  |  ♟  |  ♟  |  ♟  |     |  ♟  |  ♟  |  ♟  |
  +-----+-----+-----+-----+-----+-----+-----+-----+
1 |  ♜  |  ♞  |  ♝  |  ♛  |  ♚  |  ♝  |  ♞  |  ♜  |
  +-----+-----+-----+-----+-----+-----+-----+-----+
     a     b     c     d     e     f     g     h    
(2)Entrez le coup : [H[2J[3JTour : black

     a     b     c     d     e     f     g     h    
  +-----+-----+-----+-----+-----+-----+-----+-----+
8 |  ♖  |  ♘  |  ♗  |  ♕  |  ♔  |  ♗  |  ♘  |  ♖  |
  +-----+-----+-----+-----+-----+-----+-----+-----+
7 |  ♙  |  ♙  |  ♙  |  ♙  |     |  ♙  |  ♙  |  ♙  |
  +-----+-----+-----+-----+-----+-----+-----+-----+
6 |     |     |     |     |     |     |     |     |
  +-----+-----+-----+-----+-----+-----+-----+-----+
5 |     |     |     |     |  ♙  |     |     |     |
  +-----+-----+-----+-----+-----+-----+-----+-----+
4 |     |     |     |  ♟  |  ♟  |     |     |     |
  +-----+-----+-----+-----+-----+-----+-----+-----+
3 |     |     |     |     |     |     |     |     |
  +-----+-----+-----+-----+-----+-----+-----+-----+
2 |  ♟  |  ♟  |  ♟  |     |     |  ♟  |  ♟  |  ♟  |
  +-----+-----+-----+-----+-----+-----+-----+-----+
1 |  ♜  |  ♞  |  ♝  |  ♛  |  ♚  |  ♝  |  ♞  |  ♜  |
  +-----+-----+-----+-----+-----+-----+-----+-----+
     a     b     c     d     e     f     g     h    
(2)Entrez le coup : [H[2J[3JTour : white

     a     b     c     d     e     f     g     h    
  +-----+-----+-----+-----+-----+-----+-----+-----+
8 |  ♖  |  ♘  |  ♗  |  ♕  |  ♔  |  ♗  |  ♘  |  ♖  |
  +-----+-----+-----+-----+-----+-----+-----+-----+
7 |  ♙  |  ♙  |  ♙  |  ♙  |     |  ♙  |  ♙  |  ♙  |
  +-----+-----+-----+-----+-----+-----+-----+-----+
6 |     |     |     |     |     |     |     |     |
  +-----+-----+-----+-----+-----+-----+-----+-----+
5 |     |     |     |     |     |     |     |     |
  +-----+-----+-----+-----+-----+-----+-----+-----+
4 |     |     |     |  ♙  |  ♟  |     |     |     |
  +-----+-----+-----+-----+-----+-----+-----+-----+
3 |     |     |     |     |     |     |     |     |
  +-----+-----+-----+-----+-----+-----+-----+-----+
2 |  ♟  |  ♟  |  ♟  |     |     |  ♟  |  ♟  |  ♟  |
  +-----+-----+-----+-----+-----+-----+-----+-----+
1 |  ♜  |  ♞  |  ♝  |  ♛  |  ♚  |  ♝  |  ♞  |  ♜  |
  +-----+-----+-----+-----+-----+-----+-----+-----+
     a     b     c     d     e     f     g     h    
(3)Entrez le coup : [H[2J[3JTour : black

     a     b     c     d     e     f     g     h    
  +-----+-----+-----+-----+-----+-----+-----+-----+
8 |  ♖  |  ♘  |  ♗  |  ♕  |  ♔  |  ♗  |  ♘  |  ♖  |
  +-----+-----+-----+-----+-----+-----+-----+-----+
7 |  ♙  |  ♙  |  ♙  |  ♙  |     |  ♙  |  ♙  |  ♙  |
  +-----+-----+-----+-----+-----+-----+-----+-----+
6 |     |     |     |     |     |     |     |     |
  +-----+-----+-----+-----+-----+-----+-----+-----+
5 |     |     |     |     |     |     |  ♝  |     |
  +-----+-----+-----+-----+-----+-----+-----+-----+
4 |     |     |     |  ♙  |  ♟  |     |     |     |
  +-----+-----+-----+-----+-----+-----+-----+-----+
3 |     |     |     |     |     |     |     |     |
  +-----+-----+-----+-----+-----+-----+-----+-----+
2 |  ♟  |  ♟  |  ♟  |     |     |  ♟  |  ♟  |  ♟  |
  +-----+-----+-----+-----+-----+-----+-----+-----+
1 |  ♜  |  ♞  |     |  ♛  |  ♚  |  ♝  |  ♞  |  ♜  |
  +-----+-----+-----+-----+-----+-----+-----+-----+
     a     b     c     d     e     f     g     h    
(3)Entrez le coup : [H[2J[3JTour : white

     a     b     c     d     e     f     g     h    
  +-----+-----+-----+-----+-----+-----+-----+-----+
8 |  ♖  |  ♘  |  ♗  |  ♕  |  ♔  |  ♗  |  ♘  |  ♖  |
  +-----+-----+-----+-----+-----+-----+-----+-----+
7 |     |  ♙  |  ♙  |  ♙  |     |  ♙  |  ♙  |  ♙  |
  +-----+-----+-----+-----+-----+-----+-----+-----+
6 |  ♙  |     |     |     |     |     |     |     |
  +-----+-----+-----+-----+-----+-----+-----+-----+
5 |     |     |     |     |     |     |  ♝  |     |
  +-----+-----+-----+-----+-----+-----+-----+-----+
4 |     |     |     |  ♙  |  ♟  |     |     |     |
  +-----+-----+-----+-----+-----+-----+-----+-----+
3 |     |     |     |     |     |     |     |     |
  +-----+-----+-----+-----+-----+-----+-----+-----+
2 |  ♟  |  ♟  |  ♟  |     |     |  ♟  |  ♟  |  ♟  |
  +-----+-----+-----+-----+-----+-----+-----+-----+
1 |  ♜  |  ♞  |     |  ♛  |  ♚  |  ♝  |  ♞  |  ♜  |
  +-----+-----+-----+-----+-----+-----+-----+-----+
     a     b     c     d     e     f     g     h    
(4)Entrez le coup : [H[2J[3JTour : black

     a     b     c     d     e     f     g     h    
  +-----+-----+-----+-----+-----+-----+-----+-----+
8 |  ♖  |  ♘  |  ♗  |  ♕  |  ♔  |  ♗  |  ♘  |  ♖  |
  +-----+-----+-----+-----+-----+-----+-----+-----+
7 |     |  ♙  |  ♙  |  ♙  |     |  ♙  |  ♙  |  ♙  |
  +-----+-----+-----+-----+-----+-----+-----+-----+
6 |  ♙  |     |     |     |     |     |     |     |
  +-----+-----+-----+-----+-----+-----+-----+-----+
5 |     |     |     |     |     |     |  ♝  |     |
  +-----+-----+-----+-----+-----+-----+-----+-----+
4 |     |     |     |  ♛  |  ♟  |     |     |     |
  +-----+-----+-----+-----+-----+-----+-----+-----+
3 |     |     |     |     |     |     |     |     |
  +-----+-----+-----+-----+-----+-----+-----+-----+
2 |  ♟  |  ♟  |  ♟  |     |     |  ♟  |  ♟  |  ♟  |
  +-----+-----+-----+-----+-----+-----+-----+-----+
1 |  ♜  |  ♞  |     |     |  ♚  |  ♝  |  ♞  |  ♜  |
  +-----+-----+-----+-----+-----+-----+-----+-----+
     a     b     c     d     e     f     g     h    
(4)Entrez le coup : [H[2J[3JTour : white

     a     b     c     d     e     f     g     h    
  +-----+-----+-----+-----+-----+-----+-----+-----+
8 |  ♖  |  ♘  |  ♗  |  ♕  |  ♔  |  ♗  |  ♘  |  ♖  |
  +-----+-----+-----+-----+-----+-----+-----+-----+
7 |     |  ♙  |     |  ♙  |     |  ♙  |  ♙  |  ♙  |
  +-----+-----+-----+-----+-----+-----+-----+-----+
6 |  ♙  |     |  ♙  |     |     |     |     |     |
  +-----+-----+-----+-----+-----+-----+-----+-----+
5 |     |     |     |     |     |     |  ♝  |     |
  +-----+-----+-----+-----+-----+-----+-----+-----+
4 |     |     |     |  ♛  |  ♟  |     |     |     |
  +-----+-----+-----+-----+-----+-----+-----+-----+
3 |     |     |     |     |     |     |     |     |
  +-----+-----+-----+-----+-----+-----+-----+-----+
2 |  ♟  |  ♟  |  ♟  |     |     |  ♟  |  ♟  |  ♟  |
  +-----+-----+-----+-----+-----+-----+-----+-----+
1 |  ♜  |  ♞  |     |     |  ♚  |  ♝  |  ♞  |  ♜  |
  +-----+-----+-----+-----+-----+-----+-----+-----+
     a     b     c     d     e     f     g     h    
(5)Entrez le coup : [H[2J[3JTour : black

     a     b     c     d     e     f     g     h    
  +-----+-----+-----+-----+-----+-----+-----+-----+
8 |  ♖  |  ♘  |  ♗  |  ♕  |  ♔  |  ♗  |  ♘  |  ♖  |
  +-----+-----+-----+-----+-----+-----+-----+-----+
7 |     |  ♙  |     |  ♙  |     |  ♙  |  ♙  |  ♙  |
  +-----+-----+-----+-----+-----+-----+-----+-----+
6 |  ♙  |     |  ♙  |     |     |     |     |     |
  +-----+-----+-----+-----+-----+-----+-----+-----+
5 |     |     |     |     |  ♛  |     |  ♝  |     |
  +-----+-----+-----+-----+-----+-----+-----+-----+
4 |     |     |     |     |  ♟  |     |     |     |
  +-----+-----+-----+-----+-----+-----+-----+-----+
3 |     |     |     |     |     |     |     |     |
  +-----+-----+-----+-----+-----+-----+-----+-----+
2 |  ♟  |  ♟  |  ♟  |     |     |  ♟  |  ♟  |  ♟  |
  +-----+-----+-----+-----+-----+-----+-----+-----+
1 |  ♜  |  ♞  |     |     |  ♚  |  ♝  |  ♞  |  ♜  |
  +-----+-----+-----+-----+-----+-----+-----+-----+
     a     b     c     d     e     f     g     h    
(5)Entrez le coup : [H[2J[3JTour : white

     a     b     c     d     e     f     g     h    
  +-----+-----+-----+-----+-----+-----+-----+-----+
8 |  ♖  |  ♘  |  ♗  |  ♕  |  ♔  |     |  ♘  |  ♖  |
  +-----+-----+-----+-----+-----+-----+-----+-----+
7 |     |  ♙  |     |  ♙  |  ♗  |  ♙  |  ♙  |  ♙  |
  +-----+-----+-----+-----+-----+-----+-----+-----+
6 |  ♙  |     |  ♙  |     |     |     |     |     |
  +-----+-----+-----+-----+-----+-----+-----+-----+
5 |     |     |     |     |  ♛  |     |  ♝  |     |
  +-----+-----+-----+-----+-----+-----+-----+-----+
4 |     |     |     |     |  ♟  |     |     |     |
  +-----+-----+-----+-----+-----+-----+-----+-----+
3 |     |     |     |     |     |     |     |     |
  +-----+-----+-----+-----+-----+-----+-----+-----+
2 |  ♟  |  ♟  |  ♟  |     |     |  ♟  |  ♟  |  ♟  |
  +-----+-----+-----+-----+-----+-----+-----+-----+
1 |  ♜  |  ♞  |     |     |  ♚  |  ♝  |  ♞  |  ♜  |
  +-----+-----+-----+-----+-----+-----+-----+-----+
     a     b     c     d     e     f     g     h    
(6)Entrez le coup : [H[2J[3JTour : black

     a     b     c     d     e     f     g     h    
  +-----+-----+-----+-----+-----+-----+-----+-----+
8 |  ♖  |  ♘  |  ♗  |  ♕  |  ♔  |     |  ♘  |  ♖  |
  +-----+-----+-----+-----+-----+-----+-----+-----+
7 |     |  ♙  |     |  ♙  |  ♗  |  ♙  |  ♙  |  ♙  |
  +-----+-----+-----+-----+-----+-----+-----+-----+
6 |  ♙  |     |  ♙  |     |     |     |     |     |
  +-----+-----+-----+-----+-----+-----+-----+-----+
5 |     |     |     |     |  ♛  |     |  ♝  |     |
  +-----+-----+-----+-----+-----+-----+-----+-----+
4 |     |     |     |     |  ♟  |     |     |     |
  +-----+-----+-----+-----+-----+-----+-----+-----+
3 |     |     |  ♞  |     |     |     |     |     |
  +-----+-----+-----+-----+-----+-----+-----+-----+
2 |  ♟  |  ♟  |  ♟  |     |     |  ♟  |  ♟  |  ♟  |
  +-----+-----+-----+-----+-----+-----+-----+-----+
1 |  ♜  |     |     |     |  ♚  |  ♝  |  ♞  |  ♜  |
  +-----+-----+-----+-----+-----+-----+-----+-----+
     a     b     c     d     e     f     g     h    
(6)Entrez le coup : [H[2J[3JTour : white

     a     b     c     d     e     f     g     h    
  +-----+-----+-----+-----+-----+-----+-----+-----+
8 |  ♖  |  ♘  |  ♗  |  ♕  |  ♔  |     |  ♘  |  ♖  |
  +-----+-----+-----+-----+-----+-----+-----+-----+
7 |     |  ♙  |     |  ♙  |  ♗  |  ♙  |  ♙  |  ♙  |
  +-----+-----+-----+-----+-----+-----+-----+-----+
6 |  ♙  |     |     |     |     |     |     |     |
  +-----+-----+-----+-----+-----+-----+-----+-----+
5 |     |     |  ♙  |     |  ♛  |     |  ♝  |     |
  +-----+-----+-----+-----+-----+-----+-----+-----+
4 |     |     |     |     |  ♟  |     |     |     |
  +-----+-----+-----+-----+-----+-----+-----+-----+
3 |     |     |  ♞  |     |     |     |     |     |
  +-----+-----+-----+-----+-----+-----+-----+-----+
2 |  ♟  |  ♟  |  ♟  |     |     |  ♟  |  ♟  |  ♟  |
  +-----+-----+-----+-----+-----+-----+-----+-----+
1 |  ♜  |     |     |     |  ♚  |  ♝  |  ♞  |  ♜  |
  +-----+-----+-----+-----+-----+-----+-----+-----+
     a     b     c     d     e     f     g     h    
(7)Entrez le coup : [H[2J[3JTour : black

     a     b     c     d     e     f     g     h    
  +-----+-----+-----+-----+-----+-----+-----+-----+
8 |  ♖  |  ♘  |  ♗  |  ♕  |  ♔  |     |  ♘  |  ♖  |
  +-----+-----+-----+-----+-----+-----+-----+-----+
7 |     |  ♙  |     |  ♙  |  ♗  |  ♙  |  ♙  |  ♙  |
  +-----+-----+-----+-----+-----+-----+-----+-----+
6 |  ♙  |     |     |     |     |     |     |     |
  +-----+-----+-----+-----+-----+-----+-----+-----+
5 |     |     |  ♙  |  ♞  |  ♛  |     |  ♝  |     |
  +-----+-----+-----+-----+-----+-----+-----+-----+
4 |     |     |     |     |  ♟  |     |     |     |
  +-----+-----+-----+-----+-----+-----+-----+-----+
3 |     |     |     |     |     |     |     |     |
  +-----+-----+-----+-----+-----+-----+-----+-----+
2 |  ♟  |  ♟  |  ♟  |     |     |  ♟  |  ♟  |  ♟  |
  +-----+-----+-----+-----+-----+-----+-----+-----+
1 |  ♜  |     |     |     |  ♚  |  ♝  |  ♞  |  ♜  |
  +-----+-----+-----+-----+-----+-----+-----+-----+
     a     b     c     d     e     f     g     h    
(7)Entrez le coup : [H[2J[3JTour : white

     a     b     c     d     e     f     g     h    
  +-----+-----+-----+-----+-----+-----+-----+-----+
8 |  ♖  |     |  ♗  |  ♕  |  ♔  |     |  ♘  |  ♖  |
  +-----+-----+-----+-----+-----+-----+-----+-----+
7 |     |  ♙  |     |  ♙  |  ♗  |  ♙  |  ♙  |  ♙  |
  +-----+-----+-----+-----+-----+-----+-----+-----+
6 |  ♙  |     |  ♘  |     |     |     |     |     |
  +-----+-----+-----+-----+-----+-----+-----+-----+
5 |     |     |  ♙  |  ♞  |  ♛  |     |  ♝  |     |
  +-----+-----+-----+-----+-----+-----+-----+-----+
4 |     |     |     |     |  ♟  |     |     |     |
  +-----+-----+-----+-----+-----+-----+-----+-----+
3 |     |     |     |     |     |     |     |     |
  +-----+-----+-----+-----+-----+-----+-----+-----+
2 |  ♟  |  ♟  |  ♟  |     |     |  ♟  |  ♟  |  ♟  |
  +-----+-----+-----+-----+-----+-----+-----+-----+
1 |  ♜  |     |     |     |  ♚  |  ♝  |  ♞  |  ♜  |
  +-----+-----+-----+-----+-----+-----+-----+-----+
     a     b     c     d     e     f     g     h    
(8)Entrez le coup : [H[2J[3JTour : black

     a     b     c     d     e     f     g     h    
  +-----+-----+-----+-----+-----+-----+-----+-----+
8 |  ♖  |     |  ♗  |  ♕  |  ♔  |     |  ♘  |  ♖  |
  +-----+-----+-----+-----+-----+-----+-----+-----+
7 |     |  ♙  |  ♞  |  ♙  |  ♗  |  ♙  |  ♙  |  ♙  |
  +-----+-----+-----+-----+-----+-----+-----+-----+
6 |  ♙  |     |  ♘  |     |     |     |     |     |
  +-----+-----+-----+-----+-----+-----+-----+-----+
5 |     |     |  ♙  |     |  ♛  |     |  ♝  |     |
  +-----+-----+-----+-----+-----+-----+-----+-----+
4 |     |     |     |     |  ♟  |     |     |     |
  +-----+-----+-----+-----+-----+-----+-----+-----+
3 |     |     |     |     |     |     |     |     |
  +-----+-----+-----+-----+-----+-----+-----+-----+
2 |  ♟  |  ♟  |  ♟  |     |     |  ♟  |  ♟  |  ♟  |
  +-----+-----+-----+-----+-----+-----+-----+-----+
1 |  ♜  |     |     |     |  ♚  |  ♝  |  ♞  |  ♜  |
  +-----+-----+-----+-----+-----+-----+-----+-----+
     a     b     c     d     e     f     g     h    
(8)Entrez le coup : [H[2J[3JTour : white

     a     b     c     d     e     f     g     h    
  +-----+-----+-----+-----+-----+-----+-----+-----+
8 |  ♖  |     |  ♗  |  ♕  |     |  ♔  |  ♘  |  ♖  |
  +-----+-----+-----+-----+-----+-----+-----+-----+
7 |     |  ♙  |  ♞  |  ♙  |  ♗  |  ♙  |  ♙  |  ♙  |
  +-----+-----+-----+-----+-----+-----+-----+-----+
6 |  ♙  |     |  ♘  |     |     |     |     |     |
  +-----+-----+-----+-----+-----+-----+-----+-----+
5 |     |     |  ♙  |     |  ♛  |     |  ♝  |     |
  +-----+-----+-----+-----+-----+-----+-----+-----+
4 |     |     |     |     |  ♟  |     |     |     |
  +-----+-----+-----+-----+-----+-----+-----+-----+
3 |     |     |     |     |     |     |     |     |
  +-----+-----+-----+-----+-----+-----+-----+-----+
2 |  ♟  |  ♟  |  ♟  |     |     |  ♟  |  ♟  |  ♟  |
  +-----+-----+-----+-----+-----+-----+-----+-----+
1 |  ♜  |     |     |     |  ♚  |  ♝  |  ♞  |  ♜  |
  +-----+-----+-----+-----+-----+-----+-----+-----+
     a     b     c     d     e     f     g     h    
(9)Entrez le coup : [H[2J[3JTour : black

     a     b     c     d     e     f     g     h    
  +-----+-----+-----+-----+-----+-----+-----+-----+
8 |  ♖  |     |  ♗  |  ♕  |     |  ♔  |  ♘  |  ♖  |
  +-----+-----+-----+-----+-----+-----+-----+-----+
7 |     |  ♙  |  ♞  |  ♙  |  ♝  |  ♙  |  ♙  |  ♙  |
  +-----+-----+-----+-----+-----+-----+-----+-----+
6 |  ♙  |     |  ♘  |     |     |     |     |     |
  +-----+-----+-----+-----+-----+-----+-----+-----+
5 |     |     |  ♙  |     |  ♛  |     |     |     |
  +-----+-----+-----+-----+-----+-----+-----+-----+
4 |     |     |     |     |  ♟  |     |     |     |
  +-----+-----+-----+-----+-----+-----+-----+-----+
3 |     |     |     |     |     |     |     |     |
  +-----+-----+-----+-----+-----+-----+-----+-----+
2 |  ♟  |  ♟  |  ♟  |     |     |  ♟  |  ♟  |  ♟  |
  +-----+-----+-----+-----+-----+-----+-----+-----+
1 |  ♜  |     |     |     |  ♚  |  ♝  |  ♞  |  ♜  |
  +-----+-----+-----+-----+-----+-----+-----+-----+
     a     b     c     d     e     f     g     h    
(9)Entrez le coup : [H[2J[3JTour : white

     a     b     c     d     e     f     g     h    
  +-----+-----+-----+-----+-----+-----+-----+-----+
8 |  ♖  |     |  ♗  |  ♕  |     |  ♔  |     |  ♖  |
  +-----+-----+-----+-----+-----+-----+-----+-----+
7 |     |  ♙  |  ♞  |  ♙  |  ♘  |  ♙  |  ♙  |  ♙  |
  +-----+-----+-----+-----+-----+-----+-----+-----+
6 |  ♙  |     |  ♘  |     |     |     |     |     |
  +-----+-----+-----+-----+-----+-----+-----+-----+
5 |     |     |  ♙  |     |  ♛  |     |     |     |
  +-----+-----+-----+-----+-----+-----+-----+-----+
4 |     |     |     |     |  ♟  |     |     |     |
  +-----+-----+-----+-----+-----+-----+-----+-----+
3 |     |     |     |     |     |     |     |     |
  +-----+-----+-----+-----+-----+-----+-----+-----+
2 |  ♟  |  ♟  |  ♟  |     |     |  ♟  |  ♟  |  ♟  |
  +-----+-----+-----+-----+-----+-----+-----+-----+
1 |  ♜  |     |     |     |  ♚  |  ♝  |  ♞  |  ♜  |
  +-----+-----+-----+-----+-----+-----+-----+-----+
     a     b     c     d     e     f     g     h    
(10)Entrez le coup : [H[2J[3JTour : black

     a     b     c     d     e     f     g     h    
  +-----+-----+-----+-----+-----+-----+-----+-----+
8 |  ♖  |     |  ♗  |  ♕  |     |  ♔  |     |  ♖  |
  +-----+-----+-----+-----+-----+-----+-----+-----+
7 |     |  ♙  |  ♞  |  ♙  |  ♘  |  ♙  |  ♙  |  ♙  |
  +-----+-----+-----+-----+-----+-----+-----+-----+
6 |  ♙  |     |  ♘  |  ♛  |     |     |     |     |
  +-----+-----+-----+-----+-----+-----+-----+-----+
5 |     |     |  ♙  |     |     |     |     |     |
  +-----+-----+-----+-----+-----+-----+-----+-----+
4 |     |     |     |     |  ♟  |     |     |     |
  +-----+-----+-----+-----+-----+-----+-----+-----+
3 |     |     |     |     |     |     |     |     |
  +-----+-----+-----+-----+-----+-----+-----+-----+
2 |  ♟  |  ♟  |  ♟  |     |     |  ♟  |  ♟  |  ♟  |
  +-----+-----+-----+-----+-----+-----+-----+-----+
1 |  ♜  |     |     |     |  ♚  |  ♝  |  ♞  |  ♜  |
  +-----+-----+-----+-----+-----+-----+-----+-----+
     a     b     c     d     e     f     g     h    
(10)Entrez le coup : [H[2J[3JTour : white

     a     b     c     d     e     f     g     h    
  +-----+-----+-----+-----+-----+-----+-----+-----+
8 |     |  ♖  |  ♗  |  ♕  |     |  ♔  |     |  ♖  |
  +-----+-----+-----+-----+-----+-----+-----+-----+
7 |     |  ♙  |  ♞  |  ♙  |  ♘  |  ♙  |  ♙  |  ♙  |
  +-----+-----+-----+-----+-----+-----+-----+-----+
6 |  ♙  |     |  ♘  |  ♛  |     |     |     |     |
  +-----+-----+-----+-----+-----+-----+-----+-----+
5 |     |     |  ♙  |     |     |     |     |     |
  +-----+-----+-----+-----+-----+-----+-----+-----+
4 |     |     |     |     |  ♟  |     |     |     |
  +-----+-----+-----+-----+-----+-----+-----+-----+
3 |     |     |     |     |     |     |     |     |
  +-----+-----+-----+-----+-----+-----+-----+-----+
2 |  ♟  |  ♟  |  ♟  |     |     |  ♟  |  ♟  |  ♟  |
  +-----+-----+-----+-----+-----+-----+-----+-----+
1 |  ♜  |     |     |     |  ♚  |  ♝  |  ♞  |  ♜  |
  +-----+-----+-----+-----+-----+-----+-----+-----+
     a     b     c     d     e     f     g     h    
(11)Entrez le coup : [H[2J[3JTour : black

     a     b     c     d     e     f     g     h    
  +-----+-----+-----+-----+-----+-----+-----+-----+
8 |     |  ♖  |  ♗  |  ♕  |     |  ♔  |     |  ♖  |
  +-----+-----+-----+-----+-----+-----+-----+-----+
7 |     |  ♙  |  ♞  |  ♙  |  ♘  |  ♙  |  ♙  |  ♙  |
  +-----+-----+-----+-----+-----+-----+-----+-----+
6 |  ♙  |     |  ♘  |  ♛  |     |     |     |     |
  +-----+-----+-----+-----+-----+-----+-----+-----+
5 |     |     |  ♙  |     |     |     |     |     |
  +-----+-----+-----+-----+-----+-----+-----+-----+
4 |     |     |  ♝  |     |  ♟  |     |     |     |
  +-----+-----+-----+-----+-----+-----+-----+-----+
3 |     |     |     |     |     |     |     |     |
  +-----+-----+-----+-----+-----+-----+-----+-----+
2 |  ♟  |  ♟  |  ♟  |     |     |  ♟  |  ♟  |  ♟  |
  +-----+-----+-----+-----+-----+-----+-----+-----+
1 |  ♜  |     |     |     |  ♚  |     |  ♞  |  ♜  |
  +-----+-----+-----+-----+-----+-----+-----+-----+
     a     b     c     d     e     f     g     h    
(11)Entrez le coup : [H[2J[3JTour : white

     a     b     c     d     e     f     g     h    
  +-----+-----+-----+-----+-----+-----+-----+-----+
8 |     |  ♖  |  ♗  |  ♕  |     |  ♔  |     |  ♖  |
  +-----+-----+-----+-----+-----+-----+-----+-----+
7 |     |  ♙  |  ♞  |  ♙  |  ♘  |  ♙  |     |  ♙  |
  +-----+-----+-----+-----+-----+-----+-----+-----+
6 |  ♙  |     |  ♘  |  ♛  |     |     |  ♙  |     |
  +-----+-----+-----+-----+-----+-----+-----+-----+
5 |     |     |  ♙  |     |     |     |     |     |
  +-----+-----+-----+-----+-----+-----+-----+-----+
4 |     |     |  ♝  |     |  ♟  |     |     |     |
  +-----+-----+-----+-----+-----+-----+-----+-----+
3 |     |     |     |     |     |     |     |     |
  +-----+-----+-----+-----+-----+-----+-----+-----+
2 |  ♟  |  ♟  |  ♟  |     |     |  ♟  |  ♟  |  ♟  |
  +-----+-----+-----+-----+-----+-----+-----+-----+
1 |  ♜  |     |     |     |  ♚  |     |  ♞  |  ♜  |
  +-----+-----+-----+-----+-----+-----+-----+-----+
     a     b     c     d     e     f     g     h    
(12)Entrez le coup : [H[2J[3JTour : black

     a     b     c     d     e     f     g     h    
  +-----+-----+-----+-----+-----+-----+-----+-----+
8 |     |  ♖  |  ♗  |  ♕  |     |  ♔  |     |  ♖  |
  +-----+-----+-----+-----+-----+-----+-----+-----+
7 |     |  ♙  |  ♞  |  ♙  |  ♘  |  ♙  |     |  ♙  |
  +-----+-----+-----+-----+-----+-----+-----+-----+
6 |  ♙  |     |  ♘  |     |     |  ♛  |  ♙  |     |
  +-----+-----+-----+-----+-----+-----+-----+-----+
5 |     |     |  ♙  |     |     |     |     |     |
  +-----+-----+-----+-----+-----+-----+-----+-----+
4 |     |     |  ♝  |     |  ♟  |     |     |     |
  +-----+-----+-----+-----+-----+-----+-----+-----+
3 |     |     |     |     |     |     |     |     |
  +-----+-----+-----+-----+-----+-----+-----+-----+
2 |  ♟  |  ♟  |  ♟  |     |     |  ♟  |  ♟  |  ♟  |
  +-----+-----+-----+-----+-----+-----+-----+-----+
1 |  ♜  |     |     |     |  ♚  |     |  ♞  |  ♜  |
  +-----+-----+-----+-----+-----+-----+-----+-----+
     a     b     c     d     e     f     g     h    
(12)Entrez le coup : [H[2J[3JTour : white

     a     b     c     d     e     f     g     h    
  +-----+-----+-----+-----+-----+-----+-----+-----+
8 |     |  ♖  |  ♗  |     |     |  ♔  |     |  ♖  |
  +-----+-----+-----+-----+-----+-----+-----+-----+
7 |     |  ♙  |  ♕  |  ♙  |  ♘  |  ♙  |     |  ♙  |
  +-----+-----+-----+-----+-----+-----+-----+-----+
6 |  ♙  |     |  ♘  |     |     |  ♛  |  ♙  |     |
  +-----+-----+-----+-----+-----+-----+-----+-----+
5 |     |     |  ♙  |     |     |     |     |     |
  +-----+-----+-----+-----+-----+-----+-----+-----+
4 |     |     |  ♝  |     |  ♟  |     |     |     |
  +-----+-----+-----+-----+-----+-----+-----+-----+
3 |     |     |     |     |     |     |     |     |
  +-----+-----+-----+-----+-----+-----+-----+-----+
2 |  ♟  |  ♟  |  ♟  |     |     |  ♟  |  ♟  |  ♟  |
  +-----+-----+-----+-----+-----+-----+-----+-----+
1 |  ♜  |     |     |     |  ♚  |     |  ♞  |  ♜  |
  +-----+-----+-----+-----+-----+-----+-----+-----+
     a     b     c     d     e     f     g     h    
(13)Entrez le coup : Echec et mat

wR,,,,wK,,wN,wR,wP,wP,wP,,,wP,wP,wP,,,,,,,,,,,wB,,wP,,,,,,bP,,,,,,bP,,bN,,,,bP,,,bP,bQ,bP,bN,wQ,,bP,,bR,bB,,,bK,,bR, 1-0
  -> [0;32mreference position: OK[0m
  -> [0;32mreference result: OK[0m
  -> [0m(exit code=0)
data/4-leg-pat.txt
[H[2J[3JTour : white

     a     b     c     d     e     f     g     h    
  +-----+-----+-----+-----+-----+-----+-----+-----+
8 |  ♖  |  ♘  |  ♗  |  ♕  |  ♔  |  ♗  |  ♘  |  ♖  |
  +-----+-----+-----+-----+-----+-----+-----+-----+
7 |  ♙  |  ♙  |  ♙  |  ♙  |  ♙  |  ♙  |  ♙  |  ♙  |
  +-----+-----+-----+-----+-----+-----+-----+-----+
6 |     |     |     |     |     |     |     |     |
  +-----+-----+-----+-----+-----+-----+-----+-----+
5 |     |     |     |     |     |     |     |     |
  +-----+-----+-----+-----+-----+-----+-----+-----+
4 |     |     |     |     |     |     |     |     |
  +-----+-----+-----+-----+-----+-----+-----+-----+
3 |     |     |     |     |     |     |     |     |
  +-----+-----+-----+-----+-----+-----+-----+-----+
2 |  ♟  |  ♟  |  ♟  |  ♟  |  ♟  |  ♟  |  ♟  |  ♟  |
  +-----+-----+-----+-----+-----+-----+-----+-----+
1 |  ♜  |  ♞  |  ♝  |  ♛  |  ♚  |  ♝  |  ♞  |  ♜  |
  +-----+-----+-----+-----+-----+-----+-----+-----+
     a     b     c     d     e     f     g     h    
(1)Entrez le coup : [H[2J[3JTour : black

     a     b     c     d     e     f     g     h    
  +-----+-----+-----+-----+-----+-----+-----+-----+
8 |  ♖  |  ♘  |  ♗  |  ♕  |  ♔  |  ♗  |  ♘  |  ♖  |
  +-----+-----+-----+-----+-----+-----+-----+-----+
7 |  ♙  |  ♙  |  ♙  |  ♙  |  ♙  |  ♙  |  ♙  |  ♙  |
  +-----+-----+-----+-----+-----+-----+-----+-----+
6 |     |     |     |     |     |     |     |     |
  +-----+-----+-----+-----+-----+-----+-----+-----+
5 |     |     |     |     |     |     |     |     |
  +-----+-----+-----+-----+-----+-----+-----+-----+
4 |     |     |  ♟  |     |     |     |     |     |
  +-----+-----+-----+-----+-----+-----+-----+-----+
3 |     |     |     |     |     |     |     |     |
  +-----+-----+-----+-----+-----+-----+-----+-----+
2 |  ♟  |  ♟  |     |  ♟  |  ♟  |  ♟  |  ♟  |  ♟  |
  +-----+-----+-----+-----+-----+-----+-----+-----+
1 |  ♜  |  ♞  |  ♝  |  ♛  |  ♚  |  ♝  |  ♞  |  ♜  |
  +-----+-----+-----+-----+-----+-----+-----+-----+
     a     b     c     d     e     f     g     h    
(1)Entrez le coup : [H[2J[3JTour : white

     a     b     c     d     e     f     g     h    
  +-----+-----+-----+-----+-----+-----+-----+-----+
8 |  ♖  |  ♘  |  ♗  |  ♕  |  ♔  |  ♗  |     |  ♖  |
  +-----+-----+-----+-----+-----+-----+-----+-----+
7 |  ♙  |  ♙  |  ♙  |  ♙  |  ♙  |  ♙  |  ♙  |  ♙  |
  +-----+-----+-----+-----+-----+-----+-----+-----+
6 |     |     |     |     |     |  ♘  |     |     |
  +-----+-----+-----+-----+-----+-----+-----+-----+
5 |     |     |     |     |     |     |     |     |
  +-----+-----+-----+-----+-----+-----+-----+-----+
4 |     |     |  ♟  |     |     |     |     |     |
  +-----+-----+-----+-----+-----+-----+-----+-----+
3 |     |     |     |     |     |     |     |     |
  +-----+-----+-----+-----+-----+-----+-----+-----+
2 |  ♟  |  ♟  |     |  ♟  |  ♟  |  ♟  |  ♟  |  ♟  |
  +-----+-----+-----+-----+-----+-----+-----+-----+
1 |  ♜  |  ♞  |  ♝  |  ♛  |  ♚  |  ♝  |  ♞  |  ♜  |
  +-----+-----+-----+-----+-----+-----+-----+-----+
     a     b     c     d     e     f     g     h    
(2)Entrez le coup : [H[2J[3JTour : black

     a     b     c     d     e     f     g     h    
  +-----+-----+-----+-----+-----+-----+-----+-----+
8 |  ♖  |  ♘  |  ♗  |  ♕  |  ♔  |  ♗  |     |  ♖  |
  +-----+-----+-----+-----+-----+-----+-----+-----+
7 |  ♙  |  ♙  |  ♙  |  ♙  |  ♙  |  ♙  |  ♙  |  ♙  |
  +-----+-----+-----+-----+-----+-----+-----+-----+
6 |     |     |     |     |     |  ♘  |     |     |
  +-----+-----+-----+-----+-----+-----+-----+-----+
5 |     |     |     |     |     |     |     |     |
  +-----+-----+-----+-----+-----+-----+-----+-----+
4 |     |     |  ♟  |  ♟  |     |     |     |     |
  +-----+-----+-----+-----+-----+-----+-----+-----+
3 |     |     |     |     |     |     |     |     |
  +-----+-----+-----+-----+-----+-----+-----+-----+
2 |  ♟  |  ♟  |     |     |  ♟  |  ♟  |  ♟  |  ♟  |
  +-----+-----+-----+-----+-----+-----+-----+-----+
1 |  ♜  |  ♞  |  ♝  |  ♛  |  ♚  |  ♝  |  ♞  |  ♜  |
  +-----+-----+-----+-----+-----+-----+-----+-----+
     a     b     c     d     e     f     g     h    
(2)Entrez le coup : [H[2J[3JTour : white

     a     b     c     d     e     f     g     h    
  +-----+-----+-----+-----+-----+-----+-----+-----+
8 |  ♖  |  ♘  |  ♗  |  ♕  |  ♔  |  ♗  |     |  ♖  |
  +-----+-----+-----+-----+-----+-----+-----+-----+
7 |  ♙  |  ♙  |     |  ♙  |  ♙  |  ♙  |  ♙  |  ♙  |
  +-----+-----+-----+-----+-----+-----+-----+-----+
6 |     |     |  ♙  |     |     |  ♘  |     |     |
  +-----+-----+-----+-----+-----+-----+-----+-----+
5 |     |     |     |     |     |     |     |     |
  +-----+-----+-----+-----+-----+-----+-----+-----+
4 |     |     |  ♟  |  ♟  |     |     |     |     |
  +-----+-----+-----+-----+-----+-----+-----+-----+
3 |     |     |     |     |     |     |     |     |
  +-----+-----+-----+-----+-----+-----+-----+-----+
2 |  ♟  |  ♟  |     |     |  ♟  |  ♟  |  ♟  |  ♟  |
  +-----+-----+-----+-----+-----+-----+-----+-----+
1 |  ♜  |  ♞  |  ♝  |  ♛  |  ♚  |  ♝  |  ♞  |  ♜  |
  +-----+-----+-----+-----+-----+-----+-----+-----+
     a     b     c     d     e     f     g     h    
(3)Entrez le coup : [H[2J[3JTour : black

     a     b     c     d     e     f     g     h    
  +-----+-----+-----+-----+-----+-----+-----+-----+
8 |  ♖  |  ♘  |  ♗  |  ♕  |  ♔  |  ♗  |     |  ♖  |
  +-----+-----+-----+-----+-----+-----+-----+-----+
7 |  ♙  |  ♙  |     |  ♙  |  ♙  |  ♙  |  ♙  |  ♙  |
  +-----+-----+-----+-----+-----+-----+-----+-----+
6 |     |     |  ♙  |     |     |  ♘  |     |     |
  +-----+-----+-----+-----+-----+-----+-----+-----+
5 |     |     |     |     |     |     |     |     |
  +-----+-----+-----+-----+-----+-----+-----+-----+
4 |     |     |  ♟  |  ♟  |     |  ♝  |     |     |
  +-----+-----+-----+-----+-----+-----+-----+-----+
3 |     |     |     |     |     |     |     |     |
  +-----+-----+-----+-----+-----+-----+-----+-----+
2 |  ♟  |  ♟  |     |     |  ♟  |  ♟  |  ♟  |  ♟  |
  +-----+-----+-----+-----+-----+-----+-----+-----+
1 |  ♜  |  ♞  |     |  ♛  |  ♚  |  ♝  |  ♞  |  ♜  |
  +-----+-----+-----+-----+-----+-----+-----+-----+
     a     b     c     d     e     f     g     h    
(3)Entrez le coup : [H[2J[3JTour : white

     a     b     c     d     e     f     g     h    
  +-----+-----+-----+-----+-----+-----+-----+-----+
8 |  ♖  |  ♘  |  ♗  |     |  ♔  |  ♗  |     |  ♖  |
  +-----+-----+-----+-----+-----+-----+-----+-----+
7 |  ♙  |  ♙  |     |  ♙  |  ♙  |  ♙  |  ♙  |  ♙  |
  +-----+-----+-----+-----+-----+-----+-----+-----+
6 |     |  ♕  |  ♙  |     |     |  ♘  |     |     |
  +-----+-----+-----+-----+-----+-----+-----+-----+
5 |     |     |     |     |     |     |     |     |
  +-----+-----+-----+-----+-----+-----+-----+-----+
4 |     |     |  ♟  |  ♟  |     |  ♝  |     |     |
  +-----+-----+-----+-----+-----+-----+-----+-----+
3 |     |     |     |     |     |     |     |     |
  +-----+-----+-----+-----+-----+-----+-----+-----+
2 |  ♟  |  ♟  |     |     |  ♟  |  ♟  |  ♟  |  ♟  |
  +-----+-----+-----+-----+-----+-----+-----+-----+
1 |  ♜  |  ♞  |     |  ♛  |  ♚  |  ♝  |  ♞  |  ♜  |
  +-----+-----+-----+-----+-----+-----+-----+-----+
     a     b     c     d     e     f     g     h    
(4)Entrez le coup : [H[2J[3JTour : black

     a     b     c     d     e     f     g     h    
  +-----+-----+-----+-----+-----+-----+-----+-----+
8 |  ♖  |  ♘  |  ♗  |     |  ♔  |  ♗  |     |  ♖  |
  +-----+-----+-----+-----+-----+-----+-----+-----+
7 |  ♙  |  ♙  |     |  ♙  |  ♙  |  ♙  |  ♙  |  ♙  |
  +-----+-----+-----+-----+-----+-----+-----+-----+
6 |     |  ♕  |  ♙  |     |     |  ♘  |     |     |
  +-----+-----+-----+-----+-----+-----+-----+-----+
5 |     |     |     |     |     |     |     |     |
  +-----+-----+-----+-----+-----+-----+-----+-----+
4 |     |     |  ♟  |  ♟  |     |  ♝  |     |     |
  +-----+-----+-----+-----+-----+-----+-----+-----+
3 |     |     |     |     |     |     |     |     |
  +-----+-----+-----+-----+-----+-----+-----+-----+
2 |  ♟  |  ♟  |     |  ♛  |  ♟  |  ♟  |  ♟  |  ♟  |
  +-----+-----+-----+-----+-----+-----+-----+-----+
1 |  ♜  |  ♞  |     |     |  ♚  |  ♝  |  ♞  |  ♜  |
  +-----+-----+-----+-----+-----+-----+-----+-----+
     a     b     c     d     e     f     g     h    
(4)Entrez le coup : [H[2J[3JTour : white

     a     b     c     d     e     f     g     h    
  +-----+-----+-----+-----+-----+-----+-----+-----+
8 |  ♖  |  ♘  |  ♗  |     |  ♔  |  ♗  |     |  ♖  |
  +-----+-----+-----+-----+-----+-----+-----+-----+
7 |  ♙  |  ♙  |     |  ♙  |  ♙  |  ♙  |  ♙  |  ♙  |
  +-----+-----+-----+-----+-----+-----+-----+-----+
6 |     |  ♕  |  ♙  |     |     |     |     |     |
  +-----+-----+-----+-----+-----+-----+-----+-----+
5 |     |     |     |     |     |     |     |     |
  +-----+-----+-----+-----+-----+-----+-----+-----+
4 |     |     |  ♟  |  ♟  |  ♘  |  ♝  |     |     |
  +-----+-----+-----+-----+-----+-----+-----+-----+
3 |     |     |     |     |     |     |     |     |
  +-----+-----+-----+-----+-----+-----+-----+-----+
2 |  ♟  |  ♟  |     |  ♛  |  ♟  |  ♟  |  ♟  |  ♟  |
  +-----+-----+-----+-----+-----+-----+-----+-----+
1 |  ♜  |  ♞  |     |     |  ♚  |  ♝  |  ♞  |  ♜  |
  +-----+-----+-----+-----+-----+-----+-----+-----+
     a     b     c     d     e     f     g     h    
(5)Entrez le coup : [H[2J[3JTour : black

     a     b     c     d     e     f     g     h    
  +-----+-----+-----+-----+-----+-----+-----+-----+
8 |  ♖  |  ♘  |  ♗  |     |  ♔  |  ♗  |     |  ♖  |
  +-----+-----+-----+-----+-----+-----+-----+-----+
7 |  ♙  |  ♙  |     |  ♙  |  ♙  |  ♙  |  ♙  |  ♙  |
  +-----+-----+-----+-----+-----+-----+-----+-----+
6 |     |  ♕  |  ♙  |     |     |     |     |     |
  +-----+-----+-----+-----+-----+-----+-----+-----+
5 |     |     |     |     |     |     |     |     |
  +-----+-----+-----+-----+-----+-----+-----+-----+
4 |     |     |  ♟  |  ♟  |  ♘  |  ♝  |     |     |
  +-----+-----+-----+-----+-----+-----+-----+-----+
3 |     |     |     |     |     |     |     |     |
  +-----+-----+-----+-----+-----+-----+-----+-----+
2 |  ♟  |  ♟  |  ♛  |     |  ♟  |  ♟  |  ♟  |  ♟  |
  +-----+-----+-----+-----+-----+-----+-----+-----+
1 |  ♜  |  ♞  |     |     |  ♚  |  ♝  |  ♞  |  ♜  |
  +-----+-----+-----+-----+-----+-----+-----+-----+
     a     b     c     d     e     f     g     h    
(5)Entrez le coup : [H[2J[3JTour : white

     a     b     c     d     e     f     g     h    
  +-----+-----+-----+-----+-----+-----+-----+-----+
8 |  ♖  |  ♘  |  ♗  |     |  ♔  |  ♗  |     |  ♖  |
  +-----+-----+-----+-----+-----+-----+-----+-----+
7 |  ♙  |  ♙  |     |     |  ♙  |  ♙  |  ♙  |  ♙  |
  +-----+-----+-----+-----+-----+-----+-----+-----+
6 |     |  ♕  |  ♙  |     |     |     |     |     |
  +-----+-----+-----+-----+-----+-----+-----+-----+
5 |     |     |     |  ♙  |     |     |     |     |
  +-----+-----+-----+-----+-----+-----+-----+-----+
4 |     |     |  ♟  |  ♟  |  ♘  |  ♝  |     |     |
  +-----+-----+-----+-----+-----+-----+-----+-----+
3 |     |     |     |     |     |     |     |     |
  +-----+-----+-----+-----+-----+-----+-----+-----+
2 |  ♟  |  ♟  |  ♛  |     |  ♟  |  ♟  |  ♟  |  ♟  |
  +-----+-----+-----+-----+-----+-----+-----+-----+
1 |  ♜  |  ♞  |     |     |  ♚  |  ♝  |  ♞  |  ♜  |
  +-----+-----+-----+-----+-----+-----+-----+-----+
     a     b     c     d     e     f     g     h    
(6)Entrez le coup : [H[2J[3JTour : black

     a     b     c     d     e     f     g     h    
  +-----+-----+-----+-----+-----+-----+-----+-----+
8 |  ♖  |  ♘  |  ♗  |     |  ♔  |  ♗  |     |  ♖  |
  +-----+-----+-----+-----+-----+-----+-----+-----+
7 |  ♙  |  ♙  |     |     |  ♙  |  ♙  |  ♙  |  ♙  |
  +-----+-----+-----+-----+-----+-----+-----+-----+
6 |     |  ♕  |  ♙  |     |     |     |     |     |
  +-----+-----+-----+-----+-----+-----+-----+-----+
5 |     |     |     |  ♙  |     |     |     |     |
  +-----+-----+-----+-----+-----+-----+-----+-----+
4 |     |     |  ♟  |  ♟  |  ♘  |  ♝  |     |     |
  +-----+-----+-----+-----+-----+-----+-----+-----+
3 |     |     |     |     |     |  ♟  |     |     |
  +-----+-----+-----+-----+-----+-----+-----+-----+
2 |  ♟  |  ♟  |  ♛  |     |  ♟  |     |  ♟  |  ♟  |
  +-----+-----+-----+-----+-----+-----+-----+-----+
1 |  ♜  |  ♞  |     |     |  ♚  |  ♝  |  ♞  |  ♜  |
  +-----+-----+-----+-----+-----+-----+-----+-----+
     a     b     c     d     e     f     g     h    
(6)Entrez le coup : [H[2J[3JTour : white

     a     b     c     d     e     f     g     h    
  +-----+-----+-----+-----+-----+-----+-----+-----+
8 |  ♖  |  ♘  |  ♗  |     |  ♔  |  ♗  |     |  ♖  |
  +-----+-----+-----+-----+-----+-----+-----+-----+
7 |  ♙  |  ♙  |     |     |     |  ♙  |  ♙  |  ♙  |
  +-----+-----+-----+-----+-----+-----+-----+-----+
6 |     |  ♕  |  ♙  |     |     |     |     |     |
  +-----+-----+-----+-----+-----+-----+-----+-----+
5 |     |     |     |  ♙  |  ♙  |     |     |     |
  +-----+-----+-----+-----+-----+-----+-----+-----+
4 |     |     |  ♟  |  ♟  |  ♘  |  ♝  |     |     |
  +-----+-----+-----+-----+-----+-----+-----+-----+
3 |     |     |     |     |     |  ♟  |     |     |
  +-----+-----+-----+-----+-----+-----+-----+-----+
2 |  ♟  |  ♟  |  ♛  |     |  ♟  |     |  ♟  |  ♟  |
  +-----+-----+-----+-----+-----+-----+-----+-----+
1 |  ♜  |  ♞  |     |     |  ♚  |  ♝  |  ♞  |  ♜  |
  +-----+-----+-----+-----+-----+-----+-----+-----+
     a     b     c     d     e     f     g     h    
(7)Entrez le coup : [H[2J[3JTour : black

     a     b     c     d     e     f     g     h    
  +-----+-----+-----+-----+-----+-----+-----+-----+
8 |  ♖  |  ♘  |  ♗  |     |  ♔  |  ♗  |     |  ♖  |
  +-----+-----+-----+-----+-----+-----+-----+-----+
7 |  ♙  |  ♙  |     |     |     |  ♙  |  ♙  |  ♙  |
  +-----+-----+-----+-----+-----+-----+-----+-----+
6 |     |  ♕  |  ♙  |     |     |     |     |     |
  +-----+-----+-----+-----+-----+-----+-----+-----+
5 |     |     |     |  ♙  |  ♝  |     |     |     |
  +-----+-----+-----+-----+-----+-----+-----+-----+
4 |     |     |  ♟  |  ♟  |  ♘  |     |     |     |
  +-----+-----+-----+-----+-----+-----+-----+-----+
3 |     |     |     |     |     |  ♟  |     |     |
  +-----+-----+-----+-----+-----+-----+-----+-----+
2 |  ♟  |  ♟  |  ♛  |     |  ♟  |     |  ♟  |  ♟  |
  +-----+-----+-----+-----+-----+-----+-----+-----+
1 |  ♜  |  ♞  |     |     |  ♚  |  ♝  |  ♞  |  ♜  |
  +-----+-----+-----+-----+-----+-----+-----+-----+
     a     b     c     d     e     f     g     h    
(7)Entrez le coup : [H[2J[3JTour : white

     a     b     c     d     e     f     g     h    
  +-----+-----+-----+-----+-----+-----+-----+-----+
8 |  ♖  |  ♘  |  ♗  |     |  ♔  |  ♗  |     |  ♖  |
  +-----+-----+-----+-----+-----+-----+-----+-----+
7 |  ♙  |  ♙  |     |     |     |  ♙  |  ♙  |  ♙  |
  +-----+-----+-----+-----+-----+-----+-----+-----+
6 |     |     |  ♙  |     |     |     |     |     |
  +-----+-----+-----+-----+-----+-----+-----+-----+
5 |  ♕  |     |     |  ♙  |  ♝  |     |     |     |
  +-----+-----+-----+-----+-----+-----+-----+-----+
4 |     |     |  ♟  |  ♟  |  ♘  |     |     |     |
  +-----+-----+-----+-----+-----+-----+-----+-----+
3 |     |     |     |     |     |  ♟  |     |     |
  +-----+-----+-----+-----+-----+-----+-----+-----+
2 |  ♟  |  ♟  |  ♛  |     |  ♟  |     |  ♟  |  ♟  |
  +-----+-----+-----+-----+-----+-----+-----+-----+
1 |  ♜  |  ♞  |     |     |  ♚  |  ♝  |  ♞  |  ♜  |
  +-----+-----+-----+-----+-----+-----+-----+-----+
     a     b     c     d     e     f     g     h    
(8)Entrez le coup : [H[2J[3JTour : black

     a     b     c     d     e     f     g     h    
  +-----+-----+-----+-----+-----+-----+-----+-----+
8 |  ♖  |  ♘  |  ♗  |     |  ♔  |  ♗  |     |  ♖  |
  +-----+-----+-----+-----+-----+-----+-----+-----+
7 |  ♙  |  ♙  |     |     |     |  ♙  |  ♙  |  ♙  |
  +-----+-----+-----+-----+-----+-----+-----+-----+
6 |     |     |  ♙  |     |     |     |     |     |
  +-----+-----+-----+-----+-----+-----+-----+-----+
5 |  ♕  |     |     |  ♙  |  ♝  |     |     |     |
  +-----+-----+-----+-----+-----+-----+-----+-----+
4 |     |     |  ♟  |  ♟  |  ♘  |     |     |     |
  +-----+-----+-----+-----+-----+-----+-----+-----+
3 |     |     |  ♞  |     |     |  ♟  |     |     |
  +-----+-----+-----+-----+-----+-----+-----+-----+
2 |  ♟  |  ♟  |  ♛  |     |  ♟  |     |  ♟  |  ♟  |
  +-----+-----+-----+-----+-----+-----+-----+-----+
1 |  ♜  |     |     |     |  ♚  |  ♝  |  ♞  |  ♜  |
  +-----+-----+-----+-----+-----+-----+-----+-----+
     a     b     c     d     e     f     g     h    
(8)Entrez le coup : [H[2J[3JTour : white

     a     b     c     d     e     f     g     h    
  +-----+-----+-----+-----+-----+-----+-----+-----+
8 |  ♖  |  ♘  |  ♗  |     |  ♔  |  ♗  |     |  ♖  |
  +-----+-----+-----+-----+-----+-----+-----+-----+
7 |  ♙  |  ♙  |     |     |     |  ♙  |  ♙  |  ♙  |
  +-----+-----+-----+-----+-----+-----+-----+-----+
6 |     |     |  ♙  |     |     |     |     |     |
  +-----+-----+-----+-----+-----+-----+-----+-----+
5 |  ♕  |     |     |  ♙  |  ♝  |     |     |     |
  +-----+-----+-----+-----+-----+-----+-----+-----+
4 |     |     |  ♟  |  ♟  |     |     |     |     |
  +-----+-----+-----+-----+-----+-----+-----+-----+
3 |     |     |  ♘  |     |     |  ♟  |     |     |
  +-----+-----+-----+-----+-----+-----+-----+-----+
2 |  ♟  |  ♟  |  ♛  |     |  ♟  |     |  ♟  |  ♟  |
  +-----+-----+-----+-----+-----+-----+-----+-----+
1 |  ♜  |     |     |     |  ♚  |  ♝  |  ♞  |  ♜  |
  +-----+-----+-----+-----+-----+-----+-----+-----+
     a     b     c     d     e     f     g     h    
(9)Entrez le coup : [H[2J[3JTour : black

     a     b     c     d     e     f     g     h    
  +-----+-----+-----+-----+-----+-----+-----+-----+
8 |  ♖  |  ♘  |  ♗  |     |  ♔  |  ♗  |     |  ♖  |
  +-----+-----+-----+-----+-----+-----+-----+-----+
7 |  ♙  |  ♙  |     |     |     |  ♙  |  ♙  |  ♙  |
  +-----+-----+-----+-----+-----+-----+-----+-----+
6 |     |     |  ♙  |     |     |     |     |     |
  +-----+-----+-----+-----+-----+-----+-----+-----+
5 |  ♕  |     |     |  ♙  |  ♝  |     |     |     |
  +-----+-----+-----+-----+-----+-----+-----+-----+
4 |     |     |  ♟  |  ♟  |     |     |     |     |
  +-----+-----+-----+-----+-----+-----+-----+-----+
3 |     |     |  ♟  |     |     |  ♟  |     |     |
  +-----+-----+-----+-----+-----+-----+-----+-----+
2 |  ♟  |     |  ♛  |     |  ♟  |     |  ♟  |  ♟  |
  +-----+-----+-----+-----+-----+-----+-----+-----+
1 |  ♜  |     |     |     |  ♚  |  ♝  |  ♞  |  ♜  |
  +-----+-----+-----+-----+-----+-----+-----+-----+
     a     b     c     d     e     f     g     h    
(9)Entrez le coup : [H[2J[3JTour : white

     a     b     c     d     e     f     g     h    
  +-----+-----+-----+-----+-----+-----+-----+-----+
8 |  ♖  |  ♘  |  ♗  |     |  ♔  |  ♗  |     |  ♖  |
  +-----+-----+-----+-----+-----+-----+-----+-----+
7 |  ♙  |  ♙  |     |     |     |  ♙  |  ♙  |  ♙  |
  +-----+-----+-----+-----+-----+-----+-----+-----+
6 |     |     |  ♙  |     |     |     |     |     |
  +-----+-----+-----+-----+-----+-----+-----+-----+
5 |  ♕  |     |     |     |  ♝  |     |     |     |
  +-----+-----+-----+-----+-----+-----+-----+-----+
4 |     |     |  ♙  |  ♟  |     |     |     |     |
  +-----+-----+-----+-----+-----+-----+-----+-----+
3 |     |     |  ♟  |     |     |  ♟  |     |     |
  +-----+-----+-----+-----+-----+-----+-----+-----+
2 |  ♟  |     |  ♛  |     |  ♟  |     |  ♟  |  ♟  |
  +-----+-----+-----+-----+-----+-----+-----+-----+
1 |  ♜  |     |     |     |  ♚  |  ♝  |  ♞  |  ♜  |
  +-----+-----+-----+-----+-----+-----+-----+-----+
     a     b     c     d     e     f     g     h    
(10)Entrez le coup : [H[2J[3JTour : black

     a     b     c     d     e     f     g     h    
  +-----+-----+-----+-----+-----+-----+-----+-----+
8 |  ♖  |  ♘  |  ♗  |     |  ♔  |  ♗  |     |  ♖  |
  +-----+-----+-----+-----+-----+-----+-----+-----+
7 |  ♙  |  ♙  |     |     |     |  ♙  |  ♙  |  ♙  |
  +-----+-----+-----+-----+-----+-----+-----+-----+
6 |     |     |  ♙  |     |     |     |     |     |
  +-----+-----+-----+-----+-----+-----+-----+-----+
5 |  ♕  |     |     |     |  ♝  |     |     |     |
  +-----+-----+-----+-----+-----+-----+-----+-----+
4 |     |     |  ♙  |  ♟  |  ♟  |     |     |     |
  +-----+-----+-----+-----+-----+-----+-----+-----+
3 |     |     |  ♟  |     |     |  ♟  |     |     |
  +-----+-----+-----+-----+-----+-----+-----+-----+
2 |  ♟  |     |  ♛  |     |     |     |  ♟  |  ♟  |
  +-----+-----+-----+-----+-----+-----+-----+-----+
1 |  ♜  |     |     |     |  ♚  |  ♝  |  ♞  |  ♜  |
  +-----+-----+-----+-----+-----+-----+-----+-----+
     a     b     c     d     e     f     g     h    
(10)Entrez le coup : [H[2J[3JTour : white

     a     b     c     d     e     f     g     h    
  +-----+-----+-----+-----+-----+-----+-----+-----+
8 |  ♖  |  ♘  |  ♗  |     |  ♔  |  ♗  |     |  ♖  |
  +-----+-----+-----+-----+-----+-----+-----+-----+
7 |  ♙  |     |     |     |     |  ♙  |  ♙  |  ♙  |
  +-----+-----+-----+-----+-----+-----+-----+-----+
6 |     |     |  ♙  |     |     |     |     |     |
  +-----+-----+-----+-----+-----+-----+-----+-----+
5 |  ♕  |  ♙  |     |     |  ♝  |     |     |     |
  +-----+-----+-----+-----+-----+-----+-----+-----+
4 |     |     |  ♙  |  ♟  |  ♟  |     |     |     |
  +-----+-----+-----+-----+-----+-----+-----+-----+
3 |     |     |  ♟  |     |     |  ♟  |     |     |
  +-----+-----+-----+-----+-----+-----+-----+-----+
2 |  ♟  |     |  ♛  |     |     |     |  ♟  |  ♟  |
  +-----+-----+-----+-----+-----+-----+-----+-----+
1 |  ♜  |     |     |     |  ♚  |  ♝  |  ♞  |  ♜  |
  +-----+-----+-----+-----+-----+-----+-----+-----+
     a     b     c     d     e     f     g     h    
(11)Entrez le coup : [H[2J[3JTour : black

     a     b     c     d     e     f     g     h    
  +-----+-----+-----+-----+-----+-----+-----+-----+
8 |  ♖  |  ♘  |  ♗  |     |  ♔  |  ♗  |     |  ♖  |
  +-----+-----+-----+-----+-----+-----+-----+-----+
7 |  ♙  |     |     |     |     |  ♙  |  ♙  |  ♙  |
  +-----+-----+-----+-----+-----+-----+-----+-----+
6 |     |     |  ♙  |     |     |     |     |     |
  +-----+-----+-----+-----+-----+-----+-----+-----+
5 |  ♕  |  ♙  |     |     |  ♝  |     |     |     |
  +-----+-----+-----+-----+-----+-----+-----+-----+
4 |     |     |  ♙  |  ♟  |  ♟  |     |     |     |
  +-----+-----+-----+-----+-----+-----+-----+-----+
3 |     |     |  ♟  |     |     |  ♟  |     |     |
  +-----+-----+-----+-----+-----+-----+-----+-----+
2 |  ♟  |     |  ♛  |     |  ♞  |     |  ♟  |  ♟  |
  +-----+-----+-----+-----+-----+-----+-----+-----+
1 |  ♜  |     |     |     |  ♚  |  ♝  |     |  ♜  |
  +-----+-----+-----+-----+-----+-----+-----+-----+
     a     b     c     d     e     f     g     h    
(11)Entrez le coup : [H[2J[3JTour : white

     a     b     c     d     e     f     g     h    
  +-----+-----+-----+-----+-----+-----+-----+-----+
8 |  ♖  |  ♘  |  ♗  |     |  ♔  |  ♗  |     |  ♖  |
  +-----+-----+-----+-----+-----+-----+-----+-----+
7 |  ♙  |     |     |     |     |  ♙  |  ♙  |  ♙  |
  +-----+-----+-----+-----+-----+-----+-----+-----+
6 |     |     |  ♙  |     |     |     |     |     |
  +-----+-----+-----+-----+-----+-----+-----+-----+
5 |  ♕  |     |     |     |  ♝  |     |     |     |
  +-----+-----+-----+-----+-----+-----+-----+-----+
4 |     |  ♙  |  ♙  |  ♟  |  ♟  |     |     |     |
  +-----+-----+-----+-----+-----+-----+-----+-----+
3 |     |     |  ♟  |     |     |  ♟  |     |     |
  +-----+-----+-----+-----+-----+-----+-----+-----+
2 |  ♟  |     |  ♛  |     |  ♞  |     |  ♟  |  ♟  |
  +-----+-----+-----+-----+-----+-----+-----+-----+
1 |  ♜  |     |     |     |  ♚  |  ♝  |     |  ♜  |
  +-----+-----+-----+-----+-----+-----+-----+-----+
     a     b     c     d     e     f     g     h    
(12)Entrez le coup : [H[2J[3JTour : black

     a     b     c     d     e     f     g     h    
  +-----+-----+-----+-----+-----+-----+-----+-----+
8 |  ♖  |  ♘  |  ♗  |     |  ♔  |  ♗  |     |  ♖  |
  +-----+-----+-----+-----+-----+-----+-----+-----+
7 |  ♙  |     |     |     |     |  ♙  |  ♙  |  ♙  |
  +-----+-----+-----+-----+-----+-----+-----+-----+
6 |     |     |  ♙  |     |     |     |     |     |
  +-----+-----+-----+-----+-----+-----+-----+-----+
5 |  ♕  |     |     |     |     |     |     |     |
  +-----+-----+-----+-----+-----+-----+-----+-----+
4 |     |  ♙  |  ♙  |  ♟  |  ♟  |  ♝  |     |     |
  +-----+-----+-----+-----+-----+-----+-----+-----+
3 |     |     |  ♟  |     |     |  ♟  |     |     |
  +-----+-----+-----+-----+-----+-----+-----+-----+
2 |  ♟  |     |  ♛  |     |  ♞  |     |  ♟  |  ♟  |
  +-----+-----+-----+-----+-----+-----+-----+-----+
1 |  ♜  |     |     |     |  ♚  |  ♝  |     |  ♜  |
  +-----+-----+-----+-----+-----+-----+-----+-----+
     a     b     c     d     e     f     g     h    
(12)Entrez le coup : [H[2J[3JTour : white

     a     b     c     d     e     f     g     h    
  +-----+-----+-----+-----+-----+-----+-----+-----+
8 |  ♖  |     |  ♗  |     |  ♔  |  ♗  |     |  ♖  |
  +-----+-----+-----+-----+-----+-----+-----+-----+
7 |  ♙  |     |     |     |     |  ♙  |  ♙  |  ♙  |
  +-----+-----+-----+-----+-----+-----+-----+-----+
6 |  ♘  |     |  ♙  |     |     |     |     |     |
  +-----+-----+-----+-----+-----+-----+-----+-----+
5 |  ♕  |     |     |     |     |     |     |     |
  +-----+-----+-----+-----+-----+-----+-----+-----+
4 |     |  ♙  |  ♙  |  ♟  |  ♟  |  ♝  |     |     |
  +-----+-----+-----+-----+-----+-----+-----+-----+
3 |     |     |  ♟  |     |     |  ♟  |     |     |
  +-----+-----+-----+-----+-----+-----+-----+-----+
2 |  ♟  |     |  ♛  |     |  ♞  |     |  ♟  |  ♟  |
  +-----+-----+-----+-----+-----+-----+-----+-----+
1 |  ♜  |     |     |     |  ♚  |  ♝  |     |  ♜  |
  +-----+-----+-----+-----+-----+-----+-----+-----+
     a     b     c     d     e     f     g     h    
(13)Entrez le coup : [H[2J[3JTour : black

     a     b     c     d     e     f     g     h    
  +-----+-----+-----+-----+-----+-----+-----+-----+
8 |  ♖  |     |  ♗  |     |  ♔  |  ♗  |     |  ♖  |
  +-----+-----+-----+-----+-----+-----+-----+-----+
7 |  ♙  |     |     |     |     |  ♙  |  ♙  |  ♙  |
  +-----+-----+-----+-----+-----+-----+-----+-----+
6 |  ♘  |     |  ♙  |     |     |     |     |     |
  +-----+-----+-----+-----+-----+-----+-----+-----+
5 |  ♕  |     |     |     |     |     |     |     |
  +-----+-----+-----+-----+-----+-----+-----+-----+
4 |     |  ♙  |  ♙  |  ♟  |  ♟  |  ♝  |     |     |
  +-----+-----+-----+-----+-----+-----+-----+-----+
3 |     |     |  ♟  |     |     |  ♟  |     |     |
  +-----+-----+-----+-----+-----+-----+-----+-----+
2 |  ♟  |     |  ♛  |     |  ♞  |  ♚  |  ♟  |  ♟  |
  +-----+-----+-----+-----+-----+-----+-----+-----+
1 |  ♜  |     |     |     |     |  ♝  |     |  ♜  |
  +-----+-----+-----+-----+-----+-----+-----+-----+
     a     b     c     d     e     f     g     h    
(13)Entrez le coup : [H[2J[3JTour : white

     a     b     c     d     e     f     g     h    
  +-----+-----+-----+-----+-----+-----+-----+-----+
8 |  ♖  |     |  ♗  |     |  ♔  |     |     |  ♖  |
  +-----+-----+-----+-----+-----+-----+-----+-----+
7 |  ♙  |     |     |     |  ♗  |  ♙  |  ♙  |  ♙  |
  +-----+-----+-----+-----+-----+-----+-----+-----+
6 |  ♘  |     |  ♙  |     |     |     |     |     |
  +-----+-----+-----+-----+-----+-----+-----+-----+
5 |  ♕  |     |     |     |     |     |     |     |
  +-----+-----+-----+-----+-----+-----+-----+-----+
4 |     |  ♙  |  ♙  |  ♟  |  ♟  |  ♝  |     |     |
  +-----+-----+-----+-----+-----+-----+-----+-----+
3 |     |     |  ♟  |     |     |  ♟  |     |     |
  +-----+-----+-----+-----+-----+-----+-----+-----+
2 |  ♟  |     |  ♛  |     |  ♞  |  ♚  |  ♟  |  ♟  |
  +-----+-----+-----+-----+-----+-----+-----+-----+
1 |  ♜  |     |     |     |     |  ♝  |     |  ♜  |
  +-----+-----+-----+-----+-----+-----+-----+-----+
     a     b     c     d     e     f     g     h    
(14)Entrez le coup : [H[2J[3JTour : black

     a     b     c     d     e     f     g     h    
  +-----+-----+-----+-----+-----+-----+-----+-----+
8 |  ♖  |     |  ♗  |     |  ♔  |     |     |  ♖  |
  +-----+-----+-----+-----+-----+-----+-----+-----+
7 |  ♙  |     |     |     |  ♗  |  ♙  |  ♙  |  ♙  |
  +-----+-----+-----+-----+-----+-----+-----+-----+
6 |  ♘  |     |  ♙  |     |     |     |     |     |
  +-----+-----+-----+-----+-----+-----+-----+-----+
5 |  ♕  |     |     |     |     |     |     |     |
  +-----+-----+-----+-----+-----+-----+-----+-----+
4 |     |  ♙  |  ♙  |  ♟  |  ♟  |  ♝  |     |     |
  +-----+-----+-----+-----+-----+-----+-----+-----+
3 |     |     |  ♟  |     |     |  ♟  |  ♞  |     |
  +-----+-----+-----+-----+-----+-----+-----+-----+
2 |  ♟  |     |  ♛  |     |     |  ♚  |  ♟  |  ♟  |
  +-----+-----+-----+-----+-----+-----+-----+-----+
1 |  ♜  |     |     |     |     |  ♝  |     |  ♜  |
  +-----+-----+-----+-----+-----+-----+-----+-----+
     a     b     c     d     e     f     g     h    
(14)Entrez le coup : [H[2J[3JTour : white

     a     b     c     d     e     f     g     h    
  +-----+-----+-----+-----+-----+-----+-----+-----+
8 |  ♖  |     |     |     |  ♔  |     |     |  ♖  |
  +-----+-----+-----+-----+-----+-----+-----+-----+
7 |  ♙  |     |     |     |  ♗  |  ♙  |  ♙  |  ♙  |
  +-----+-----+-----+-----+-----+-----+-----+-----+
6 |  ♘  |     |  ♙  |     |  ♗  |     |     |     |
  +-----+-----+-----+-----+-----+-----+-----+-----+
5 |  ♕  |     |     |     |     |     |     |     |
  +-----+-----+-----+-----+-----+-----+-----+-----+
4 |     |  ♙  |  ♙  |  ♟  |  ♟  |  ♝  |     |     |
  +-----+-----+-----+-----+-----+-----+-----+-----+
3 |     |     |  ♟  |     |     |  ♟  |  ♞  |     |
  +-----+-----+-----+-----+-----+-----+-----+-----+
2 |  ♟  |     |  ♛  |     |     |  ♚  |  ♟  |  ♟  |
  +-----+-----+-----+-----+-----+-----+-----+-----+
1 |  ♜  |     |     |     |     |  ♝  |     |  ♜  |
  +-----+-----+-----+-----+-----+-----+-----+-----+
     a     b     c     d     e     f     g     h    
(15)Entrez le coup : [H[2J[3JTour : black

     a     b     c     d     e     f     g     h    
  +-----+-----+-----+-----+-----+-----+-----+-----+
8 |  ♖  |     |     |     |  ♔  |     |     |  ♖  |
  +-----+-----+-----+-----+-----+-----+-----+-----+
7 |  ♙  |     |     |     |  ♗  |  ♙  |  ♙  |  ♙  |
  +-----+-----+-----+-----+-----+-----+-----+-----+
6 |  ♘  |     |  ♙  |     |  ♗  |     |     |     |
  +-----+-----+-----+-----+-----+-----+-----+-----+
5 |  ♕  |     |     |     |     |  ♞  |     |     |
  +-----+-----+-----+-----+-----+-----+-----+-----+
4 |     |  ♙  |  ♙  |  ♟  |  ♟  |  ♝  |     |     |
  +-----+-----+-----+-----+-----+-----+-----+-----+
3 |     |     |  ♟  |     |     |  ♟  |     |     |
  +-----+-----+-----+-----+-----+-----+-----+-----+
2 |  ♟  |     |  ♛  |     |     |  ♚  |  ♟  |  ♟  |
  +-----+-----+-----+-----+-----+-----+-----+-----+
1 |  ♜  |     |     |     |     |  ♝  |     |  ♜  |
  +-----+-----+-----+-----+-----+-----+-----+-----+
     a     b     c     d     e     f     g     h    
(15)Entrez le coup : [H[2J[3JTour : white

     a     b     c     d     e     f     g     h    
  +-----+-----+-----+-----+-----+-----+-----+-----+
8 |  ♖  |     |     |     |  ♔  |     |     |  ♖  |
  +-----+-----+-----+-----+-----+-----+-----+-----+
7 |  ♙  |     |     |     |  ♗  |  ♙  |  ♙  |  ♙  |
  +-----+-----+-----+-----+-----+-----+-----+-----+
6 |  ♘  |     |  ♙  |     |     |     |     |     |
  +-----+-----+-----+-----+-----+-----+-----+-----+
5 |  ♕  |     |     |     |     |  ♗  |     |     |
  +-----+-----+-----+-----+-----+-----+-----+-----+
4 |     |  ♙  |  ♙  |  ♟  |  ♟  |  ♝  |     |     |
  +-----+-----+-----+-----+-----+-----+-----+-----+
3 |     |     |  ♟  |     |     |  ♟  |     |     |
  +-----+-----+-----+-----+-----+-----+-----+-----+
2 |  ♟  |     |  ♛  |     |     |  ♚  |  ♟  |  ♟  |
  +-----+-----+-----+-----+-----+-----+-----+-----+
1 |  ♜  |     |     |     |     |  ♝  |     |  ♜  |
  +-----+-----+-----+-----+-----+-----+-----+-----+
     a     b     c     d     e     f     g     h    
(16)Entrez le coup : [H[2J[3JTour : black

     a     b     c     d     e     f     g     h    
  +-----+-----+-----+-----+-----+-----+-----+-----+
8 |  ♖  |     |     |     |  ♔  |     |     |  ♖  |
  +-----+-----+-----+-----+-----+-----+-----+-----+
7 |  ♙  |     |     |     |  ♗  |  ♙  |  ♙  |  ♙  |
  +-----+-----+-----+-----+-----+-----+-----+-----+
6 |  ♘  |     |  ♙  |     |     |     |     |     |
  +-----+-----+-----+-----+-----+-----+-----+-----+
5 |  ♕  |     |     |     |     |  ♟  |     |     |
  +-----+-----+-----+-----+-----+-----+-----+-----+
4 |     |  ♙  |  ♙  |  ♟  |     |  ♝  |     |     |
  +-----+-----+-----+-----+-----+-----+-----+-----+
3 |     |     |  ♟  |     |     |  ♟  |     |     |
  +-----+-----+-----+-----+-----+-----+-----+-----+
2 |  ♟  |     |  ♛  |     |     |  ♚  |  ♟  |  ♟  |
  +-----+-----+-----+-----+-----+-----+-----+-----+
1 |  ♜  |     |     |     |     |  ♝  |     |  ♜  |
  +-----+-----+-----+-----+-----+-----+-----+-----+
     a     b     c     d     e     f     g     h    
(16)Entrez le coup : [H[2J[3JTour : white

     a     b     c     d     e     f     g     h    
  +-----+-----+-----+-----+-----+-----+-----+-----+
8 |  ♖  |     |     |     |     |  ♖  |  ♔  |     |
  +-----+-----+-----+-----+-----+-----+-----+-----+
7 |  ♙  |     |     |     |  ♗  |  ♙  |  ♙  |  ♙  |
  +-----+-----+-----+-----+-----+-----+-----+-----+
6 |  ♘  |     |  ♙  |     |     |     |     |     |
  +-----+-----+-----+-----+-----+-----+-----+-----+
5 |  ♕  |     |     |     |     |  ♟  |     |     |
  +-----+-----+-----+-----+-----+-----+-----+-----+
4 |     |  ♙  |  ♙  |  ♟  |     |  ♝  |     |     |
  +-----+-----+-----+-----+-----+-----+-----+-----+
3 |     |     |  ♟  |     |     |  ♟  |     |     |
  +-----+-----+-----+-----+-----+-----+-----+-----+
2 |  ♟  |     |  ♛  |     |     |  ♚  |  ♟  |  ♟  |
  +-----+-----+-----+-----+-----+-----+-----+-----+
1 |  ♜  |     |     |     |     |  ♝  |     |  ♜  |
  +-----+-----+-----+-----+-----+-----+-----+-----+
     a     b     c     d     e     f     g     h    
(17)Entrez le coup : [H[2J[3JTour : black

     a     b     c     d     e     f     g     h    
  +-----+-----+-----+-----+-----+-----+-----+-----+
8 |  ♖  |     |     |     |     |  ♖  |  ♔  |     |
  +-----+-----+-----+-----+-----+-----+-----+-----+
7 |  ♙  |     |     |     |  ♗  |  ♙  |  ♙  |  ♙  |
  +-----+-----+-----+-----+-----+-----+-----+-----+
6 |  ♘  |     |  ♙  |     |     |     |     |     |
  +-----+-----+-----+-----+-----+-----+-----+-----+
5 |  ♕  |     |     |     |     |  ♟  |     |     |
  +-----+-----+-----+-----+-----+-----+-----+-----+
4 |     |  ♙  |  ♝  |  ♟  |     |  ♝  |     |     |
  +-----+-----+-----+-----+-----+-----+-----+-----+
3 |     |     |  ♟  |     |     |  ♟  |     |     |
  +-----+-----+-----+-----+-----+-----+-----+-----+
2 |  ♟  |     |  ♛  |     |     |  ♚  |  ♟  |  ♟  |
  +-----+-----+-----+-----+-----+-----+-----+-----+
1 |  ♜  |     |     |     |     |     |     |  ♜  |
  +-----+-----+-----+-----+-----+-----+-----+-----+
     a     b     c     d     e     f     g     h    
(17)Entrez le coup : [H[2J[3JTour : white

     a     b     c     d     e     f     g     h    
  +-----+-----+-----+-----+-----+-----+-----+-----+
8 |  ♖  |     |     |     |     |  ♖  |  ♔  |     |
  +-----+-----+-----+-----+-----+-----+-----+-----+
7 |  ♙  |     |     |     |     |  ♙  |  ♙  |  ♙  |
  +-----+-----+-----+-----+-----+-----+-----+-----+
6 |  ♘  |     |  ♙  |     |     |  ♗  |     |     |
  +-----+-----+-----+-----+-----+-----+-----+-----+
5 |  ♕  |     |     |     |     |  ♟  |     |     |
  +-----+-----+-----+-----+-----+-----+-----+-----+
4 |     |  ♙  |  ♝  |  ♟  |     |  ♝  |     |     |
  +-----+-----+-----+-----+-----+-----+-----+-----+
3 |     |     |  ♟  |     |     |  ♟  |     |     |
  +-----+-----+-----+-----+-----+-----+-----+-----+
2 |  ♟  |     |  ♛  |     |     |  ♚  |  ♟  |  ♟  |
  +-----+-----+-----+-----+-----+-----+-----+-----+
1 |  ♜  |     |     |     |     |     |     |  ♜  |
  +-----+-----+-----+-----+-----+-----+-----+-----+
     a     b     c     d     e     f     g     h    
(18)Entrez le coup : [H[2J[3JTour : black

     a     b     c     d     e     f     g     h    
  +-----+-----+-----+-----+-----+-----+-----+-----+
8 |  ♖  |     |     |     |     |  ♖  |  ♔  |     |
  +-----+-----+-----+-----+-----+-----+-----+-----+
7 |  ♙  |     |     |     |     |  ♙  |  ♙  |  ♙  |
  +-----+-----+-----+-----+-----+-----+-----+-----+
6 |  ♘  |     |  ♙  |     |     |  ♗  |     |     |
  +-----+-----+-----+-----+-----+-----+-----+-----+
5 |  ♕  |     |     |     |     |  ♟  |     |     |
  +-----+-----+-----+-----+-----+-----+-----+-----+
4 |     |  ♙  |  ♝  |  ♟  |     |  ♝  |     |     |
  +-----+-----+-----+-----+-----+-----+-----+-----+
3 |     |     |  ♟  |     |     |  ♟  |     |     |
  +-----+-----+-----+-----+-----+-----+-----+-----+
2 |  ♟  |     |  ♛  |     |     |  ♚  |  ♟  |  ♟  |
  +-----+-----+-----+-----+-----+-----+-----+-----+
1 |  ♜  |     |     |     |  ♜  |     |     |     |
  +-----+-----+-----+-----+-----+-----+-----+-----+
     a     b     c     d     e     f     g     h    
(18)Entrez le coup : [H[2J[3JTour : white

     a     b     c     d     e     f     g     h    
  +-----+-----+-----+-----+-----+-----+-----+-----+
8 |  ♖  |     |     |     |     |  ♖  |  ♔  |     |
  +-----+-----+-----+-----+-----+-----+-----+-----+
7 |  ♙  |     |     |     |     |  ♙  |  ♙  |  ♙  |
  +-----+-----+-----+-----+-----+-----+-----+-----+
6 |  ♘  |     |  ♙  |     |     |  ♗  |     |     |
  +-----+-----+-----+-----+-----+-----+-----+-----+
5 |  ♕  |     |     |     |     |  ♟  |     |     |
  +-----+-----+-----+-----+-----+-----+-----+-----+
4 |     |     |  ♝  |  ♟  |     |  ♝  |     |     |
  +-----+-----+-----+-----+-----+-----+-----+-----+
3 |     |     |  ♙  |     |     |  ♟  |     |     |
  +-----+-----+-----+-----+-----+-----+-----+-----+
2 |  ♟  |     |  ♛  |     |     |  ♚  |  ♟  |  ♟  |
  +-----+-----+-----+-----+-----+-----+-----+-----+
1 |  ♜  |     |     |     |  ♜  |     |     |     |
  +-----+-----+-----+-----+-----+-----+-----+-----+
     a     b     c     d     e     f     g     h    
(19)Entrez le coup : [H[2J[3JTour : black

     a     b     c     d     e     f     g     h    
  +-----+-----+-----+-----+-----+-----+-----+-----+
8 |  ♖  |     |     |     |     |  ♖  |  ♔  |     |
  +-----+-----+-----+-----+-----+-----+-----+-----+
7 |  ♙  |     |     |     |     |  ♙  |  ♙  |  ♙  |
  +-----+-----+-----+-----+-----+-----+-----+-----+
6 |  ♘  |     |  ♙  |     |     |  ♗  |     |     |
  +-----+-----+-----+-----+-----+-----+-----+-----+
5 |  ♕  |     |     |     |  ♝  |  ♟  |     |     |
  +-----+-----+-----+-----+-----+-----+-----+-----+
4 |     |     |  ♝  |  ♟  |     |     |     |     |
  +-----+-----+-----+-----+-----+-----+-----+-----+
3 |     |     |  ♙  |     |     |  ♟  |     |     |
  +-----+-----+-----+-----+-----+-----+-----+-----+
2 |  ♟  |     |  ♛  |     |     |  ♚  |  ♟  |  ♟  |
  +-----+-----+-----+-----+-----+-----+-----+-----+
1 |  ♜  |     |     |     |  ♜  |     |     |     |
  +-----+-----+-----+-----+-----+-----+-----+-----+
     a     b     c     d     e     f     g     h    
(19)Entrez le coup : [H[2J[3JTour : white

     a     b     c     d     e     f     g     h    
  +-----+-----+-----+-----+-----+-----+-----+-----+
8 |  ♖  |     |     |     |     |  ♖  |  ♔  |     |
  +-----+-----+-----+-----+-----+-----+-----+-----+
7 |  ♙  |     |     |     |     |  ♙  |  ♙  |  ♙  |
  +-----+-----+-----+-----+-----+-----+-----+-----+
6 |  ♘  |     |  ♙  |     |     |     |     |     |
  +-----+-----+-----+-----+-----+-----+-----+-----+
5 |  ♕  |     |     |     |  ♗  |  ♟  |     |     |
  +-----+-----+-----+-----+-----+-----+-----+-----+
4 |     |     |  ♝  |  ♟  |     |     |     |     |
  +-----+-----+-----+-----+-----+-----+-----+-----+
3 |     |     |  ♙  |     |     |  ♟  |     |     |
  +-----+-----+-----+-----+-----+-----+-----+-----+
2 |  ♟  |     |  ♛  |     |     |  ♚  |  ♟  |  ♟  |
  +-----+-----+-----+-----+-----+-----+-----+-----+
1 |  ♜  |     |     |     |  ♜  |     |     |     |
  +-----+-----+-----+-----+-----+-----+-----+-----+
     a     b     c     d     e     f     g     h    
(20)Entrez le coup : [H[2J[3JTour : black

     a     b     c     d     e     f     g     h    
  +-----+-----+-----+-----+-----+-----+-----+-----+
8 |  ♖  |     |     |     |     |  ♖  |  ♔  |     |
  +-----+-----+-----+-----+-----+-----+-----+-----+
7 |  ♙  |     |     |     |     |  ♙  |  ♙  |  ♙  |
  +-----+-----+-----+-----+-----+-----+-----+-----+
6 |  ♘  |     |  ♙  |     |     |     |     |     |
  +-----+-----+-----+-----+-----+-----+-----+-----+
5 |  ♕  |     |     |     |  ♜  |  ♟  |     |     |
  +-----+-----+-----+-----+-----+-----+-----+-----+
4 |     |     |  ♝  |  ♟  |     |     |     |     |
  +-----+-----+-----+-----+-----+-----+-----+-----+
3 |     |     |  ♙  |     |     |  ♟  |     |     |
  +-----+-----+-----+-----+-----+-----+-----+-----+
2 |  ♟  |     |  ♛  |     |     |  ♚  |  ♟  |  ♟  |
  +-----+-----+-----+-----+-----+-----+-----+-----+
1 |  ♜  |     |     |     |     |     |     |     |
  +-----+-----+-----+-----+-----+-----+-----+-----+
     a     b     c     d     e     f     g     h    
(20)Entrez le coup : [H[2J[3JTour : white

     a     b     c     d     e     f     g     h    
  +-----+-----+-----+-----+-----+-----+-----+-----+
8 |  ♖  |     |     |     |     |  ♖  |  ♔  |     |
  +-----+-----+-----+-----+-----+-----+-----+-----+
7 |  ♙  |     |     |     |     |  ♙  |  ♙  |  ♙  |
  +-----+-----+-----+-----+-----+-----+-----+-----+
6 |  ♘  |     |  ♙  |     |     |     |     |     |
  +-----+-----+-----+-----+-----+-----+-----+-----+
5 |     |     |     |     |  ♜  |  ♟  |     |     |
  +-----+-----+-----+-----+-----+-----+-----+-----+
4 |     |     |  ♝  |  ♟  |     |     |     |     |
  +-----+-----+-----+-----+-----+-----+-----+-----+
3 |  ♕  |     |  ♙  |     |     |  ♟  |     |     |
  +-----+-----+-----+-----+-----+-----+-----+-----+
2 |  ♟  |     |  ♛  |     |     |  ♚  |  ♟  |  ♟  |
  +-----+-----+-----+-----+-----+-----+-----+-----+
1 |  ♜  |     |     |     |     |     |     |     |
  +-----+-----+-----+-----+-----+-----+-----+-----+
     a     b     c     d     e     f     g     h    
(21)Entrez le coup : [H[2J[3JTour : black

     a     b     c     d     e     f     g     h    
  +-----+-----+-----+-----+-----+-----+-----+-----+
8 |  ♖  |     |     |     |     |  ♖  |  ♔  |     |
  +-----+-----+-----+-----+-----+-----+-----+-----+
7 |  ♙  |     |     |     |     |  ♙  |  ♙  |  ♙  |
  +-----+-----+-----+-----+-----+-----+-----+-----+
6 |  ♘  |     |  ♙  |     |     |     |     |     |
  +-----+-----+-----+-----+-----+-----+-----+-----+
5 |     |     |     |     |  ♜  |  ♟  |     |     |
  +-----+-----+-----+-----+-----+-----+-----+-----+
4 |     |     |  ♝  |  ♟  |     |     |     |     |
  +-----+-----+-----+-----+-----+-----+-----+-----+
3 |  ♕  |     |  ♙  |     |     |  ♟  |     |     |
  +-----+-----+-----+-----+-----+-----+-----+-----+
2 |  ♟  |     |  ♛  |     |     |  ♚  |  ♟  |  ♟  |
  +-----+-----+-----+-----+-----+-----+-----+-----+
1 |     |     |  ♜  |     |     |     |     |     |
  +-----+-----+-----+-----+-----+-----+-----+-----+
     a     b     c     d     e     f     g     h    
(21)Entrez le coup : [H[2J[3JTour : white

     a     b     c     d     e     f     g     h    
  +-----+-----+-----+-----+-----+-----+-----+-----+
8 |  ♖  |     |     |     |     |  ♖  |  ♔  |     |
  +-----+-----+-----+-----+-----+-----+-----+-----+
7 |  ♙  |     |  ♘  |     |     |  ♙  |  ♙  |  ♙  |
  +-----+-----+-----+-----+-----+-----+-----+-----+
6 |     |     |  ♙  |     |     |     |     |     |
  +-----+-----+-----+-----+-----+-----+-----+-----+
5 |     |     |     |     |  ♜  |  ♟  |     |     |
  +-----+-----+-----+-----+-----+-----+-----+-----+
4 |     |     |  ♝  |  ♟  |     |     |     |     |
  +-----+-----+-----+-----+-----+-----+-----+-----+
3 |  ♕  |     |  ♙  |     |     |  ♟  |     |     |
  +-----+-----+-----+-----+-----+-----+-----+-----+
2 |  ♟  |     |  ♛  |     |     |  ♚  |  ♟  |  ♟  |
  +-----+-----+-----+-----+-----+-----+-----+-----+
1 |     |     |  ♜  |     |     |     |     |     |
  +-----+-----+-----+-----+-----+-----+-----+-----+
     a     b     c     d     e     f     g     h    
(22)Entrez le coup : [H[2J[3JTour : black

     a     b     c     d     e     f     g     h    
  +-----+-----+-----+-----+-----+-----+-----+-----+
8 |  ♖  |     |     |     |     |  ♖  |  ♔  |     |
  +-----+-----+-----+-----+-----+-----+-----+-----+
7 |  ♙  |     |  ♘  |     |     |  ♙  |  ♙  |  ♙  |
  +-----+-----+-----+-----+-----+-----+-----+-----+
6 |     |     |  ♙  |     |     |     |     |     |
  +-----+-----+-----+-----+-----+-----+-----+-----+
5 |     |     |     |     |  ♜  |  ♟  |     |     |
  +-----+-----+-----+-----+-----+-----+-----+-----+
4 |     |     |  ♝  |  ♟  |     |     |     |     |
  +-----+-----+-----+-----+-----+-----+-----+-----+
3 |  ♕  |     |  ♛  |     |     |  ♟  |     |     |
  +-----+-----+-----+-----+-----+-----+-----+-----+
2 |  ♟  |     |     |     |     |  ♚  |  ♟  |  ♟  |
  +-----+-----+-----+-----+-----+-----+-----+-----+
1 |     |     |  ♜  |     |     |     |     |     |
  +-----+-----+-----+-----+-----+-----+-----+-----+
     a     b     c     d     e     f     g     h    
(22)Entrez le coup : [H[2J[3JTour : white

     a     b     c     d     e     f     g     h    
  +-----+-----+-----+-----+-----+-----+-----+-----+
8 |  ♖  |     |     |     |     |  ♖  |  ♔  |     |
  +-----+-----+-----+-----+-----+-----+-----+-----+
7 |  ♙  |     |  ♘  |     |     |  ♙  |  ♙  |  ♙  |
  +-----+-----+-----+-----+-----+-----+-----+-----+
6 |     |     |  ♙  |  ♕  |     |     |     |     |
  +-----+-----+-----+-----+-----+-----+-----+-----+
5 |     |     |     |     |  ♜  |  ♟  |     |     |
  +-----+-----+-----+-----+-----+-----+-----+-----+
4 |     |     |  ♝  |  ♟  |     |     |     |     |
  +-----+-----+-----+-----+-----+-----+-----+-----+
3 |     |     |  ♛  |     |     |  ♟  |     |     |
  +-----+-----+-----+-----+-----+-----+-----+-----+
2 |  ♟  |     |     |     |     |  ♚  |  ♟  |  ♟  |
  +-----+-----+-----+-----+-----+-----+-----+-----+
1 |     |     |  ♜  |     |     |     |     |     |
  +-----+-----+-----+-----+-----+-----+-----+-----+
     a     b     c     d     e     f     g     h    
(23)Entrez le coup : [H[2J[3JTour : black

     a     b     c     d     e     f     g     h    
  +-----+-----+-----+-----+-----+-----+-----+-----+
8 |  ♖  |     |     |     |     |  ♖  |  ♔  |     |
  +-----+-----+-----+-----+-----+-----+-----+-----+
7 |  ♙  |     |  ♘  |     |     |  ♙  |  ♙  |  ♙  |
  +-----+-----+-----+-----+-----+-----+-----+-----+
6 |     |     |  ♙  |  ♕  |     |     |     |     |
  +-----+-----+-----+-----+-----+-----+-----+-----+
5 |     |     |     |     |  ♜  |  ♟  |     |     |
  +-----+-----+-----+-----+-----+-----+-----+-----+
4 |     |     |  ♝  |  ♟  |     |     |     |     |
  +-----+-----+-----+-----+-----+-----+-----+-----+
3 |     |     |  ♛  |     |     |  ♟  |     |     |
  +-----+-----+-----+-----+-----+-----+-----+-----+
2 |  ♟  |     |     |     |     |     |  ♟  |  ♟  |
  +-----+-----+-----+-----+-----+-----+-----+-----+
1 |     |     |  ♜  |     |     |     |  ♚  |     |
  +-----+-----+-----+-----+-----+-----+-----+-----+
     a     b     c     d     e     f     g     h    
(23)Entrez le coup : [H[2J[3JTour : white

     a     b     c     d     e     f     g     h    
  +-----+-----+-----+-----+-----+-----+-----+-----+
8 |     |     |     |  ♖  |     |  ♖  |  ♔  |     |
  +-----+-----+-----+-----+-----+-----+-----+-----+
7 |  ♙  |     |  ♘  |     |     |  ♙  |  ♙  |  ♙  |
  +-----+-----+-----+-----+-----+-----+-----+-----+
6 |     |     |  ♙  |  ♕  |     |     |     |     |
  +-----+-----+-----+-----+-----+-----+-----+-----+
5 |     |     |     |     |  ♜  |  ♟  |     |     |
  +-----+-----+-----+-----+-----+-----+-----+-----+
4 |     |     |  ♝  |  ♟  |     |     |     |     |
  +-----+-----+-----+-----+-----+-----+-----+-----+
3 |     |     |  ♛  |     |     |  ♟  |     |     |
  +-----+-----+-----+-----+-----+-----+-----+-----+
2 |  ♟  |     |     |     |     |     |  ♟  |  ♟  |
  +-----+-----+-----+-----+-----+-----+-----+-----+
1 |     |     |  ♜  |     |     |     |  ♚  |     |
  +-----+-----+-----+-----+-----+-----+-----+-----+
     a     b     c     d     e     f     g     h    
(24)Entrez le coup : [H[2J[3JTour : black

     a     b     c     d     e     f     g     h    
  +-----+-----+-----+-----+-----+-----+-----+-----+
8 |     |     |     |  ♖  |     |  ♖  |  ♔  |     |
  +-----+-----+-----+-----+-----+-----+-----+-----+
7 |  ♙  |     |  ♘  |     |     |  ♙  |  ♙  |  ♙  |
  +-----+-----+-----+-----+-----+-----+-----+-----+
6 |     |     |  ♙  |  ♕  |     |     |     |     |
  +-----+-----+-----+-----+-----+-----+-----+-----+
5 |     |     |     |     |  ♜  |  ♟  |     |     |
  +-----+-----+-----+-----+-----+-----+-----+-----+
4 |  ♟  |     |  ♝  |  ♟  |     |     |     |     |
  +-----+-----+-----+-----+-----+-----+-----+-----+
3 |     |     |  ♛  |     |     |  ♟  |     |     |
  +-----+-----+-----+-----+-----+-----+-----+-----+
2 |     |     |     |     |     |     |  ♟  |  ♟  |
  +-----+-----+-----+-----+-----+-----+-----+-----+
1 |     |     |  ♜  |     |     |     |  ♚  |     |
  +-----+-----+-----+-----+-----+-----+-----+-----+
     a     b     c     d     e     f     g     h    
(24)Entrez le coup : [H[2J[3JTour : white

     a     b     c     d     e     f     g     h    
  +-----+-----+-----+-----+-----+-----+-----+-----+
8 |     |     |     |  ♖  |     |  ♖  |  ♔  |     |
  +-----+-----+-----+-----+-----+-----+-----+-----+
7 |  ♙  |     |     |     |     |  ♙  |  ♙  |  ♙  |
  +-----+-----+-----+-----+-----+-----+-----+-----+
6 |     |     |  ♙  |  ♕  |     |     |     |     |
  +-----+-----+-----+-----+-----+-----+-----+-----+
5 |     |     |     |  ♘  |  ♜  |  ♟  |     |     |
  +-----+-----+-----+-----+-----+-----+-----+-----+
4 |  ♟  |     |  ♝  |  ♟  |     |     |     |     |
  +-----+-----+-----+-----+-----+-----+-----+-----+
3 |     |     |  ♛  |     |     |  ♟  |     |     |
  +-----+-----+-----+-----+-----+-----+-----+-----+
2 |     |     |     |     |     |     |  ♟  |  ♟  |
  +-----+-----+-----+-----+-----+-----+-----+-----+
1 |     |     |  ♜  |     |     |     |  ♚  |     |
  +-----+-----+-----+-----+-----+-----+-----+-----+
     a     b     c     d     e     f     g     h    
(25)Entrez le coup : [H[2J[3JTour : black

     a     b     c     d     e     f     g     h    
  +-----+-----+-----+-----+-----+-----+-----+-----+
8 |     |     |     |  ♖  |     |  ♖  |  ♔  |     |
  +-----+-----+-----+-----+-----+-----+-----+-----+
7 |  ♙  |     |     |     |     |  ♙  |  ♙  |  ♙  |
  +-----+-----+-----+-----+-----+-----+-----+-----+
6 |     |     |  ♙  |  ♕  |     |     |     |     |
  +-----+-----+-----+-----+-----+-----+-----+-----+
5 |     |     |     |  ♝  |  ♜  |  ♟  |     |     |
  +-----+-----+-----+-----+-----+-----+-----+-----+
4 |  ♟  |     |     |  ♟  |     |     |     |     |
  +-----+-----+-----+-----+-----+-----+-----+-----+
3 |     |     |  ♛  |     |     |  ♟  |     |     |
  +-----+-----+-----+-----+-----+-----+-----+-----+
2 |     |     |     |     |     |     |  ♟  |  ♟  |
  +-----+-----+-----+-----+-----+-----+-----+-----+
1 |     |     |  ♜  |     |     |     |  ♚  |     |
  +-----+-----+-----+-----+-----+-----+-----+-----+
     a     b     c     d     e     f     g     h    
(25)Entrez le coup : [H[2J[3JTour : white

     a     b     c     d     e     f     g     h    
  +-----+-----+-----+-----+-----+-----+-----+-----+
8 |     |     |     |  ♖  |     |  ♖  |  ♔  |     |
  +-----+-----+-----+-----+-----+-----+-----+-----+
7 |  ♙  |     |     |     |     |  ♙  |  ♙  |  ♙  |
  +-----+-----+-----+-----+-----+-----+-----+-----+
6 |     |     |     |  ♕  |     |     |     |     |
  +-----+-----+-----+-----+-----+-----+-----+-----+
5 |     |     |     |  ♙  |  ♜  |  ♟  |     |     |
  +-----+-----+-----+-----+-----+-----+-----+-----+
4 |  ♟  |     |     |  ♟  |     |     |     |     |
  +-----+-----+-----+-----+-----+-----+-----+-----+
3 |     |     |  ♛  |     |     |  ♟  |     |     |
  +-----+-----+-----+-----+-----+-----+-----+-----+
2 |     |     |     |     |     |     |  ♟  |  ♟  |
  +-----+-----+-----+-----+-----+-----+-----+-----+
1 |     |     |  ♜  |     |     |     |  ♚  |     |
  +-----+-----+-----+-----+-----+-----+-----+-----+
     a     b     c     d     e     f     g     h    
(26)Entrez le coup : [H[2J[3JTour : black

     a     b     c     d     e     f     g     h    
  +-----+-----+-----+-----+-----+-----+-----+-----+
8 |     |     |     |  ♖  |     |  ♖  |  ♔  |     |
  +-----+-----+-----+-----+-----+-----+-----+-----+
7 |  ♙  |     |     |     |     |  ♙  |  ♙  |  ♙  |
  +-----+-----+-----+-----+-----+-----+-----+-----+
6 |     |     |     |  ♕  |     |     |     |     |
  +-----+-----+-----+-----+-----+-----+-----+-----+
5 |     |     |  ♛  |  ♙  |  ♜  |  ♟  |     |     |
  +-----+-----+-----+-----+-----+-----+-----+-----+
4 |  ♟  |     |     |  ♟  |     |     |     |     |
  +-----+-----+-----+-----+-----+-----+-----+-----+
3 |     |     |     |     |     |  ♟  |     |     |
  +-----+-----+-----+-----+-----+-----+-----+-----+
2 |     |     |     |     |     |     |  ♟  |  ♟  |
  +-----+-----+-----+-----+-----+-----+-----+-----+
1 |     |     |  ♜  |     |     |     |  ♚  |     |
  +-----+-----+-----+-----+-----+-----+-----+-----+
     a     b     c     d     e     f     g     h    
(26)Entrez le coup : [H[2J[3JTour : white

     a     b     c     d     e     f     g     h    
  +-----+-----+-----+-----+-----+-----+-----+-----+
8 |     |     |     |  ♖  |     |  ♖  |  ♔  |     |
  +-----+-----+-----+-----+-----+-----+-----+-----+
7 |  ♙  |     |     |     |     |  ♙  |  ♙  |  ♙  |
  +-----+-----+-----+-----+-----+-----+-----+-----+
6 |  ♕  |     |     |     |     |     |     |     |
  +-----+-----+-----+-----+-----+-----+-----+-----+
5 |     |     |  ♛  |  ♙  |  ♜  |  ♟  |     |     |
  +-----+-----+-----+-----+-----+-----+-----+-----+
4 |  ♟  |     |     |  ♟  |     |     |     |     |
  +-----+-----+-----+-----+-----+-----+-----+-----+
3 |     |     |     |     |     |  ♟  |     |     |
  +-----+-----+-----+-----+-----+-----+-----+-----+
2 |     |     |     |     |     |     |  ♟  |  ♟  |
  +-----+-----+-----+-----+-----+-----+-----+-----+
1 |     |     |  ♜  |     |     |     |  ♚  |     |
  +-----+-----+-----+-----+-----+-----+-----+-----+
     a     b     c     d     e     f     g     h    
(27)Entrez le coup : [H[2J[3JTour : black

     a     b     c     d     e     f     g     h    
  +-----+-----+-----+-----+-----+-----+-----+-----+
8 |     |     |     |  ♖  |     |  ♖  |  ♔  |     |
  +-----+-----+-----+-----+-----+-----+-----+-----+
7 |  ♙  |     |     |     |     |  ♙  |  ♙  |  ♙  |
  +-----+-----+-----+-----+-----+-----+-----+-----+
6 |  ♕  |     |     |     |     |     |     |     |
  +-----+-----+-----+-----+-----+-----+-----+-----+
5 |     |  ♛  |     |  ♙  |  ♜  |  ♟  |     |     |
  +-----+-----+-----+-----+-----+-----+-----+-----+
4 |  ♟  |     |     |  ♟  |     |     |     |     |
  +-----+-----+-----+-----+-----+-----+-----+-----+
3 |     |     |     |     |     |  ♟  |     |     |
  +-----+-----+-----+-----+-----+-----+-----+-----+
2 |     |     |     |     |     |     |  ♟  |  ♟  |
  +-----+-----+-----+-----+-----+-----+-----+-----+
1 |     |     |  ♜  |     |     |     |  ♚  |     |
  +-----+-----+-----+-----+-----+-----+-----+-----+
     a     b     c     d     e     f     g     h    
(27)Entrez le coup : [H[2J[3JTour : white

     a     b     c     d     e     f     g     h    
  +-----+-----+-----+-----+-----+-----+-----+-----+
8 |     |     |     |  ♖  |     |  ♖  |  ♔  |     |
  +-----+-----+-----+-----+-----+-----+-----+-----+
7 |  ♙  |     |     |     |     |  ♙  |  ♙  |  ♙  |
  +-----+-----+-----+-----+-----+-----+-----+-----+
6 |     |  ♕  |     |     |     |     |     |     |
  +-----+-----+-----+-----+-----+-----+-----+-----+
5 |     |  ♛  |     |  ♙  |  ♜  |  ♟  |     |     |
  +-----+-----+-----+-----+-----+-----+-----+-----+
4 |  ♟  |     |     |  ♟  |     |     |     |     |
  +-----+-----+-----+-----+-----+-----+-----+-----+
3 |     |     |     |     |     |  ♟  |     |     |
  +-----+-----+-----+-----+-----+-----+-----+-----+
2 |     |     |     |     |     |     |  ♟  |  ♟  |
  +-----+-----+-----+-----+-----+-----+-----+-----+
1 |     |     |  ♜  |     |     |     |  ♚  |     |
  +-----+-----+-----+-----+-----+-----+-----+-----+
     a     b     c     d     e     f     g     h    
(28)Entrez le coup : [H[2J[3JTour : black

     a     b     c     d     e     f     g     h    
  +-----+-----+-----+-----+-----+-----+-----+-----+
8 |     |     |     |  ♖  |     |  ♖  |  ♔  |     |
  +-----+-----+-----+-----+-----+-----+-----+-----+
7 |  ♙  |     |     |     |     |  ♙  |  ♙  |  ♙  |
  +-----+-----+-----+-----+-----+-----+-----+-----+
6 |     |  ♕  |     |     |     |     |     |     |
  +-----+-----+-----+-----+-----+-----+-----+-----+
5 |     |  ♛  |     |  ♙  |  ♜  |  ♟  |     |     |
  +-----+-----+-----+-----+-----+-----+-----+-----+
4 |  ♟  |     |     |  ♟  |     |     |     |     |
  +-----+-----+-----+-----+-----+-----+-----+-----+
3 |     |     |     |     |     |  ♟  |     |     |
  +-----+-----+-----+-----+-----+-----+-----+-----+
2 |     |     |     |     |     |     |  ♟  |  ♟  |
  +-----+-----+-----+-----+-----+-----+-----+-----+
1 |     |     |     |  ♜  |     |     |  ♚  |     |
  +-----+-----+-----+-----+-----+-----+-----+-----+
     a     b     c     d     e     f     g     h    
(28)Entrez le coup : [H[2J[3JTour : white

     a     b     c     d     e     f     g     h    
  +-----+-----+-----+-----+-----+-----+-----+-----+
8 |     |     |     |  ♖  |     |  ♖  |  ♔  |     |
  +-----+-----+-----+-----+-----+-----+-----+-----+
7 |  ♙  |     |     |     |     |  ♙  |  ♙  |  ♙  |
  +-----+-----+-----+-----+-----+-----+-----+-----+
6 |     |     |     |  ♕  |     |     |     |     |
  +-----+-----+-----+-----+-----+-----+-----+-----+
5 |     |  ♛  |     |  ♙  |  ♜  |  ♟  |     |     |
  +-----+-----+-----+-----+-----+-----+-----+-----+
4 |  ♟  |     |     |  ♟  |     |     |     |     |
  +-----+-----+-----+-----+-----+-----+-----+-----+
3 |     |     |     |     |     |  ♟  |     |     |
  +-----+-----+-----+-----+-----+-----+-----+-----+
2 |     |     |     |     |     |     |  ♟  |  ♟  |
  +-----+-----+-----+-----+-----+-----+-----+-----+
1 |     |     |     |  ♜  |     |     |  ♚  |     |
  +-----+-----+-----+-----+-----+-----+-----+-----+
     a     b     c     d     e     f     g     h    
(29)Entrez le coup : [H[2J[3JTour : black

     a     b     c     d     e     f     g     h    
  +-----+-----+-----+-----+-----+-----+-----+-----+
8 |     |     |     |  ♖  |     |  ♖  |  ♔  |     |
  +-----+-----+-----+-----+-----+-----+-----+-----+
7 |  ♙  |     |     |     |     |  ♙  |  ♙  |  ♙  |
  +-----+-----+-----+-----+-----+-----+-----+-----+
6 |     |     |     |  ♕  |     |     |     |     |
  +-----+-----+-----+-----+-----+-----+-----+-----+
5 |     |  ♛  |     |  ♙  |  ♜  |  ♟  |     |     |
  +-----+-----+-----+-----+-----+-----+-----+-----+
4 |  ♟  |     |     |  ♟  |     |     |     |     |
  +-----+-----+-----+-----+-----+-----+-----+-----+
3 |     |     |     |     |     |  ♟  |     |     |
  +-----+-----+-----+-----+-----+-----+-----+-----+
2 |     |     |     |     |     |     |  ♟  |  ♟  |
  +-----+-----+-----+-----+-----+-----+-----+-----+
1 |     |     |     |     |  ♜  |     |  ♚  |     |
  +-----+-----+-----+-----+-----+-----+-----+-----+
     a     b     c     d     e     f     g     h    
(29)Entrez le coup : [H[2J[3JTour : white

     a     b     c     d     e     f     g     h    
  +-----+-----+-----+-----+-----+-----+-----+-----+
8 |     |     |     |  ♖  |     |  ♖  |  ♔  |     |
  +-----+-----+-----+-----+-----+-----+-----+-----+
7 |  ♙  |     |     |     |     |  ♙  |  ♙  |  ♙  |
  +-----+-----+-----+-----+-----+-----+-----+-----+
6 |     |     |     |     |     |     |     |     |
  +-----+-----+-----+-----+-----+-----+-----+-----+
5 |     |  ♛  |     |  ♙  |  ♜  |  ♟  |     |     |
  +-----+-----+-----+-----+-----+-----+-----+-----+
4 |  ♟  |     |     |  ♟  |     |     |     |     |
  +-----+-----+-----+-----+-----+-----+-----+-----+
3 |  ♕  |     |     |     |     |  ♟  |     |     |
  +-----+-----+-----+-----+-----+-----+-----+-----+
2 |     |     |     |     |     |     |  ♟  |  ♟  |
  +-----+-----+-----+-----+-----+-----+-----+-----+
1 |     |     |     |     |  ♜  |     |  ♚  |     |
  +-----+-----+-----+-----+-----+-----+-----+-----+
     a     b     c     d     e     f     g     h    
(30)Entrez le coup : [H[2J[3JTour : black

     a     b     c     d     e     f     g     h    
  +-----+-----+-----+-----+-----+-----+-----+-----+
8 |     |     |     |  ♖  |     |  ♖  |  ♔  |     |
  +-----+-----+-----+-----+-----+-----+-----+-----+
7 |  ♙  |     |     |     |     |  ♙  |  ♙  |  ♙  |
  +-----+-----+-----+-----+-----+-----+-----+-----+
6 |     |     |     |     |     |     |     |     |
  +-----+-----+-----+-----+-----+-----+-----+-----+
5 |  ♛  |     |     |  ♙  |  ♜  |  ♟  |     |     |
  +-----+-----+-----+-----+-----+-----+-----+-----+
4 |  ♟  |     |     |  ♟  |     |     |     |     |
  +-----+-----+-----+-----+-----+-----+-----+-----+
3 |  ♕  |     |     |     |     |  ♟  |     |     |
  +-----+-----+-----+-----+-----+-----+-----+-----+
2 |     |     |     |     |     |     |  ♟  |  ♟  |
  +-----+-----+-----+-----+-----+-----+-----+-----+
1 |     |     |     |     |  ♜  |     |  ♚  |     |
  +-----+-----+-----+-----+-----+-----+-----+-----+
     a     b     c     d     e     f     g     h    
(30)Entrez le coup : [H[2J[3JTour : white

     a     b     c     d     e     f     g     h    
  +-----+-----+-----+-----+-----+-----+-----+-----+
8 |     |     |     |     |     |  ♖  |  ♔  |     |
  +-----+-----+-----+-----+-----+-----+-----+-----+
7 |  ♙  |     |     |  ♖  |     |  ♙  |  ♙  |  ♙  |
  +-----+-----+-----+-----+-----+-----+-----+-----+
6 |     |     |     |     |     |     |     |     |
  +-----+-----+-----+-----+-----+-----+-----+-----+
5 |  ♛  |     |     |  ♙  |  ♜  |  ♟  |     |     |
  +-----+-----+-----+-----+-----+-----+-----+-----+
4 |  ♟  |     |     |  ♟  |     |     |     |     |
  +-----+-----+-----+-----+-----+-----+-----+-----+
3 |  ♕  |     |     |     |     |  ♟  |     |     |
  +-----+-----+-----+-----+-----+-----+-----+-----+
2 |     |     |     |     |     |     |  ♟  |  ♟  |
  +-----+-----+-----+-----+-----+-----+-----+-----+
1 |     |     |     |     |  ♜  |     |  ♚  |     |
  +-----+-----+-----+-----+-----+-----+-----+-----+
     a     b     c     d     e     f     g     h    
(31)Entrez le coup : [H[2J[3JTour : black

     a     b     c     d     e     f     g     h    
  +-----+-----+-----+-----+-----+-----+-----+-----+
8 |     |     |     |     |     |  ♖  |  ♔  |     |
  +-----+-----+-----+-----+-----+-----+-----+-----+
7 |  ♙  |     |     |  ♖  |     |  ♙  |  ♙  |  ♙  |
  +-----+-----+-----+-----+-----+-----+-----+-----+
6 |     |     |     |     |     |     |     |     |
  +-----+-----+-----+-----+-----+-----+-----+-----+
5 |     |  ♛  |     |  ♙  |  ♜  |  ♟  |     |     |
  +-----+-----+-----+-----+-----+-----+-----+-----+
4 |  ♟  |     |     |  ♟  |     |     |     |     |
  +-----+-----+-----+-----+-----+-----+-----+-----+
3 |  ♕  |     |     |     |     |  ♟  |     |     |
  +-----+-----+-----+-----+-----+-----+-----+-----+
2 |     |     |     |     |     |     |  ♟  |  ♟  |
  +-----+-----+-----+-----+-----+-----+-----+-----+
1 |     |     |     |     |  ♜  |     |  ♚  |     |
  +-----+-----+-----+-----+-----+-----+-----+-----+
     a     b     c     d     e     f     g     h    
(31)Entrez le coup : [H[2J[3JTour : white

     a     b     c     d     e     f     g     h    
  +-----+-----+-----+-----+-----+-----+-----+-----+
8 |     |     |     |     |     |  ♖  |  ♔  |     |
  +-----+-----+-----+-----+-----+-----+-----+-----+
7 |  ♙  |     |     |  ♖  |     |  ♙  |  ♙  |  ♙  |
  +-----+-----+-----+-----+-----+-----+-----+-----+
6 |     |     |     |  ♕  |     |     |     |     |
  +-----+-----+-----+-----+-----+-----+-----+-----+
5 |     |  ♛  |     |  ♙  |  ♜  |  ♟  |     |     |
  +-----+-----+-----+-----+-----+-----+-----+-----+
4 |  ♟  |     |     |  ♟  |     |     |     |     |
  +-----+-----+-----+-----+-----+-----+-----+-----+
3 |     |     |     |     |     |  ♟  |     |     |
  +-----+-----+-----+-----+-----+-----+-----+-----+
2 |     |     |     |     |     |     |  ♟  |  ♟  |
  +-----+-----+-----+-----+-----+-----+-----+-----+
1 |     |     |     |     |  ♜  |     |  ♚  |     |
  +-----+-----+-----+-----+-----+-----+-----+-----+
     a     b     c     d     e     f     g     h    
(32)Entrez le coup : [H[2J[3JTour : black

     a     b     c     d     e     f     g     h    
  +-----+-----+-----+-----+-----+-----+-----+-----+
8 |     |     |     |     |     |  ♖  |  ♔  |     |
  +-----+-----+-----+-----+-----+-----+-----+-----+
7 |  ♙  |     |     |  ♖  |     |  ♙  |  ♙  |  ♙  |
  +-----+-----+-----+-----+-----+-----+-----+-----+
6 |     |     |     |  ♕  |     |     |     |     |
  +-----+-----+-----+-----+-----+-----+-----+-----+
5 |     |  ♛  |     |  ♙  |  ♜  |  ♟  |     |     |
  +-----+-----+-----+-----+-----+-----+-----+-----+
4 |  ♟  |     |     |  ♟  |     |     |     |     |
  +-----+-----+-----+-----+-----+-----+-----+-----+
3 |     |     |     |     |     |  ♟  |     |     |
  +-----+-----+-----+-----+-----+-----+-----+-----+
2 |     |     |     |     |     |     |  ♟  |  ♟  |
  +-----+-----+-----+-----+-----+-----+-----+-----+
1 |     |     |  ♜  |     |     |     |  ♚  |     |
  +-----+-----+-----+-----+-----+-----+-----+-----+
     a     b     c     d     e     f     g     h    
(32)Entrez le coup : [H[2J[3JTour : white

     a     b     c     d     e     f     g     h    
  +-----+-----+-----+-----+-----+-----+-----+-----+
8 |     |     |     |     |     |  ♖  |  ♔  |     |
  +-----+-----+-----+-----+-----+-----+-----+-----+
7 |  ♙  |     |     |  ♖  |     |  ♙  |  ♙  |     |
  +-----+-----+-----+-----+-----+-----+-----+-----+
6 |     |     |     |  ♕  |     |     |     |  ♙  |
  +-----+-----+-----+-----+-----+-----+-----+-----+
5 |     |  ♛  |     |  ♙  |  ♜  |  ♟  |     |     |
  +-----+-----+-----+-----+-----+-----+-----+-----+
4 |  ♟  |     |     |  ♟  |     |     |     |     |
  +-----+-----+-----+-----+-----+-----+-----+-----+
3 |     |     |     |     |     |  ♟  |     |     |
  +-----+-----+-----+-----+-----+-----+-----+-----+
2 |     |     |     |     |     |     |  ♟  |  ♟  |
  +-----+-----+-----+-----+-----+-----+-----+-----+
1 |     |     |  ♜  |     |     |     |  ♚  |     |
  +-----+-----+-----+-----+-----+-----+-----+-----+
     a     b     c     d     e     f     g     h    
(33)Entrez le coup : [H[2J[3JTour : black

     a     b     c     d     e     f     g     h    
  +-----+-----+-----+-----+-----+-----+-----+-----+
8 |     |     |     |     |     |  ♖  |  ♔  |     |
  +-----+-----+-----+-----+-----+-----+-----+-----+
7 |  ♙  |     |     |  ♖  |     |  ♙  |  ♙  |     |
  +-----+-----+-----+-----+-----+-----+-----+-----+
6 |     |     |     |  ♕  |     |     |     |  ♙  |
  +-----+-----+-----+-----+-----+-----+-----+-----+
5 |     |     |  ♛  |  ♙  |  ♜  |  ♟  |     |     |
  +-----+-----+-----+-----+-----+-----+-----+-----+
4 |  ♟  |     |     |  ♟  |     |     |     |     |
  +-----+-----+-----+-----+-----+-----+-----+-----+
3 |     |     |     |     |     |  ♟  |     |     |
  +-----+-----+-----+-----+-----+-----+-----+-----+
2 |     |     |     |     |     |     |  ♟  |  ♟  |
  +-----+-----+-----+-----+-----+-----+-----+-----+
1 |     |     |  ♜  |     |     |     |  ♚  |     |
  +-----+-----+-----+-----+-----+-----+-----+-----+
     a     b     c     d     e     f     g     h    
(33)Entrez le coup : [H[2J[3JTour : white

     a     b     c     d     e     f     g     h    
  +-----+-----+-----+-----+-----+-----+-----+-----+
8 |     |     |     |     |     |  ♖  |  ♔  |     |
  +-----+-----+-----+-----+-----+-----+-----+-----+
7 |  ♙  |     |     |  ♖  |     |  ♙  |  ♙  |     |
  +-----+-----+-----+-----+-----+-----+-----+-----+
6 |  ♕  |     |     |     |     |     |     |  ♙  |
  +-----+-----+-----+-----+-----+-----+-----+-----+
5 |     |     |  ♛  |  ♙  |  ♜  |  ♟  |     |     |
  +-----+-----+-----+-----+-----+-----+-----+-----+
4 |  ♟  |     |     |  ♟  |     |     |     |     |
  +-----+-----+-----+-----+-----+-----+-----+-----+
3 |     |     |     |     |     |  ♟  |     |     |
  +-----+-----+-----+-----+-----+-----+-----+-----+
2 |     |     |     |     |     |     |  ♟  |  ♟  |
  +-----+-----+-----+-----+-----+-----+-----+-----+
1 |     |     |  ♜  |     |     |     |  ♚  |     |
  +-----+-----+-----+-----+-----+-----+-----+-----+
     a     b     c     d     e     f     g     h    
(34)Entrez le coup : [H[2J[3JTour : black

     a     b     c     d     e     f     g     h    
  +-----+-----+-----+-----+-----+-----+-----+-----+
8 |     |     |     |     |     |  ♖  |  ♔  |     |
  +-----+-----+-----+-----+-----+-----+-----+-----+
7 |  ♙  |     |     |  ♖  |     |  ♙  |  ♙  |     |
  +-----+-----+-----+-----+-----+-----+-----+-----+
6 |  ♕  |     |     |     |     |     |     |  ♙  |
  +-----+-----+-----+-----+-----+-----+-----+-----+
5 |     |  ♛  |     |  ♙  |  ♜  |  ♟  |     |     |
  +-----+-----+-----+-----+-----+-----+-----+-----+
4 |  ♟  |     |     |  ♟  |     |     |     |     |
  +-----+-----+-----+-----+-----+-----+-----+-----+
3 |     |     |     |     |     |  ♟  |     |     |
  +-----+-----+-----+-----+-----+-----+-----+-----+
2 |     |     |     |     |     |     |  ♟  |  ♟  |
  +-----+-----+-----+-----+-----+-----+-----+-----+
1 |     |     |  ♜  |     |     |     |  ♚  |     |
  +-----+-----+-----+-----+-----+-----+-----+-----+
     a     b     c     d     e     f     g     h    
(34)Entrez le coup : [H[2J[3JTour : white

     a     b     c     d     e     f     g     h    
  +-----+-----+-----+-----+-----+-----+-----+-----+
8 |     |     |     |     |     |  ♖  |  ♔  |     |
  +-----+-----+-----+-----+-----+-----+-----+-----+
7 |  ♙  |     |     |  ♖  |     |  ♙  |  ♙  |     |
  +-----+-----+-----+-----+-----+-----+-----+-----+
6 |     |     |     |  ♕  |     |     |     |  ♙  |
  +-----+-----+-----+-----+-----+-----+-----+-----+
5 |     |  ♛  |     |  ♙  |  ♜  |  ♟  |     |     |
  +-----+-----+-----+-----+-----+-----+-----+-----+
4 |  ♟  |     |     |  ♟  |     |     |     |     |
  +-----+-----+-----+-----+-----+-----+-----+-----+
3 |     |     |     |     |     |  ♟  |     |     |
  +-----+-----+-----+-----+-----+-----+-----+-----+
2 |     |     |     |     |     |     |  ♟  |  ♟  |
  +-----+-----+-----+-----+-----+-----+-----+-----+
1 |     |     |  ♜  |     |     |     |  ♚  |     |
  +-----+-----+-----+-----+-----+-----+-----+-----+
     a     b     c     d     e     f     g     h    
(35)Entrez le coup : [H[2J[3JTour : black

     a     b     c     d     e     f     g     h    
  +-----+-----+-----+-----+-----+-----+-----+-----+
8 |     |     |     |     |     |  ♖  |  ♔  |     |
  +-----+-----+-----+-----+-----+-----+-----+-----+
7 |  ♙  |     |     |  ♖  |     |  ♙  |  ♙  |     |
  +-----+-----+-----+-----+-----+-----+-----+-----+
6 |     |     |     |  ♕  |     |     |     |  ♙  |
  +-----+-----+-----+-----+-----+-----+-----+-----+
5 |     |  ♛  |     |  ♙  |  ♜  |  ♟  |     |     |
  +-----+-----+-----+-----+-----+-----+-----+-----+
4 |  ♟  |     |     |  ♟  |     |     |     |  ♟  |
  +-----+-----+-----+-----+-----+-----+-----+-----+
3 |     |     |     |     |     |  ♟  |     |     |
  +-----+-----+-----+-----+-----+-----+-----+-----+
2 |     |     |     |     |     |     |  ♟  |     |
  +-----+-----+-----+-----+-----+-----+-----+-----+
1 |     |     |  ♜  |     |     |     |  ♚  |     |
  +-----+-----+-----+-----+-----+-----+-----+-----+
     a     b     c     d     e     f     g     h    
(35)Entrez le coup : [H[2J[3JTour : white

     a     b     c     d     e     f     g     h    
  +-----+-----+-----+-----+-----+-----+-----+-----+
8 |     |     |     |  ♖  |     |     |  ♔  |     |
  +-----+-----+-----+-----+-----+-----+-----+-----+
7 |  ♙  |     |     |  ♖  |     |  ♙  |  ♙  |     |
  +-----+-----+-----+-----+-----+-----+-----+-----+
6 |     |     |     |  ♕  |     |     |     |  ♙  |
  +-----+-----+-----+-----+-----+-----+-----+-----+
5 |     |  ♛  |     |  ♙  |  ♜  |  ♟  |     |     |
  +-----+-----+-----+-----+-----+-----+-----+-----+
4 |  ♟  |     |     |  ♟  |     |     |     |  ♟  |
  +-----+-----+-----+-----+-----+-----+-----+-----+
3 |     |     |     |     |     |  ♟  |     |     |
  +-----+-----+-----+-----+-----+-----+-----+-----+
2 |     |     |     |     |     |     |  ♟  |     |
  +-----+-----+-----+-----+-----+-----+-----+-----+
1 |     |     |  ♜  |     |     |     |  ♚  |     |
  +-----+-----+-----+-----+-----+-----+-----+-----+
     a     b     c     d     e     f     g     h    
(36)Entrez le coup : [H[2J[3JTour : black

     a     b     c     d     e     f     g     h    
  +-----+-----+-----+-----+-----+-----+-----+-----+
8 |     |     |     |  ♖  |     |     |  ♔  |     |
  +-----+-----+-----+-----+-----+-----+-----+-----+
7 |  ♙  |     |     |  ♖  |     |  ♙  |  ♙  |     |
  +-----+-----+-----+-----+-----+-----+-----+-----+
6 |     |     |     |  ♕  |     |     |     |  ♙  |
  +-----+-----+-----+-----+-----+-----+-----+-----+
5 |     |  ♛  |  ♜  |  ♙  |  ♜  |  ♟  |     |     |
  +-----+-----+-----+-----+-----+-----+-----+-----+
4 |  ♟  |     |     |  ♟  |     |     |     |  ♟  |
  +-----+-----+-----+-----+-----+-----+-----+-----+
3 |     |     |     |     |     |  ♟  |     |     |
  +-----+-----+-----+-----+-----+-----+-----+-----+
2 |     |     |     |     |     |     |  ♟  |     |
  +-----+-----+-----+-----+-----+-----+-----+-----+
1 |     |     |     |     |     |     |  ♚  |     |
  +-----+-----+-----+-----+-----+-----+-----+-----+
     a     b     c     d     e     f     g     h    
(36)Entrez le coup : [H[2J[3JTour : white

     a     b     c     d     e     f     g     h    
  +-----+-----+-----+-----+-----+-----+-----+-----+
8 |     |     |     |  ♖  |     |     |  ♔  |     |
  +-----+-----+-----+-----+-----+-----+-----+-----+
7 |  ♙  |     |     |  ♖  |     |  ♙  |  ♙  |     |
  +-----+-----+-----+-----+-----+-----+-----+-----+
6 |     |  ♕  |     |     |     |     |     |  ♙  |
  +-----+-----+-----+-----+-----+-----+-----+-----+
5 |     |  ♛  |  ♜  |  ♙  |  ♜  |  ♟  |     |     |
  +-----+-----+-----+-----+-----+-----+-----+-----+
4 |  ♟  |     |     |  ♟  |     |     |     |  ♟  |
  +-----+-----+-----+-----+-----+-----+-----+-----+
3 |     |     |     |     |     |  ♟  |     |     |
  +-----+-----+-----+-----+-----+-----+-----+-----+
2 |     |     |     |     |     |     |  ♟  |     |
  +-----+-----+-----+-----+-----+-----+-----+-----+
1 |     |     |     |     |     |     |  ♚  |     |
  +-----+-----+-----+-----+-----+-----+-----+-----+
     a     b     c     d     e     f     g     h    
(37)Entrez le coup : [H[2J[3JTour : black

     a     b     c     d     e     f     g     h    
  +-----+-----+-----+-----+-----+-----+-----+-----+
8 |     |     |     |  ♖  |     |     |  ♔  |     |
  +-----+-----+-----+-----+-----+-----+-----+-----+
7 |  ♙  |     |     |  ♖  |     |  ♙  |  ♙  |     |
  +-----+-----+-----+-----+-----+-----+-----+-----+
6 |     |  ♕  |     |     |     |     |     |  ♙  |
  +-----+-----+-----+-----+-----+-----+-----+-----+
5 |     |  ♛  |  ♜  |  ♙  |  ♜  |  ♟  |     |     |
  +-----+-----+-----+-----+-----+-----+-----+-----+
4 |  ♟  |     |     |  ♟  |     |     |     |  ♟  |
  +-----+-----+-----+-----+-----+-----+-----+-----+
3 |     |     |     |     |     |  ♟  |     |     |
  +-----+-----+-----+-----+-----+-----+-----+-----+
2 |     |     |     |     |     |     |  ♟  |  ♚  |
  +-----+-----+-----+-----+-----+-----+-----+-----+
1 |     |     |     |     |     |     |     |     |
  +-----+-----+-----+-----+-----+-----+-----+-----+
     a     b     c     d     e     f     g     h    
(37)Entrez le coup : [H[2J[3JTour : white

     a     b     c     d     e     f     g     h    
  +-----+-----+-----+-----+-----+-----+-----+-----+
8 |     |     |     |  ♖  |     |     |  ♔  |     |
  +-----+-----+-----+-----+-----+-----+-----+-----+
7 |  ♙  |     |     |  ♖  |     |  ♙  |  ♙  |     |
  +-----+-----+-----+-----+-----+-----+-----+-----+
6 |     |     |     |     |     |  ♕  |     |  ♙  |
  +-----+-----+-----+-----+-----+-----+-----+-----+
5 |     |  ♛  |  ♜  |  ♙  |  ♜  |  ♟  |     |     |
  +-----+-----+-----+-----+-----+-----+-----+-----+
4 |  ♟  |     |     |  ♟  |     |     |     |  ♟  |
  +-----+-----+-----+-----+-----+-----+-----+-----+
3 |     |     |     |     |     |  ♟  |     |     |
  +-----+-----+-----+-----+-----+-----+-----+-----+
2 |     |     |     |     |     |     |  ♟  |  ♚  |
  +-----+-----+-----+-----+-----+-----+-----+-----+
1 |     |     |     |     |     |     |     |     |
  +-----+-----+-----+-----+-----+-----+-----+-----+
     a     b     c     d     e     f     g     h    
(38)Entrez le coup : [H[2J[3JTour : black

     a     b     c     d     e     f     g     h    
  +-----+-----+-----+-----+-----+-----+-----+-----+
8 |     |     |     |  ♖  |     |     |  ♔  |     |
  +-----+-----+-----+-----+-----+-----+-----+-----+
7 |  ♙  |     |     |  ♖  |     |  ♙  |  ♙  |     |
  +-----+-----+-----+-----+-----+-----+-----+-----+
6 |     |     |     |     |     |  ♕  |     |  ♙  |
  +-----+-----+-----+-----+-----+-----+-----+-----+
5 |     |  ♛  |  ♜  |  ♙  |  ♜  |  ♟  |     |     |
  +-----+-----+-----+-----+-----+-----+-----+-----+
4 |  ♟  |     |     |  ♟  |     |     |     |  ♟  |
  +-----+-----+-----+-----+-----+-----+-----+-----+
3 |     |     |     |     |     |  ♟  |  ♚  |     |
  +-----+-----+-----+-----+-----+-----+-----+-----+
2 |     |     |     |     |     |     |  ♟  |     |
  +-----+-----+-----+-----+-----+-----+-----+-----+
1 |     |     |     |     |     |     |     |     |
  +-----+-----+-----+-----+-----+-----+-----+-----+
     a     b     c     d     e     f     g     h    
(38)Entrez le coup : [H[2J[3JTour : white

     a     b     c     d     e     f     g     h    
  +-----+-----+-----+-----+-----+-----+-----+-----+
8 |     |     |     |  ♖  |     |     |  ♔  |     |
  +-----+-----+-----+-----+-----+-----+-----+-----+
7 |     |     |     |  ♖  |     |  ♙  |  ♙  |     |
  +-----+-----+-----+-----+-----+-----+-----+-----+
6 |  ♙  |     |     |     |     |  ♕  |     |  ♙  |
  +-----+-----+-----+-----+-----+-----+-----+-----+
5 |     |  ♛  |  ♜  |  ♙  |  ♜  |  ♟  |     |     |
  +-----+-----+-----+-----+-----+-----+-----+-----+
4 |  ♟  |     |     |  ♟  |     |     |     |  ♟  |
  +-----+-----+-----+-----+-----+-----+-----+-----+
3 |     |     |     |     |     |  ♟  |  ♚  |     |
  +-----+-----+-----+-----+-----+-----+-----+-----+
2 |     |     |     |     |     |     |  ♟  |     |
  +-----+-----+-----+-----+-----+-----+-----+-----+
1 |     |     |     |     |     |     |     |     |
  +-----+-----+-----+-----+-----+-----+-----+-----+
     a     b     c     d     e     f     g     h    
(39)Entrez le coup : [H[2J[3JTour : black

     a     b     c     d     e     f     g     h    
  +-----+-----+-----+-----+-----+-----+-----+-----+
8 |     |     |     |  ♖  |     |     |  ♔  |     |
  +-----+-----+-----+-----+-----+-----+-----+-----+
7 |     |     |     |  ♖  |     |  ♙  |  ♙  |     |
  +-----+-----+-----+-----+-----+-----+-----+-----+
6 |  ♙  |     |  ♛  |     |     |  ♕  |     |  ♙  |
  +-----+-----+-----+-----+-----+-----+-----+-----+
5 |     |     |  ♜  |  ♙  |  ♜  |  ♟  |     |     |
  +-----+-----+-----+-----+-----+-----+-----+-----+
4 |  ♟  |     |     |  ♟  |     |     |     |  ♟  |
  +-----+-----+-----+-----+-----+-----+-----+-----+
3 |     |     |     |     |     |  ♟  |  ♚  |     |
  +-----+-----+-----+-----+-----+-----+-----+-----+
2 |     |     |     |     |     |     |  ♟  |     |
  +-----+-----+-----+-----+-----+-----+-----+-----+
1 |     |     |     |     |     |     |     |     |
  +-----+-----+-----+-----+-----+-----+-----+-----+
     a     b     c     d     e     f     g     h    
(39)Entrez le coup : [H[2J[3JTour : white

     a     b     c     d     e     f     g     h    
  +-----+-----+-----+-----+-----+-----+-----+-----+
8 |     |     |     |  ♖  |     |     |  ♔  |     |
  +-----+-----+-----+-----+-----+-----+-----+-----+
7 |     |     |     |     |     |  ♙  |  ♙  |     |
  +-----+-----+-----+-----+-----+-----+-----+-----+
6 |  ♙  |     |  ♛  |  ♖  |     |  ♕  |     |  ♙  |
  +-----+-----+-----+-----+-----+-----+-----+-----+
5 |     |     |  ♜  |  ♙  |  ♜  |  ♟  |     |     |
  +-----+-----+-----+-----+-----+-----+-----+-----+
4 |  ♟  |     |     |  ♟  |     |     |     |  ♟  |
  +-----+-----+-----+-----+-----+-----+-----+-----+
3 |     |     |     |     |     |  ♟  |  ♚  |     |
  +-----+-----+-----+-----+-----+-----+-----+-----+
2 |     |     |     |     |     |     |  ♟  |     |
  +-----+-----+-----+-----+-----+-----+-----+-----+
1 |     |     |     |     |     |     |     |     |
  +-----+-----+-----+-----+-----+-----+-----+-----+
     a     b     c     d     e     f     g     h    
(40)Entrez le coup : [H[2J[3JTour : black

     a     b     c     d     e     f     g     h    
  +-----+-----+-----+-----+-----+-----+-----+-----+
8 |     |     |     |  ♖  |     |     |  ♔  |     |
  +-----+-----+-----+-----+-----+-----+-----+-----+
7 |     |     |  ♛  |     |     |  ♙  |  ♙  |     |
  +-----+-----+-----+-----+-----+-----+-----+-----+
6 |  ♙  |     |     |  ♖  |     |  ♕  |     |  ♙  |
  +-----+-----+-----+-----+-----+-----+-----+-----+
5 |     |     |  ♜  |  ♙  |  ♜  |  ♟  |     |     |
  +-----+-----+-----+-----+-----+-----+-----+-----+
4 |  ♟  |     |     |  ♟  |     |     |     |  ♟  |
  +-----+-----+-----+-----+-----+-----+-----+-----+
3 |     |     |     |     |     |  ♟  |  ♚  |     |
  +-----+-----+-----+-----+-----+-----+-----+-----+
2 |     |     |     |     |     |     |  ♟  |     |
  +-----+-----+-----+-----+-----+-----+-----+-----+
1 |     |     |     |     |     |     |     |     |
  +-----+-----+-----+-----+-----+-----+-----+-----+
     a     b     c     d     e     f     g     h    
(40)Entrez le coup : [H[2J[3JTour : white

     a     b     c     d     e     f     g     h    
  +-----+-----+-----+-----+-----+-----+-----+-----+
8 |     |     |     |  ♖  |     |     |  ♔  |     |
  +-----+-----+-----+-----+-----+-----+-----+-----+
7 |     |     |  ♛  |  ♖  |     |  ♙  |  ♙  |     |
  +-----+-----+-----+-----+-----+-----+-----+-----+
6 |  ♙  |     |     |     |     |  ♕  |     |  ♙  |
  +-----+-----+-----+-----+-----+-----+-----+-----+
5 |     |     |  ♜  |  ♙  |  ♜  |  ♟  |     |     |
  +-----+-----+-----+-----+-----+-----+-----+-----+
4 |  ♟  |     |     |  ♟  |     |     |     |  ♟  |
  +-----+-----+-----+-----+-----+-----+-----+-----+
3 |     |     |     |     |     |  ♟  |  ♚  |     |
  +-----+-----+-----+-----+-----+-----+-----+-----+
2 |     |     |     |     |     |     |  ♟  |     |
  +-----+-----+-----+-----+-----+-----+-----+-----+
1 |     |     |     |     |     |     |     |     |
  +-----+-----+-----+-----+-----+-----+-----+-----+
     a     b     c     d     e     f     g     h    
(41)Entrez le coup : [H[2J[3JTour : black

     a     b     c     d     e     f     g     h    
  +-----+-----+-----+-----+-----+-----+-----+-----+
8 |     |     |     |  ♖  |     |     |  ♔  |     |
  +-----+-----+-----+-----+-----+-----+-----+-----+
7 |     |     |     |  ♖  |     |  ♙  |  ♙  |     |
  +-----+-----+-----+-----+-----+-----+-----+-----+
6 |  ♙  |     |  ♛  |     |     |  ♕  |     |  ♙  |
  +-----+-----+-----+-----+-----+-----+-----+-----+
5 |     |     |  ♜  |  ♙  |  ♜  |  ♟  |     |     |
  +-----+-----+-----+-----+-----+-----+-----+-----+
4 |  ♟  |     |     |  ♟  |     |     |     |  ♟  |
  +-----+-----+-----+-----+-----+-----+-----+-----+
3 |     |     |     |     |     |  ♟  |  ♚  |     |
  +-----+-----+-----+-----+-----+-----+-----+-----+
2 |     |     |     |     |     |     |  ♟  |     |
  +-----+-----+-----+-----+-----+-----+-----+-----+
1 |     |     |     |     |     |     |     |     |
  +-----+-----+-----+-----+-----+-----+-----+-----+
     a     b     c     d     e     f     g     h    
(41)Entrez le coup : [H[2J[3JTour : white

     a     b     c     d     e     f     g     h    
  +-----+-----+-----+-----+-----+-----+-----+-----+
8 |     |     |     |  ♖  |     |     |  ♔  |     |
  +-----+-----+-----+-----+-----+-----+-----+-----+
7 |     |     |     |     |     |  ♙  |  ♙  |     |
  +-----+-----+-----+-----+-----+-----+-----+-----+
6 |  ♙  |     |  ♛  |  ♖  |     |  ♕  |     |  ♙  |
  +-----+-----+-----+-----+-----+-----+-----+-----+
5 |     |     |  ♜  |  ♙  |  ♜  |  ♟  |     |     |
  +-----+-----+-----+-----+-----+-----+-----+-----+
4 |  ♟  |     |     |  ♟  |     |     |     |  ♟  |
  +-----+-----+-----+-----+-----+-----+-----+-----+
3 |     |     |     |     |     |  ♟  |  ♚  |     |
  +-----+-----+-----+-----+-----+-----+-----+-----+
2 |     |     |     |     |     |     |  ♟  |     |
  +-----+-----+-----+-----+-----+-----+-----+-----+
1 |     |     |     |     |     |     |     |     |
  +-----+-----+-----+-----+-----+-----+-----+-----+
     a     b     c     d     e     f     g     h    
(42)Entrez le coup : [H[2J[3JTour : black

     a     b     c     d     e     f     g     h    
  +-----+-----+-----+-----+-----+-----+-----+-----+
8 |     |     |     |  ♖  |     |     |  ♔  |     |
  +-----+-----+-----+-----+-----+-----+-----+-----+
7 |     |  ♛  |     |     |     |  ♙  |  ♙  |     |
  +-----+-----+-----+-----+-----+-----+-----+-----+
6 |  ♙  |     |     |  ♖  |     |  ♕  |     |  ♙  |
  +-----+-----+-----+-----+-----+-----+-----+-----+
5 |     |     |  ♜  |  ♙  |  ♜  |  ♟  |     |     |
  +-----+-----+-----+-----+-----+-----+-----+-----+
4 |  ♟  |     |     |  ♟  |     |     |     |  ♟  |
  +-----+-----+-----+-----+-----+-----+-----+-----+
3 |     |     |     |     |     |  ♟  |  ♚  |     |
  +-----+-----+-----+-----+-----+-----+-----+-----+
2 |     |     |     |     |     |     |  ♟  |     |
  +-----+-----+-----+-----+-----+-----+-----+-----+
1 |     |     |     |     |     |     |     |     |
  +-----+-----+-----+-----+-----+-----+-----+-----+
     a     b     c     d     e     f     g     h    
(42)Entrez le coup : [H[2J[3JTour : white

     a     b     c     d     e     f     g     h    
  +-----+-----+-----+-----+-----+-----+-----+-----+
8 |     |     |     |  ♖  |     |     |  ♔  |     |
  +-----+-----+-----+-----+-----+-----+-----+-----+
7 |     |  ♛  |     |  ♖  |     |  ♙  |  ♙  |     |
  +-----+-----+-----+-----+-----+-----+-----+-----+
6 |  ♙  |     |     |     |     |  ♕  |     |  ♙  |
  +-----+-----+-----+-----+-----+-----+-----+-----+
5 |     |     |  ♜  |  ♙  |  ♜  |  ♟  |     |     |
  +-----+-----+-----+-----+-----+-----+-----+-----+
4 |  ♟  |     |     |  ♟  |     |     |     |  ♟  |
  +-----+-----+-----+-----+-----+-----+-----+-----+
3 |     |     |     |     |     |  ♟  |  ♚  |     |
  +-----+-----+-----+-----+-----+-----+-----+-----+
2 |     |     |     |     |     |     |  ♟  |     |
  +-----+-----+-----+-----+-----+-----+-----+-----+
1 |     |     |     |     |     |     |     |     |
  +-----+-----+-----+-----+-----+-----+-----+-----+
     a     b     c     d     e     f     g     h    
(43)Entrez le coup : [H[2J[3JTour : black

     a     b     c     d     e     f     g     h    
  +-----+-----+-----+-----+-----+-----+-----+-----+
8 |     |     |     |  ♖  |     |     |  ♔  |     |
  +-----+-----+-----+-----+-----+-----+-----+-----+
7 |     |     |     |  ♖  |     |  ♙  |  ♙  |     |
  +-----+-----+-----+-----+-----+-----+-----+-----+
6 |  ♙  |     |     |     |     |  ♕  |     |  ♙  |
  +-----+-----+-----+-----+-----+-----+-----+-----+
5 |     |     |  ♜  |  ♙  |  ♜  |  ♟  |     |     |
  +-----+-----+-----+-----+-----+-----+-----+-----+
4 |  ♟  |     |     |  ♟  |     |     |     |  ♟  |
  +-----+-----+-----+-----+-----+-----+-----+-----+
3 |     |  ♛  |     |     |     |  ♟  |  ♚  |     |
  +-----+-----+-----+-----+-----+-----+-----+-----+
2 |     |     |     |     |     |     |  ♟  |     |
  +-----+-----+-----+-----+-----+-----+-----+-----+
1 |     |     |     |     |     |     |     |     |
  +-----+-----+-----+-----+-----+-----+-----+-----+
     a     b     c     d     e     f     g     h    
(43)Entrez le coup : [H[2J[3JTour : white

     a     b     c     d     e     f     g     h    
  +-----+-----+-----+-----+-----+-----+-----+-----+
8 |     |     |     |  ♖  |     |     |  ♔  |     |
  +-----+-----+-----+-----+-----+-----+-----+-----+
7 |     |     |     |  ♖  |     |  ♙  |  ♙  |     |
  +-----+-----+-----+-----+-----+-----+-----+-----+
6 |  ♙  |     |     |  ♕  |     |     |     |  ♙  |
  +-----+-----+-----+-----+-----+-----+-----+-----+
5 |     |     |  ♜  |  ♙  |  ♜  |  ♟  |     |     |
  +-----+-----+-----+-----+-----+-----+-----+-----+
4 |  ♟  |     |     |  ♟  |     |     |     |  ♟  |
  +-----+-----+-----+-----+-----+-----+-----+-----+
3 |     |  ♛  |     |     |     |  ♟  |  ♚  |     |
  +-----+-----+-----+-----+-----+-----+-----+-----+
2 |     |     |     |     |     |     |  ♟  |     |
  +-----+-----+-----+-----+-----+-----+-----+-----+
1 |     |     |     |     |     |     |     |     |
  +-----+-----+-----+-----+-----+-----+-----+-----+
     a     b     c     d     e     f     g     h    
(44)Entrez le coup : [H[2J[3JTour : black

     a     b     c     d     e     f     g     h    
  +-----+-----+-----+-----+-----+-----+-----+-----+
8 |     |     |     |  ♖  |     |     |  ♔  |     |
  +-----+-----+-----+-----+-----+-----+-----+-----+
7 |     |     |     |  ♖  |     |  ♙  |  ♙  |     |
  +-----+-----+-----+-----+-----+-----+-----+-----+
6 |  ♙  |     |     |  ♕  |     |     |     |  ♙  |
  +-----+-----+-----+-----+-----+-----+-----+-----+
5 |     |     |  ♜  |  ♙  |  ♜  |  ♟  |     |     |
  +-----+-----+-----+-----+-----+-----+-----+-----+
4 |  ♟  |     |     |  ♟  |     |     |     |  ♟  |
  +-----+-----+-----+-----+-----+-----+-----+-----+
3 |     |  ♛  |     |     |     |  ♟  |     |  ♚  |
  +-----+-----+-----+-----+-----+-----+-----+-----+
2 |     |     |     |     |     |     |  ♟  |     |
  +-----+-----+-----+-----+-----+-----+-----+-----+
1 |     |     |     |     |     |     |     |     |
  +-----+-----+-----+-----+-----+-----+-----+-----+
     a     b     c     d     e     f     g     h    
(44)Entrez le coup : [H[2J[3JTour : white

     a     b     c     d     e     f     g     h    
  +-----+-----+-----+-----+-----+-----+-----+-----+
8 |     |     |     |  ♖  |     |     |     |     |
  +-----+-----+-----+-----+-----+-----+-----+-----+
7 |     |     |     |  ♖  |     |  ♙  |  ♙  |  ♔  |
  +-----+-----+-----+-----+-----+-----+-----+-----+
6 |  ♙  |     |     |  ♕  |     |     |     |  ♙  |
  +-----+-----+-----+-----+-----+-----+-----+-----+
5 |     |     |  ♜  |  ♙  |  ♜  |  ♟  |     |     |
  +-----+-----+-----+-----+-----+-----+-----+-----+
4 |  ♟  |     |     |  ♟  |     |     |     |  ♟  |
  +-----+-----+-----+-----+-----+-----+-----+-----+
3 |     |  ♛  |     |     |     |  ♟  |     |  ♚  |
  +-----+-----+-----+-----+-----+-----+-----+-----+
2 |     |     |     |     |     |     |  ♟  |     |
  +-----+-----+-----+-----+-----+-----+-----+-----+
1 |     |     |     |     |     |     |     |     |
  +-----+-----+-----+-----+-----+-----+-----+-----+
     a     b     c     d     e     f     g     h    
(45)Entrez le coup : [H[2J[3JTour : black

     a     b     c     d     e     f     g     h    
  +-----+-----+-----+-----+-----+-----+-----+-----+
8 |     |     |     |  ♖  |     |     |     |     |
  +-----+-----+-----+-----+-----+-----+-----+-----+
7 |     |     |     |  ♖  |     |  ♙  |  ♙  |  ♔  |
  +-----+-----+-----+-----+-----+-----+-----+-----+
6 |  ♙  |     |     |  ♕  |     |     |     |  ♙  |
  +-----+-----+-----+-----+-----+-----+-----+-----+
5 |     |     |  ♜  |  ♙  |  ♜  |  ♟  |     |     |
  +-----+-----+-----+-----+-----+-----+-----+-----+
4 |  ♟  |     |     |  ♟  |     |     |     |  ♟  |
  +-----+-----+-----+-----+-----+-----+-----+-----+
3 |     |  ♛  |     |     |     |  ♟  |  ♟  |  ♚  |
  +-----+-----+-----+-----+-----+-----+-----+-----+
2 |     |     |     |     |     |     |     |     |
  +-----+-----+-----+-----+-----+-----+-----+-----+
1 |     |     |     |     |     |     |     |     |
  +-----+-----+-----+-----+-----+-----+-----+-----+
     a     b     c     d     e     f     g     h    
(45)Entrez le coup : [H[2J[3JTour : white

     a     b     c     d     e     f     g     h    
  +-----+-----+-----+-----+-----+-----+-----+-----+
8 |     |     |     |  ♖  |     |     |  ♔  |     |
  +-----+-----+-----+-----+-----+-----+-----+-----+
7 |     |     |     |  ♖  |     |  ♙  |  ♙  |     |
  +-----+-----+-----+-----+-----+-----+-----+-----+
6 |  ♙  |     |     |  ♕  |     |     |     |  ♙  |
  +-----+-----+-----+-----+-----+-----+-----+-----+
5 |     |     |  ♜  |  ♙  |  ♜  |  ♟  |     |     |
  +-----+-----+-----+-----+-----+-----+-----+-----+
4 |  ♟  |     |     |  ♟  |     |     |     |  ♟  |
  +-----+-----+-----+-----+-----+-----+-----+-----+
3 |     |  ♛  |     |     |     |  ♟  |  ♟  |  ♚  |
  +-----+-----+-----+-----+-----+-----+-----+-----+
2 |     |     |     |     |     |     |     |     |
  +-----+-----+-----+-----+-----+-----+-----+-----+
1 |     |     |     |     |     |     |     |     |
  +-----+-----+-----+-----+-----+-----+-----+-----+
     a     b     c     d     e     f     g     h    
(46)Entrez le coup : [H[2J[3JTour : black

     a     b     c     d     e     f     g     h    
  +-----+-----+-----+-----+-----+-----+-----+-----+
8 |     |     |     |  ♖  |     |     |  ♔  |     |
  +-----+-----+-----+-----+-----+-----+-----+-----+
7 |     |     |     |  ♖  |     |  ♙  |  ♙  |     |
  +-----+-----+-----+-----+-----+-----+-----+-----+
6 |  ♙  |     |     |  ♕  |     |     |     |  ♙  |
  +-----+-----+-----+-----+-----+-----+-----+-----+
5 |     |     |  ♜  |  ♙  |  ♜  |  ♟  |     |  ♟  |
  +-----+-----+-----+-----+-----+-----+-----+-----+
4 |  ♟  |     |     |  ♟  |     |     |     |     |
  +-----+-----+-----+-----+-----+-----+-----+-----+
3 |     |  ♛  |     |     |     |  ♟  |  ♟  |  ♚  |
  +-----+-----+-----+-----+-----+-----+-----+-----+
2 |     |     |     |     |     |     |     |     |
  +-----+-----+-----+-----+-----+-----+-----+-----+
1 |     |     |     |     |     |     |     |     |
  +-----+-----+-----+-----+-----+-----+-----+-----+
     a     b     c     d     e     f     g     h    
(46)Entrez le coup : [H[2J[3JTour : white

     a     b     c     d     e     f     g     h    
  +-----+-----+-----+-----+-----+-----+-----+-----+
8 |     |     |     |  ♖  |     |     |     |  ♔  |
  +-----+-----+-----+-----+-----+-----+-----+-----+
7 |     |     |     |  ♖  |     |  ♙  |  ♙  |     |
  +-----+-----+-----+-----+-----+-----+-----+-----+
6 |  ♙  |     |     |  ♕  |     |     |     |  ♙  |
  +-----+-----+-----+-----+-----+-----+-----+-----+
5 |     |     |  ♜  |  ♙  |  ♜  |  ♟  |     |  ♟  |
  +-----+-----+-----+-----+-----+-----+-----+-----+
4 |  ♟  |     |     |  ♟  |     |     |     |     |
  +-----+-----+-----+-----+-----+-----+-----+-----+
3 |     |  ♛  |     |     |     |  ♟  |  ♟  |  ♚  |
  +-----+-----+-----+-----+-----+-----+-----+-----+
2 |     |     |     |     |     |     |     |     |
  +-----+-----+-----+-----+-----+-----+-----+-----+
1 |     |     |     |     |     |     |     |     |
  +-----+-----+-----+-----+-----+-----+-----+-----+
     a     b     c     d     e     f     g     h    
(47)Entrez le coup : [H[2J[3JTour : black

     a     b     c     d     e     f     g     h    
  +-----+-----+-----+-----+-----+-----+-----+-----+
8 |     |     |     |  ♖  |     |     |     |  ♔  |
  +-----+-----+-----+-----+-----+-----+-----+-----+
7 |     |     |     |  ♖  |     |  ♙  |  ♙  |     |
  +-----+-----+-----+-----+-----+-----+-----+-----+
6 |  ♙  |     |     |  ♕  |     |     |     |  ♙  |
  +-----+-----+-----+-----+-----+-----+-----+-----+
5 |     |     |  ♜  |  ♙  |  ♜  |  ♟  |     |  ♟  |
  +-----+-----+-----+-----+-----+-----+-----+-----+
4 |  ♟  |     |     |  ♟  |     |     |     |     |
  +-----+-----+-----+-----+-----+-----+-----+-----+
3 |     |  ♛  |     |     |     |  ♟  |  ♟  |     |
  +-----+-----+-----+-----+-----+-----+-----+-----+
2 |     |     |     |     |     |     |  ♚  |     |
  +-----+-----+-----+-----+-----+-----+-----+-----+
1 |     |     |     |     |     |     |     |     |
  +-----+-----+-----+-----+-----+-----+-----+-----+
     a     b     c     d     e     f     g     h    
(47)Entrez le coup : [H[2J[3JTour : white

     a     b     c     d     e     f     g     h    
  +-----+-----+-----+-----+-----+-----+-----+-----+
8 |     |     |     |  ♖  |     |     |     |     |
  +-----+-----+-----+-----+-----+-----+-----+-----+
7 |     |     |     |  ♖  |     |  ♙  |  ♙  |  ♔  |
  +-----+-----+-----+-----+-----+-----+-----+-----+
6 |  ♙  |     |     |  ♕  |     |     |     |  ♙  |
  +-----+-----+-----+-----+-----+-----+-----+-----+
5 |     |     |  ♜  |  ♙  |  ♜  |  ♟  |     |  ♟  |
  +-----+-----+-----+-----+-----+-----+-----+-----+
4 |  ♟  |     |     |  ♟  |     |     |     |     |
  +-----+-----+-----+-----+-----+-----+-----+-----+
3 |     |  ♛  |     |     |     |  ♟  |  ♟  |     |
  +-----+-----+-----+-----+-----+-----+-----+-----+
2 |     |     |     |     |     |     |  ♚  |     |
  +-----+-----+-----+-----+-----+-----+-----+-----+
1 |     |     |     |     |     |     |     |     |
  +-----+-----+-----+-----+-----+-----+-----+-----+
     a     b     c     d     e     f     g     h    
(48)Entrez le coup : [H[2J[3JTour : black

     a     b     c     d     e     f     g     h    
  +-----+-----+-----+-----+-----+-----+-----+-----+
8 |     |     |     |  ♖  |     |     |     |     |
  +-----+-----+-----+-----+-----+-----+-----+-----+
7 |     |     |     |  ♖  |     |  ♙  |  ♙  |  ♔  |
  +-----+-----+-----+-----+-----+-----+-----+-----+
6 |  ♙  |     |     |  ♕  |     |     |     |  ♙  |
  +-----+-----+-----+-----+-----+-----+-----+-----+
5 |     |     |  ♜  |  ♙  |  ♜  |  ♟  |     |  ♟  |
  +-----+-----+-----+-----+-----+-----+-----+-----+
4 |  ♟  |     |     |  ♟  |     |     |     |     |
  +-----+-----+-----+-----+-----+-----+-----+-----+
3 |     |  ♛  |     |     |     |  ♟  |  ♟  |     |
  +-----+-----+-----+-----+-----+-----+-----+-----+
2 |     |     |     |     |     |     |     |  ♚  |
  +-----+-----+-----+-----+-----+-----+-----+-----+
1 |     |     |     |     |     |     |     |     |
  +-----+-----+-----+-----+-----+-----+-----+-----+
     a     b     c     d     e     f     g     h    
(48)Entrez le coup : [H[2J[3JTour : white

     a     b     c     d     e     f     g     h    
  +-----+-----+-----+-----+-----+-----+-----+-----+
8 |     |     |     |  ♖  |     |     |  ♔  |     |
  +-----+-----+-----+-----+-----+-----+-----+-----+
7 |     |     |     |  ♖  |     |  ♙  |  ♙  |     |
  +-----+-----+-----+-----+-----+-----+-----+-----+
6 |  ♙  |     |     |  ♕  |     |     |     |  ♙  |
  +-----+-----+-----+-----+-----+-----+-----+-----+
5 |     |     |  ♜  |  ♙  |  ♜  |  ♟  |     |  ♟  |
  +-----+-----+-----+-----+-----+-----+-----+-----+
4 |  ♟  |     |     |  ♟  |     |     |     |     |
  +-----+-----+-----+-----+-----+-----+-----+-----+
3 |     |  ♛  |     |     |     |  ♟  |  ♟  |     |
  +-----+-----+-----+-----+-----+-----+-----+-----+
2 |     |     |     |     |     |     |     |  ♚  |
  +-----+-----+-----+-----+-----+-----+-----+-----+
1 |     |     |     |     |     |     |     |     |
  +-----+-----+-----+-----+-----+-----+-----+-----+
     a     b     c     d     e     f     g     h    
(49)Entrez le coup : [H[2J[3JTour : black

     a     b     c     d     e     f     g     h    
  +-----+-----+-----+-----+-----+-----+-----+-----+
8 |     |     |     |  ♖  |     |     |  ♔  |     |
  +-----+-----+-----+-----+-----+-----+-----+-----+
7 |     |     |     |  ♖  |     |  ♙  |  ♙  |     |
  +-----+-----+-----+-----+-----+-----+-----+-----+
6 |  ♙  |     |     |  ♕  |     |     |     |  ♙  |
  +-----+-----+-----+-----+-----+-----+-----+-----+
5 |     |     |  ♜  |  ♙  |  ♜  |  ♟  |     |  ♟  |
  +-----+-----+-----+-----+-----+-----+-----+-----+
4 |  ♟  |     |     |  ♟  |     |     |     |     |
  +-----+-----+-----+-----+-----+-----+-----+-----+
3 |     |  ♛  |     |     |     |  ♟  |  ♟  |  ♚  |
  +-----+-----+-----+-----+-----+-----+-----+-----+
2 |     |     |     |     |     |     |     |     |
  +-----+-----+-----+-----+-----+-----+-----+-----+
1 |     |     |     |     |     |     |     |     |
  +-----+-----+-----+-----+-----+-----+-----+-----+
     a     b     c     d     e     f     g     h    
(49)Entrez le coup : [H[2J[3JTour : white

     a     b     c     d     e     f     g     h    
  +-----+-----+-----+-----+-----+-----+-----+-----+
8 |     |     |     |  ♖  |     |     |     |  ♔  |
  +-----+-----+-----+-----+-----+-----+-----+-----+
7 |     |     |     |  ♖  |     |  ♙  |  ♙  |     |
  +-----+-----+-----+-----+-----+-----+-----+-----+
6 |  ♙  |     |     |  ♕  |     |     |     |  ♙  |
  +-----+-----+-----+-----+-----+-----+-----+-----+
5 |     |     |  ♜  |  ♙  |  ♜  |  ♟  |     |  ♟  |
  +-----+-----+-----+-----+-----+-----+-----+-----+
4 |  ♟  |     |     |  ♟  |     |     |     |     |
  +-----+-----+-----+-----+-----+-----+-----+-----+
3 |     |  ♛  |     |     |     |  ♟  |  ♟  |  ♚  |
  +-----+-----+-----+-----+-----+-----+-----+-----+
2 |     |     |     |     |     |     |     |     |
  +-----+-----+-----+-----+-----+-----+-----+-----+
1 |     |     |     |     |     |     |     |     |
  +-----+-----+-----+-----+-----+-----+-----+-----+
     a     b     c     d     e     f     g     h    
(50)Entrez le coup : [H[2J[3JTour : black

     a     b     c     d     e     f     g     h    
  +-----+-----+-----+-----+-----+-----+-----+-----+
8 |     |     |     |  ♖  |     |     |     |  ♔  |
  +-----+-----+-----+-----+-----+-----+-----+-----+
7 |     |     |     |  ♖  |     |  ♙  |  ♙  |     |
  +-----+-----+-----+-----+-----+-----+-----+-----+
6 |  ♙  |     |     |  ♕  |     |     |     |  ♙  |
  +-----+-----+-----+-----+-----+-----+-----+-----+
5 |     |     |  ♜  |  ♙  |  ♜  |  ♟  |     |  ♟  |
  +-----+-----+-----+-----+-----+-----+-----+-----+
4 |  ♟  |     |     |  ♟  |     |     |     |     |
  +-----+-----+-----+-----+-----+-----+-----+-----+
3 |     |  ♛  |     |     |     |  ♟  |  ♟  |     |
  +-----+-----+-----+-----+-----+-----+-----+-----+
2 |     |     |     |     |     |     |     |  ♚  |
  +-----+-----+-----+-----+-----+-----+-----+-----+
1 |     |     |     |     |     |     |     |     |
  +-----+-----+-----+-----+-----+-----+-----+-----+
     a     b     c     d     e     f     g     h    
(50)Entrez le coup : [H[2J[3JTour : white

     a     b     c     d     e     f     g     h    
  +-----+-----+-----+-----+-----+-----+-----+-----+
8 |     |     |     |  ♖  |     |     |  ♔  |     |
  +-----+-----+-----+-----+-----+-----+-----+-----+
7 |     |     |     |  ♖  |     |  ♙  |  ♙  |     |
  +-----+-----+-----+-----+-----+-----+-----+-----+
6 |  ♙  |     |     |  ♕  |     |     |     |  ♙  |
  +-----+-----+-----+-----+-----+-----+-----+-----+
5 |     |     |  ♜  |  ♙  |  ♜  |  ♟  |     |  ♟  |
  +-----+-----+-----+-----+-----+-----+-----+-----+
4 |  ♟  |     |     |  ♟  |     |     |     |     |
  +-----+-----+-----+-----+-----+-----+-----+-----+
3 |     |  ♛  |     |     |     |  ♟  |  ♟  |     |
  +-----+-----+-----+-----+-----+-----+-----+-----+
2 |     |     |     |     |     |     |     |  ♚  |
  +-----+-----+-----+-----+-----+-----+-----+-----+
1 |     |     |     |     |     |     |     |     |
  +-----+-----+-----+-----+-----+-----+-----+-----+
     a     b     c     d     e     f     g     h    
(51)Entrez le coup : [H[2J[3JTour : black

     a     b     c     d     e     f     g     h    
  +-----+-----+-----+-----+-----+-----+-----+-----+
8 |     |     |     |  ♖  |     |     |  ♔  |     |
  +-----+-----+-----+-----+-----+-----+-----+-----+
7 |     |     |     |  ♖  |     |  ♙  |  ♙  |     |
  +-----+-----+-----+-----+-----+-----+-----+-----+
6 |  ♙  |     |     |  ♕  |     |     |     |  ♙  |
  +-----+-----+-----+-----+-----+-----+-----+-----+
5 |     |     |  ♜  |  ♙  |  ♜  |  ♟  |     |  ♟  |
  +-----+-----+-----+-----+-----+-----+-----+-----+
4 |  ♟  |     |     |  ♟  |     |     |     |     |
  +-----+-----+-----+-----+-----+-----+-----+-----+
3 |     |  ♛  |     |     |     |  ♟  |  ♟  |     |
  +-----+-----+-----+-----+-----+-----+-----+-----+
2 |     |     |     |     |     |     |  ♚  |     |
  +-----+-----+-----+-----+-----+-----+-----+-----+
1 |     |     |     |     |     |     |     |     |
  +-----+-----+-----+-----+-----+-----+-----+-----+
     a     b     c     d     e     f     g     h    
(51)Entrez le coup : [H[2J[3JTour : white

     a     b     c     d     e     f     g     h    
  +-----+-----+-----+-----+-----+-----+-----+-----+
8 |     |     |     |  ♖  |     |     |     |     |
  +-----+-----+-----+-----+-----+-----+-----+-----+
7 |     |     |     |  ♖  |     |  ♙  |  ♙  |  ♔  |
  +-----+-----+-----+-----+-----+-----+-----+-----+
6 |  ♙  |     |     |  ♕  |     |     |     |  ♙  |
  +-----+-----+-----+-----+-----+-----+-----+-----+
5 |     |     |  ♜  |  ♙  |  ♜  |  ♟  |     |  ♟  |
  +-----+-----+-----+-----+-----+-----+-----+-----+
4 |  ♟  |     |     |  ♟  |     |     |     |     |
  +-----+-----+-----+-----+-----+-----+-----+-----+
3 |     |  ♛  |     |     |     |  ♟  |  ♟  |     |
  +-----+-----+-----+-----+-----+-----+-----+-----+
2 |     |     |     |     |     |     |  ♚  |     |
  +-----+-----+-----+-----+-----+-----+-----+-----+
1 |     |     |     |     |     |     |     |     |
  +-----+-----+-----+-----+-----+-----+-----+-----+
     a     b     c     d     e     f     g     h    
(52)Entrez le coup : [H[2J[3JTour : black

     a     b     c     d     e     f     g     h    
  +-----+-----+-----+-----+-----+-----+-----+-----+
8 |     |     |     |  ♖  |     |     |     |     |
  +-----+-----+-----+-----+-----+-----+-----+-----+
7 |     |     |     |  ♖  |     |  ♙  |  ♙  |  ♔  |
  +-----+-----+-----+-----+-----+-----+-----+-----+
6 |  ♙  |     |     |  ♕  |     |     |     |  ♙  |
  +-----+-----+-----+-----+-----+-----+-----+-----+
5 |  ♟  |     |  ♜  |  ♙  |  ♜  |  ♟  |     |  ♟  |
  +-----+-----+-----+-----+-----+-----+-----+-----+
4 |     |     |     |  ♟  |     |     |     |     |
  +-----+-----+-----+-----+-----+-----+-----+-----+
3 |     |  ♛  |     |     |     |  ♟  |  ♟  |     |
  +-----+-----+-----+-----+-----+-----+-----+-----+
2 |     |     |     |     |     |     |  ♚  |     |
  +-----+-----+-----+-----+-----+-----+-----+-----+
1 |     |     |     |     |     |     |     |     |
  +-----+-----+-----+-----+-----+-----+-----+-----+
     a     b     c     d     e     f     g     h    
(52)Entrez le coup : [H[2J[3JTour : white

     a     b     c     d     e     f     g     h    
  +-----+-----+-----+-----+-----+-----+-----+-----+
8 |     |     |     |  ♖  |     |     |  ♔  |     |
  +-----+-----+-----+-----+-----+-----+-----+-----+
7 |     |     |     |  ♖  |     |  ♙  |  ♙  |     |
  +-----+-----+-----+-----+-----+-----+-----+-----+
6 |  ♙  |     |     |  ♕  |     |     |     |  ♙  |
  +-----+-----+-----+-----+-----+-----+-----+-----+
5 |  ♟  |     |  ♜  |  ♙  |  ♜  |  ♟  |     |  ♟  |
  +-----+-----+-----+-----+-----+-----+-----+-----+
4 |     |     |     |  ♟  |     |     |     |     |
  +-----+-----+-----+-----+-----+-----+-----+-----+
3 |     |  ♛  |     |     |     |  ♟  |  ♟  |     |
  +-----+-----+-----+-----+-----+-----+-----+-----+
2 |     |     |     |     |     |     |  ♚  |     |
  +-----+-----+-----+-----+-----+-----+-----+-----+
1 |     |     |     |     |     |     |     |     |
  +-----+-----+-----+-----+-----+-----+-----+-----+
     a     b     c     d     e     f     g     h    
(53)Entrez le coup : [H[2J[3JTour : black

     a     b     c     d     e     f     g     h    
  +-----+-----+-----+-----+-----+-----+-----+-----+
8 |     |     |     |  ♖  |     |     |  ♔  |     |
  +-----+-----+-----+-----+-----+-----+-----+-----+
7 |     |     |     |  ♖  |     |  ♙  |  ♙  |     |
  +-----+-----+-----+-----+-----+-----+-----+-----+
6 |  ♙  |     |     |  ♕  |     |     |     |  ♙  |
  +-----+-----+-----+-----+-----+-----+-----+-----+
5 |  ♟  |     |  ♜  |  ♙  |  ♜  |  ♟  |     |  ♟  |
  +-----+-----+-----+-----+-----+-----+-----+-----+
4 |     |     |     |  ♟  |     |     |     |     |
  +-----+-----+-----+-----+-----+-----+-----+-----+
3 |     |     |     |     |     |  ♟  |  ♟  |     |
  +-----+-----+-----+-----+-----+-----+-----+-----+
2 |  ♛  |     |     |     |     |     |  ♚  |     |
  +-----+-----+-----+-----+-----+-----+-----+-----+
1 |     |     |     |     |     |     |     |     |
  +-----+-----+-----+-----+-----+-----+-----+-----+
     a     b     c     d     e     f     g     h    
(53)Entrez le coup : [H[2J[3JTour : white

     a     b     c     d     e     f     g     h    
  +-----+-----+-----+-----+-----+-----+-----+-----+
8 |     |     |     |  ♖  |     |     |     |     |
  +-----+-----+-----+-----+-----+-----+-----+-----+
7 |     |     |     |  ♖  |     |  ♙  |  ♙  |  ♔  |
  +-----+-----+-----+-----+-----+-----+-----+-----+
6 |  ♙  |     |     |  ♕  |     |     |     |  ♙  |
  +-----+-----+-----+-----+-----+-----+-----+-----+
5 |  ♟  |     |  ♜  |  ♙  |  ♜  |  ♟  |     |  ♟  |
  +-----+-----+-----+-----+-----+-----+-----+-----+
4 |     |     |     |  ♟  |     |     |     |     |
  +-----+-----+-----+-----+-----+-----+-----+-----+
3 |     |     |     |     |     |  ♟  |  ♟  |     |
  +-----+-----+-----+-----+-----+-----+-----+-----+
2 |  ♛  |     |     |     |     |     |  ♚  |     |
  +-----+-----+-----+-----+-----+-----+-----+-----+
1 |     |     |     |     |     |     |     |     |
  +-----+-----+-----+-----+-----+-----+-----+-----+
     a     b     c     d     e     f     g     h    
(54)Entrez le coup : [H[2J[3JTour : black

     a     b     c     d     e     f     g     h    
  +-----+-----+-----+-----+-----+-----+-----+-----+
8 |     |     |     |  ♖  |     |     |     |     |
  +-----+-----+-----+-----+-----+-----+-----+-----+
7 |     |     |     |  ♖  |     |  ♙  |  ♙  |  ♔  |
  +-----+-----+-----+-----+-----+-----+-----+-----+
6 |  ♙  |     |     |  ♕  |     |     |     |  ♙  |
  +-----+-----+-----+-----+-----+-----+-----+-----+
5 |  ♟  |     |  ♜  |  ♙  |  ♜  |  ♟  |     |  ♟  |
  +-----+-----+-----+-----+-----+-----+-----+-----+
4 |     |     |     |  ♟  |     |     |     |     |
  +-----+-----+-----+-----+-----+-----+-----+-----+
3 |     |     |     |     |     |  ♟  |  ♟  |  ♚  |
  +-----+-----+-----+-----+-----+-----+-----+-----+
2 |  ♛  |     |     |     |     |     |     |     |
  +-----+-----+-----+-----+-----+-----+-----+-----+
1 |     |     |     |     |     |     |     |     |
  +-----+-----+-----+-----+-----+-----+-----+-----+
     a     b     c     d     e     f     g     h    
(54)Entrez le coup : [H[2J[3JTour : white

     a     b     c     d     e     f     g     h    
  +-----+-----+-----+-----+-----+-----+-----+-----+
8 |     |     |     |  ♖  |     |     |  ♔  |     |
  +-----+-----+-----+-----+-----+-----+-----+-----+
7 |     |     |     |  ♖  |     |  ♙  |  ♙  |     |
  +-----+-----+-----+-----+-----+-----+-----+-----+
6 |  ♙  |     |     |  ♕  |     |     |     |  ♙  |
  +-----+-----+-----+-----+-----+-----+-----+-----+
5 |  ♟  |     |  ♜  |  ♙  |  ♜  |  ♟  |     |  ♟  |
  +-----+-----+-----+-----+-----+-----+-----+-----+
4 |     |     |     |  ♟  |     |     |     |     |
  +-----+-----+-----+-----+-----+-----+-----+-----+
3 |     |     |     |     |     |  ♟  |  ♟  |  ♚  |
  +-----+-----+-----+-----+-----+-----+-----+-----+
2 |  ♛  |     |     |     |     |     |     |     |
  +-----+-----+-----+-----+-----+-----+-----+-----+
1 |     |     |     |     |     |     |     |     |
  +-----+-----+-----+-----+-----+-----+-----+-----+
     a     b     c     d     e     f     g     h    
(55)Entrez le coup : [H[2J[3JTour : black

     a     b     c     d     e     f     g     h    
  +-----+-----+-----+-----+-----+-----+-----+-----+
8 |     |     |     |  ♖  |     |     |  ♔  |     |
  +-----+-----+-----+-----+-----+-----+-----+-----+
7 |     |     |     |  ♖  |     |  ♙  |  ♙  |     |
  +-----+-----+-----+-----+-----+-----+-----+-----+
6 |  ♙  |     |     |  ♕  |     |     |     |  ♙  |
  +-----+-----+-----+-----+-----+-----+-----+-----+
5 |  ♟  |     |  ♜  |  ♙  |  ♜  |  ♟  |     |  ♟  |
  +-----+-----+-----+-----+-----+-----+-----+-----+
4 |     |     |     |  ♟  |     |     |     |     |
  +-----+-----+-----+-----+-----+-----+-----+-----+
3 |     |     |     |     |     |  ♟  |  ♟  |     |
  +-----+-----+-----+-----+-----+-----+-----+-----+
2 |  ♛  |     |     |     |     |     |     |  ♚  |
  +-----+-----+-----+-----+-----+-----+-----+-----+
1 |     |     |     |     |     |     |     |     |
  +-----+-----+-----+-----+-----+-----+-----+-----+
     a     b     c     d     e     f     g     h    
(55)Entrez le coup : [H[2J[3JTour : white

     a     b     c     d     e     f     g     h    
  +-----+-----+-----+-----+-----+-----+-----+-----+
8 |     |     |     |  ♖  |     |     |     |     |
  +-----+-----+-----+-----+-----+-----+-----+-----+
7 |     |     |     |  ♖  |     |  ♙  |  ♙  |  ♔  |
  +-----+-----+-----+-----+-----+-----+-----+-----+
6 |  ♙  |     |     |  ♕  |     |     |     |  ♙  |
  +-----+-----+-----+-----+-----+-----+-----+-----+
5 |  ♟  |     |  ♜  |  ♙  |  ♜  |  ♟  |     |  ♟  |
  +-----+-----+-----+-----+-----+-----+-----+-----+
4 |     |     |     |  ♟  |     |     |     |     |
  +-----+-----+-----+-----+-----+-----+-----+-----+
3 |     |     |     |     |     |  ♟  |  ♟  |     |
  +-----+-----+-----+-----+-----+-----+-----+-----+
2 |  ♛  |     |     |     |     |     |     |  ♚  |
  +-----+-----+-----+-----+-----+-----+-----+-----+
1 |     |     |     |     |     |     |     |     |
  +-----+-----+-----+-----+-----+-----+-----+-----+
     a     b     c     d     e     f     g     h    
(56)Entrez le coup : [H[2J[3JTour : black

     a     b     c     d     e     f     g     h    
  +-----+-----+-----+-----+-----+-----+-----+-----+
8 |     |     |     |  ♖  |     |     |     |     |
  +-----+-----+-----+-----+-----+-----+-----+-----+
7 |     |     |     |  ♖  |     |  ♙  |  ♙  |  ♔  |
  +-----+-----+-----+-----+-----+-----+-----+-----+
6 |  ♙  |     |     |  ♕  |     |     |     |  ♙  |
  +-----+-----+-----+-----+-----+-----+-----+-----+
5 |  ♟  |     |  ♜  |  ♙  |  ♜  |  ♟  |     |  ♟  |
  +-----+-----+-----+-----+-----+-----+-----+-----+
4 |     |     |     |  ♟  |     |     |     |     |
  +-----+-----+-----+-----+-----+-----+-----+-----+
3 |     |     |     |     |     |  ♟  |  ♟  |     |
  +-----+-----+-----+-----+-----+-----+-----+-----+
2 |  ♛  |     |     |     |     |     |  ♚  |     |
  +-----+-----+-----+-----+-----+-----+-----+-----+
1 |     |     |     |     |     |     |     |     |
  +-----+-----+-----+-----+-----+-----+-----+-----+
     a     b     c     d     e     f     g     h    
(56)Entrez le coup : [H[2J[3JTour : white

     a     b     c     d     e     f     g     h    
  +-----+-----+-----+-----+-----+-----+-----+-----+
8 |     |     |     |  ♖  |     |     |  ♔  |     |
  +-----+-----+-----+-----+-----+-----+-----+-----+
7 |     |     |     |  ♖  |     |  ♙  |  ♙  |     |
  +-----+-----+-----+-----+-----+-----+-----+-----+
6 |  ♙  |     |     |  ♕  |     |     |     |  ♙  |
  +-----+-----+-----+-----+-----+-----+-----+-----+
5 |  ♟  |     |  ♜  |  ♙  |  ♜  |  ♟  |     |  ♟  |
  +-----+-----+-----+-----+-----+-----+-----+-----+
4 |     |     |     |  ♟  |     |     |     |     |
  +-----+-----+-----+-----+-----+-----+-----+-----+
3 |     |     |     |     |     |  ♟  |  ♟  |     |
  +-----+-----+-----+-----+-----+-----+-----+-----+
2 |  ♛  |     |     |     |     |     |  ♚  |     |
  +-----+-----+-----+-----+-----+-----+-----+-----+
1 |     |     |     |     |     |     |     |     |
  +-----+-----+-----+-----+-----+-----+-----+-----+
     a     b     c     d     e     f     g     h    
(57)Entrez le coup : [H[2J[3JTour : black

     a     b     c     d     e     f     g     h    
  +-----+-----+-----+-----+-----+-----+-----+-----+
8 |     |     |     |  ♖  |     |     |  ♔  |     |
  +-----+-----+-----+-----+-----+-----+-----+-----+
7 |     |     |     |  ♖  |     |  ♙  |  ♙  |     |
  +-----+-----+-----+-----+-----+-----+-----+-----+
6 |  ♙  |     |     |  ♕  |     |     |     |  ♙  |
  +-----+-----+-----+-----+-----+-----+-----+-----+
5 |  ♟  |     |  ♜  |  ♙  |  ♜  |  ♟  |     |  ♟  |
  +-----+-----+-----+-----+-----+-----+-----+-----+
4 |     |     |     |  ♟  |     |     |     |     |
  +-----+-----+-----+-----+-----+-----+-----+-----+
3 |     |     |     |     |     |  ♟  |  ♟  |     |
  +-----+-----+-----+-----+-----+-----+-----+-----+
2 |  ♛  |     |     |     |     |     |     |  ♚  |
  +-----+-----+-----+-----+-----+-----+-----+-----+
1 |     |     |     |     |     |     |     |     |
  +-----+-----+-----+-----+-----+-----+-----+-----+
     a     b     c     d     e     f     g     h    
(57)Entrez le coup : [H[2J[3JTour : white

     a     b     c     d     e     f     g     h    
  +-----+-----+-----+-----+-----+-----+-----+-----+
8 |     |     |     |  ♖  |     |     |     |     |
  +-----+-----+-----+-----+-----+-----+-----+-----+
7 |     |     |     |  ♖  |     |  ♙  |  ♙  |  ♔  |
  +-----+-----+-----+-----+-----+-----+-----+-----+
6 |  ♙  |     |     |  ♕  |     |     |     |  ♙  |
  +-----+-----+-----+-----+-----+-----+-----+-----+
5 |  ♟  |     |  ♜  |  ♙  |  ♜  |  ♟  |     |  ♟  |
  +-----+-----+-----+-----+-----+-----+-----+-----+
4 |     |     |     |  ♟  |     |     |     |     |
  +-----+-----+-----+-----+-----+-----+-----+-----+
3 |     |     |     |     |     |  ♟  |  ♟  |     |
  +-----+-----+-----+-----+-----+-----+-----+-----+
2 |  ♛  |     |     |     |     |     |     |  ♚  |
  +-----+-----+-----+-----+-----+-----+-----+-----+
1 |     |     |     |     |     |     |     |     |
  +-----+-----+-----+-----+-----+-----+-----+-----+
     a     b     c     d     e     f     g     h    
(58)Entrez le coup : [H[2J[3JTour : black

     a     b     c     d     e     f     g     h    
  +-----+-----+-----+-----+-----+-----+-----+-----+
8 |     |     |     |  ♖  |     |     |     |     |
  +-----+-----+-----+-----+-----+-----+-----+-----+
7 |     |     |     |  ♖  |     |  ♙  |  ♙  |  ♔  |
  +-----+-----+-----+-----+-----+-----+-----+-----+
6 |  ♙  |     |     |  ♕  |     |     |     |  ♙  |
  +-----+-----+-----+-----+-----+-----+-----+-----+
5 |  ♟  |     |  ♜  |  ♙  |  ♜  |  ♟  |     |  ♟  |
  +-----+-----+-----+-----+-----+-----+-----+-----+
4 |     |     |     |  ♟  |     |     |     |     |
  +-----+-----+-----+-----+-----+-----+-----+-----+
3 |     |     |     |     |     |  ♟  |  ♟  |  ♚  |
  +-----+-----+-----+-----+-----+-----+-----+-----+
2 |  ♛  |     |     |     |     |     |     |     |
  +-----+-----+-----+-----+-----+-----+-----+-----+
1 |     |     |     |     |     |     |     |     |
  +-----+-----+-----+-----+-----+-----+-----+-----+
     a     b     c     d     e     f     g     h    
(58)Entrez le coup : [H[2J[3JTour : white

     a     b     c     d     e     f     g     h    
  +-----+-----+-----+-----+-----+-----+-----+-----+
8 |     |     |     |  ♖  |     |     |  ♔  |     |
  +-----+-----+-----+-----+-----+-----+-----+-----+
7 |     |     |     |  ♖  |     |  ♙  |  ♙  |     |
  +-----+-----+-----+-----+-----+-----+-----+-----+
6 |  ♙  |     |     |  ♕  |     |     |     |  ♙  |
  +-----+-----+-----+-----+-----+-----+-----+-----+
5 |  ♟  |     |  ♜  |  ♙  |  ♜  |  ♟  |     |  ♟  |
  +-----+-----+-----+-----+-----+-----+-----+-----+
4 |     |     |     |  ♟  |     |     |     |     |
  +-----+-----+-----+-----+-----+-----+-----+-----+
3 |     |     |     |     |     |  ♟  |  ♟  |  ♚  |
  +-----+-----+-----+-----+-----+-----+-----+-----+
2 |  ♛  |     |     |     |     |     |     |     |
  +-----+-----+-----+-----+-----+-----+-----+-----+
1 |     |     |     |     |     |     |     |     |
  +-----+-----+-----+-----+-----+-----+-----+-----+
     a     b     c     d     e     f     g     h    
(59)Entrez le coup : [H[2J[3JTour : black

     a     b     c     d     e     f     g     h    
  +-----+-----+-----+-----+-----+-----+-----+-----+
8 |     |     |     |  ♖  |     |     |  ♔  |     |
  +-----+-----+-----+-----+-----+-----+-----+-----+
7 |     |     |     |  ♖  |     |  ♙  |  ♙  |     |
  +-----+-----+-----+-----+-----+-----+-----+-----+
6 |  ♙  |     |     |  ♕  |     |     |     |  ♙  |
  +-----+-----+-----+-----+-----+-----+-----+-----+
5 |  ♟  |     |  ♜  |  ♙  |  ♜  |  ♟  |     |  ♟  |
  +-----+-----+-----+-----+-----+-----+-----+-----+
4 |     |     |     |  ♟  |     |     |     |     |
  +-----+-----+-----+-----+-----+-----+-----+-----+
3 |     |  ♛  |     |     |     |  ♟  |  ♟  |  ♚  |
  +-----+-----+-----+-----+-----+-----+-----+-----+
2 |     |     |     |     |     |     |     |     |
  +-----+-----+-----+-----+-----+-----+-----+-----+
1 |     |     |     |     |     |     |     |     |
  +-----+-----+-----+-----+-----+-----+-----+-----+
     a     b     c     d     e     f     g     h    
(59)Entrez le coup : [H[2J[3JTour : white

     a     b     c     d     e     f     g     h    
  +-----+-----+-----+-----+-----+-----+-----+-----+
8 |     |     |     |  ♖  |     |     |     |     |
  +-----+-----+-----+-----+-----+-----+-----+-----+
7 |     |     |     |  ♖  |     |  ♙  |  ♙  |  ♔  |
  +-----+-----+-----+-----+-----+-----+-----+-----+
6 |  ♙  |     |     |  ♕  |     |     |     |  ♙  |
  +-----+-----+-----+-----+-----+-----+-----+-----+
5 |  ♟  |     |  ♜  |  ♙  |  ♜  |  ♟  |     |  ♟  |
  +-----+-----+-----+-----+-----+-----+-----+-----+
4 |     |     |     |  ♟  |     |     |     |     |
  +-----+-----+-----+-----+-----+-----+-----+-----+
3 |     |  ♛  |     |     |     |  ♟  |  ♟  |  ♚  |
  +-----+-----+-----+-----+-----+-----+-----+-----+
2 |     |     |     |     |     |     |     |     |
  +-----+-----+-----+-----+-----+-----+-----+-----+
1 |     |     |     |     |     |     |     |     |
  +-----+-----+-----+-----+-----+-----+-----+-----+
     a     b     c     d     e     f     g     h    
(60)Entrez le coup : [H[2J[3JTour : black

     a     b     c     d     e     f     g     h    
  +-----+-----+-----+-----+-----+-----+-----+-----+
8 |     |     |     |  ♖  |     |     |     |     |
  +-----+-----+-----+-----+-----+-----+-----+-----+
7 |     |     |     |  ♖  |     |  ♙  |  ♙  |  ♔  |
  +-----+-----+-----+-----+-----+-----+-----+-----+
6 |  ♙  |     |     |  ♕  |     |     |     |  ♙  |
  +-----+-----+-----+-----+-----+-----+-----+-----+
5 |  ♟  |     |  ♜  |  ♙  |  ♜  |  ♟  |     |  ♟  |
  +-----+-----+-----+-----+-----+-----+-----+-----+
4 |     |     |     |  ♟  |     |     |     |     |
  +-----+-----+-----+-----+-----+-----+-----+-----+
3 |     |  ♛  |     |     |     |  ♟  |  ♟  |     |
  +-----+-----+-----+-----+-----+-----+-----+-----+
2 |     |     |     |     |     |     |     |  ♚  |
  +-----+-----+-----+-----+-----+-----+-----+-----+
1 |     |     |     |     |     |     |     |     |
  +-----+-----+-----+-----+-----+-----+-----+-----+
     a     b     c     d     e     f     g     h    
(60)Entrez le coup : [H[2J[3JTour : white

     a     b     c     d     e     f     g     h    
  +-----+-----+-----+-----+-----+-----+-----+-----+
8 |     |     |     |  ♖  |     |     |  ♔  |     |
  +-----+-----+-----+-----+-----+-----+-----+-----+
7 |     |     |     |  ♖  |     |  ♙  |  ♙  |     |
  +-----+-----+-----+-----+-----+-----+-----+-----+
6 |  ♙  |     |     |  ♕  |     |     |     |  ♙  |
  +-----+-----+-----+-----+-----+-----+-----+-----+
5 |  ♟  |     |  ♜  |  ♙  |  ♜  |  ♟  |     |  ♟  |
  +-----+-----+-----+-----+-----+-----+-----+-----+
4 |     |     |     |  ♟  |     |     |     |     |
  +-----+-----+-----+-----+-----+-----+-----+-----+
3 |     |  ♛  |     |     |     |  ♟  |  ♟  |     |
  +-----+-----+-----+-----+-----+-----+-----+-----+
2 |     |     |     |     |     |     |     |  ♚  |
  +-----+-----+-----+-----+-----+-----+-----+-----+
1 |     |     |     |     |     |     |     |     |
  +-----+-----+-----+-----+-----+-----+-----+-----+
     a     b     c     d     e     f     g     h    
(61)Entrez le coup : [H[2J[3JTour : black

     a     b     c     d     e     f     g     h    
  +-----+-----+-----+-----+-----+-----+-----+-----+
8 |     |     |     |  ♖  |     |     |  ♔  |     |
  +-----+-----+-----+-----+-----+-----+-----+-----+
7 |     |     |     |  ♖  |     |  ♙  |  ♙  |     |
  +-----+-----+-----+-----+-----+-----+-----+-----+
6 |  ♙  |     |     |  ♕  |     |     |     |  ♙  |
  +-----+-----+-----+-----+-----+-----+-----+-----+
5 |  ♟  |     |  ♜  |  ♙  |  ♜  |  ♟  |     |  ♟  |
  +-----+-----+-----+-----+-----+-----+-----+-----+
4 |     |     |     |  ♟  |     |     |     |     |
  +-----+-----+-----+-----+-----+-----+-----+-----+
3 |     |  ♛  |     |     |     |  ♟  |  ♟  |  ♚  |
  +-----+-----+-----+-----+-----+-----+-----+-----+
2 |     |     |     |     |     |     |     |     |
  +-----+-----+-----+-----+-----+-----+-----+-----+
1 |     |     |     |     |     |     |     |     |
  +-----+-----+-----+-----+-----+-----+-----+-----+
     a     b     c     d     e     f     g     h    
(61)Entrez le coup : [H[2J[3JTour : white

     a     b     c     d     e     f     g     h    
  +-----+-----+-----+-----+-----+-----+-----+-----+
8 |     |     |     |  ♖  |     |     |  ♔  |     |
  +-----+-----+-----+-----+-----+-----+-----+-----+
7 |     |     |     |  ♖  |     |  ♙  |  ♙  |     |
  +-----+-----+-----+-----+-----+-----+-----+-----+
6 |  ♙  |     |     |     |     |  ♕  |     |  ♙  |
  +-----+-----+-----+-----+-----+-----+-----+-----+
5 |  ♟  |     |  ♜  |  ♙  |  ♜  |  ♟  |     |  ♟  |
  +-----+-----+-----+-----+-----+-----+-----+-----+
4 |     |     |     |  ♟  |     |     |     |     |
  +-----+-----+-----+-----+-----+-----+-----+-----+
3 |     |  ♛  |     |     |     |  ♟  |  ♟  |  ♚  |
  +-----+-----+-----+-----+-----+-----+-----+-----+
2 |     |     |     |     |     |     |     |     |
  +-----+-----+-----+-----+-----+-----+-----+-----+
1 |     |     |     |     |     |     |     |     |
  +-----+-----+-----+-----+-----+-----+-----+-----+
     a     b     c     d     e     f     g     h    
(62)Entrez le coup : [H[2J[3JTour : black

     a     b     c     d     e     f     g     h    
  +-----+-----+-----+-----+-----+-----+-----+-----+
8 |     |     |     |  ♖  |     |     |  ♔  |     |
  +-----+-----+-----+-----+-----+-----+-----+-----+
7 |     |     |     |  ♖  |     |  ♙  |  ♙  |     |
  +-----+-----+-----+-----+-----+-----+-----+-----+
6 |  ♙  |     |     |     |     |  ♕  |     |  ♙  |
  +-----+-----+-----+-----+-----+-----+-----+-----+
5 |  ♟  |     |     |  ♜  |  ♜  |  ♟  |     |  ♟  |
  +-----+-----+-----+-----+-----+-----+-----+-----+
4 |     |     |     |  ♟  |     |     |     |     |
  +-----+-----+-----+-----+-----+-----+-----+-----+
3 |     |  ♛  |     |     |     |  ♟  |  ♟  |  ♚  |
  +-----+-----+-----+-----+-----+-----+-----+-----+
2 |     |     |     |     |     |     |     |     |
  +-----+-----+-----+-----+-----+-----+-----+-----+
1 |     |     |     |     |     |     |     |     |
  +-----+-----+-----+-----+-----+-----+-----+-----+
     a     b     c     d     e     f     g     h    
(62)Entrez le coup : [H[2J[3JTour : white

     a     b     c     d     e     f     g     h    
  +-----+-----+-----+-----+-----+-----+-----+-----+
8 |     |     |     |  ♖  |     |     |  ♔  |     |
  +-----+-----+-----+-----+-----+-----+-----+-----+
7 |     |     |     |  ♖  |     |  ♙  |  ♙  |     |
  +-----+-----+-----+-----+-----+-----+-----+-----+
6 |  ♙  |     |  ♕  |     |     |     |     |  ♙  |
  +-----+-----+-----+-----+-----+-----+-----+-----+
5 |  ♟  |     |     |  ♜  |  ♜  |  ♟  |     |  ♟  |
  +-----+-----+-----+-----+-----+-----+-----+-----+
4 |     |     |     |  ♟  |     |     |     |     |
  +-----+-----+-----+-----+-----+-----+-----+-----+
3 |     |  ♛  |     |     |     |  ♟  |  ♟  |  ♚  |
  +-----+-----+-----+-----+-----+-----+-----+-----+
2 |     |     |     |     |     |     |     |     |
  +-----+-----+-----+-----+-----+-----+-----+-----+
1 |     |     |     |     |     |     |     |     |
  +-----+-----+-----+-----+-----+-----+-----+-----+
     a     b     c     d     e     f     g     h    
(63)Entrez le coup : [H[2J[3JTour : black

     a     b     c     d     e     f     g     h    
  +-----+-----+-----+-----+-----+-----+-----+-----+
8 |     |     |     |  ♖  |     |     |  ♔  |     |
  +-----+-----+-----+-----+-----+-----+-----+-----+
7 |     |     |     |  ♜  |     |  ♙  |  ♙  |     |
  +-----+-----+-----+-----+-----+-----+-----+-----+
6 |  ♙  |     |  ♕  |     |     |     |     |  ♙  |
  +-----+-----+-----+-----+-----+-----+-----+-----+
5 |  ♟  |     |     |     |  ♜  |  ♟  |     |  ♟  |
  +-----+-----+-----+-----+-----+-----+-----+-----+
4 |     |     |     |  ♟  |     |     |     |     |
  +-----+-----+-----+-----+-----+-----+-----+-----+
3 |     |  ♛  |     |     |     |  ♟  |  ♟  |  ♚  |
  +-----+-----+-----+-----+-----+-----+-----+-----+
2 |     |     |     |     |     |     |     |     |
  +-----+-----+-----+-----+-----+-----+-----+-----+
1 |     |     |     |     |     |     |     |     |
  +-----+-----+-----+-----+-----+-----+-----+-----+
     a     b     c     d     e     f     g     h    
(63)Entrez le coup : [H[2J[3JTour : white

     a     b     c     d     e     f     g     h    
  +-----+-----+-----+-----+-----+-----+-----+-----+
8 |     |     |     |  ♖  |     |     |  ♔  |     |
  +-----+-----+-----+-----+-----+-----+-----+-----+
7 |     |     |     |  ♕  |     |  ♙  |  ♙  |     |
  +-----+-----+-----+-----+-----+-----+-----+-----+
6 |  ♙  |     |     |     |     |     |     |  ♙  |
  +-----+-----+-----+-----+-----+-----+-----+-----+
5 |  ♟  |     |     |     |  ♜  |  ♟  |     |  ♟  |
  +-----+-----+-----+-----+-----+-----+-----+-----+
4 |     |     |     |  ♟  |     |     |     |     |
  +-----+-----+-----+-----+-----+-----+-----+-----+
3 |     |  ♛  |     |     |     |  ♟  |  ♟  |  ♚  |
  +-----+-----+-----+-----+-----+-----+-----+-----+
2 |     |     |     |     |     |     |     |     |
  +-----+-----+-----+-----+-----+-----+-----+-----+
1 |     |     |     |     |     |     |     |     |
  +-----+-----+-----+-----+-----+-----+-----+-----+
     a     b     c     d     e     f     g     h    
(64)Entrez le coup : [H[2J[3JTour : black

     a     b     c     d     e     f     g     h    
  +-----+-----+-----+-----+-----+-----+-----+-----+
8 |     |     |     |  ♖  |     |     |  ♔  |     |
  +-----+-----+-----+-----+-----+-----+-----+-----+
7 |     |     |     |  ♕  |     |  ♙  |  ♙  |     |
  +-----+-----+-----+-----+-----+-----+-----+-----+
6 |  ♙  |  ♛  |     |     |     |     |     |  ♙  |
  +-----+-----+-----+-----+-----+-----+-----+-----+
5 |  ♟  |     |     |     |  ♜  |  ♟  |     |  ♟  |
  +-----+-----+-----+-----+-----+-----+-----+-----+
4 |     |     |     |  ♟  |     |     |     |     |
  +-----+-----+-----+-----+-----+-----+-----+-----+
3 |     |     |     |     |     |  ♟  |  ♟  |  ♚  |
  +-----+-----+-----+-----+-----+-----+-----+-----+
2 |     |     |     |     |     |     |     |     |
  +-----+-----+-----+-----+-----+-----+-----+-----+
1 |     |     |     |     |     |     |     |     |
  +-----+-----+-----+-----+-----+-----+-----+-----+
     a     b     c     d     e     f     g     h    
(64)Entrez le coup : [H[2J[3JTour : white

     a     b     c     d     e     f     g     h    
  +-----+-----+-----+-----+-----+-----+-----+-----+
8 |     |     |     |  ♖  |     |     |     |     |
  +-----+-----+-----+-----+-----+-----+-----+-----+
7 |     |     |     |  ♕  |     |  ♙  |  ♙  |  ♔  |
  +-----+-----+-----+-----+-----+-----+-----+-----+
6 |  ♙  |  ♛  |     |     |     |     |     |  ♙  |
  +-----+-----+-----+-----+-----+-----+-----+-----+
5 |  ♟  |     |     |     |  ♜  |  ♟  |     |  ♟  |
  +-----+-----+-----+-----+-----+-----+-----+-----+
4 |     |     |     |  ♟  |     |     |     |     |
  +-----+-----+-----+-----+-----+-----+-----+-----+
3 |     |     |     |     |     |  ♟  |  ♟  |  ♚  |
  +-----+-----+-----+-----+-----+-----+-----+-----+
2 |     |     |     |     |     |     |     |     |
  +-----+-----+-----+-----+-----+-----+-----+-----+
1 |     |     |     |     |     |     |     |     |
  +-----+-----+-----+-----+-----+-----+-----+-----+
     a     b     c     d     e     f     g     h    
(65)Entrez le coup : [H[2J[3JTour : black

     a     b     c     d     e     f     g     h    
  +-----+-----+-----+-----+-----+-----+-----+-----+
8 |     |     |     |  ♖  |     |     |     |     |
  +-----+-----+-----+-----+-----+-----+-----+-----+
7 |     |     |     |  ♕  |     |  ♙  |  ♙  |  ♔  |
  +-----+-----+-----+-----+-----+-----+-----+-----+
6 |  ♙  |  ♛  |     |     |     |     |     |  ♙  |
  +-----+-----+-----+-----+-----+-----+-----+-----+
5 |  ♟  |     |     |     |  ♜  |  ♟  |     |  ♟  |
  +-----+-----+-----+-----+-----+-----+-----+-----+
4 |     |     |     |  ♟  |     |     |  ♟  |     |
  +-----+-----+-----+-----+-----+-----+-----+-----+
3 |     |     |     |     |     |  ♟  |     |  ♚  |
  +-----+-----+-----+-----+-----+-----+-----+-----+
2 |     |     |     |     |     |     |     |     |
  +-----+-----+-----+-----+-----+-----+-----+-----+
1 |     |     |     |     |     |     |     |     |
  +-----+-----+-----+-----+-----+-----+-----+-----+
     a     b     c     d     e     f     g     h    
(65)Entrez le coup : [H[2J[3JTour : white

     a     b     c     d     e     f     g     h    
  +-----+-----+-----+-----+-----+-----+-----+-----+
8 |     |     |     |  ♖  |     |     |     |     |
  +-----+-----+-----+-----+-----+-----+-----+-----+
7 |     |     |     |  ♕  |     |     |  ♙  |  ♔  |
  +-----+-----+-----+-----+-----+-----+-----+-----+
6 |  ♙  |  ♛  |     |     |     |  ♙  |     |  ♙  |
  +-----+-----+-----+-----+-----+-----+-----+-----+
5 |  ♟  |     |     |     |  ♜  |  ♟  |     |  ♟  |
  +-----+-----+-----+-----+-----+-----+-----+-----+
4 |     |     |     |  ♟  |     |     |  ♟  |     |
  +-----+-----+-----+-----+-----+-----+-----+-----+
3 |     |     |     |     |     |  ♟  |     |  ♚  |
  +-----+-----+-----+-----+-----+-----+-----+-----+
2 |     |     |     |     |     |     |     |     |
  +-----+-----+-----+-----+-----+-----+-----+-----+
1 |     |     |     |     |     |     |     |     |
  +-----+-----+-----+-----+-----+-----+-----+-----+
     a     b     c     d     e     f     g     h    
(66)Entrez le coup : [H[2J[3JTour : black

     a     b     c     d     e     f     g     h    
  +-----+-----+-----+-----+-----+-----+-----+-----+
8 |     |     |     |  ♖  |     |     |     |     |
  +-----+-----+-----+-----+-----+-----+-----+-----+
7 |     |     |     |  ♕  |     |     |  ♙  |  ♔  |
  +-----+-----+-----+-----+-----+-----+-----+-----+
6 |  ♙  |  ♛  |     |     |     |  ♙  |     |  ♙  |
  +-----+-----+-----+-----+-----+-----+-----+-----+
5 |  ♟  |     |     |     |     |  ♟  |     |  ♟  |
  +-----+-----+-----+-----+-----+-----+-----+-----+
4 |     |     |     |  ♟  |  ♜  |     |  ♟  |     |
  +-----+-----+-----+-----+-----+-----+-----+-----+
3 |     |     |     |     |     |  ♟  |     |  ♚  |
  +-----+-----+-----+-----+-----+-----+-----+-----+
2 |     |     |     |     |     |     |     |     |
  +-----+-----+-----+-----+-----+-----+-----+-----+
1 |     |     |     |     |     |     |     |     |
  +-----+-----+-----+-----+-----+-----+-----+-----+
     a     b     c     d     e     f     g     h    
(66)Entrez le coup : [H[2J[3JTour : white

     a     b     c     d     e     f     g     h    
  +-----+-----+-----+-----+-----+-----+-----+-----+
8 |     |     |  ♕  |  ♖  |     |     |     |     |
  +-----+-----+-----+-----+-----+-----+-----+-----+
7 |     |     |     |     |     |     |  ♙  |  ♔  |
  +-----+-----+-----+-----+-----+-----+-----+-----+
6 |  ♙  |  ♛  |     |     |     |  ♙  |     |  ♙  |
  +-----+-----+-----+-----+-----+-----+-----+-----+
5 |  ♟  |     |     |     |     |  ♟  |     |  ♟  |
  +-----+-----+-----+-----+-----+-----+-----+-----+
4 |     |     |     |  ♟  |  ♜  |     |  ♟  |     |
  +-----+-----+-----+-----+-----+-----+-----+-----+
3 |     |     |     |     |     |  ♟  |     |  ♚  |
  +-----+-----+-----+-----+-----+-----+-----+-----+
2 |     |     |     |     |     |     |     |     |
  +-----+-----+-----+-----+-----+-----+-----+-----+
1 |     |     |     |     |     |     |     |     |
  +-----+-----+-----+-----+-----+-----+-----+-----+
     a     b     c     d     e     f     g     h    
(67)Entrez le coup : [H[2J[3JTour : black

     a     b     c     d     e     f     g     h    
  +-----+-----+-----+-----+-----+-----+-----+-----+
8 |     |     |  ♕  |  ♖  |     |     |     |     |
  +-----+-----+-----+-----+-----+-----+-----+-----+
7 |     |     |     |     |  ♜  |     |  ♙  |  ♔  |
  +-----+-----+-----+-----+-----+-----+-----+-----+
6 |  ♙  |  ♛  |     |     |     |  ♙  |     |  ♙  |
  +-----+-----+-----+-----+-----+-----+-----+-----+
5 |  ♟  |     |     |     |     |  ♟  |     |  ♟  |
  +-----+-----+-----+-----+-----+-----+-----+-----+
4 |     |     |     |  ♟  |     |     |  ♟  |     |
  +-----+-----+-----+-----+-----+-----+-----+-----+
3 |     |     |     |     |     |  ♟  |     |  ♚  |
  +-----+-----+-----+-----+-----+-----+-----+-----+
2 |     |     |     |     |     |     |     |     |
  +-----+-----+-----+-----+-----+-----+-----+-----+
1 |     |     |     |     |     |     |     |     |
  +-----+-----+-----+-----+-----+-----+-----+-----+
     a     b     c     d     e     f     g     h    
(67)Entrez le coup : [H[2J[3JTour : white

     a     b     c     d     e     f     g     h    
  +-----+-----+-----+-----+-----+-----+-----+-----+
8 |     |  ♕  |     |  ♖  |     |     |     |     |
  +-----+-----+-----+-----+-----+-----+-----+-----+
7 |     |     |     |     |  ♜  |     |  ♙  |  ♔  |
  +-----+-----+-----+-----+-----+-----+-----+-----+
6 |  ♙  |  ♛  |     |     |     |  ♙  |     |  ♙  |
  +-----+-----+-----+-----+-----+-----+-----+-----+
5 |  ♟  |     |     |     |     |  ♟  |     |  ♟  |
  +-----+-----+-----+-----+-----+-----+-----+-----+
4 |     |     |     |  ♟  |     |     |  ♟  |     |
  +-----+-----+-----+-----+-----+-----+-----+-----+
3 |     |     |     |     |     |  ♟  |     |  ♚  |
  +-----+-----+-----+-----+-----+-----+-----+-----+
2 |     |     |     |     |     |     |     |     |
  +-----+-----+-----+-----+-----+-----+-----+-----+
1 |     |     |     |     |     |     |     |     |
  +-----+-----+-----+-----+-----+-----+-----+-----+
     a     b     c     d     e     f     g     h    
(68)Entrez le coup : [H[2J[3JTour : black

     a     b     c     d     e     f     g     h    
  +-----+-----+-----+-----+-----+-----+-----+-----+
8 |     |  ♛  |     |  ♖  |     |     |     |     |
  +-----+-----+-----+-----+-----+-----+-----+-----+
7 |     |     |     |     |  ♜  |     |  ♙  |  ♔  |
  +-----+-----+-----+-----+-----+-----+-----+-----+
6 |  ♙  |     |     |     |     |  ♙  |     |  ♙  |
  +-----+-----+-----+-----+-----+-----+-----+-----+
5 |  ♟  |     |     |     |     |  ♟  |     |  ♟  |
  +-----+-----+-----+-----+-----+-----+-----+-----+
4 |     |     |     |  ♟  |     |     |  ♟  |     |
  +-----+-----+-----+-----+-----+-----+-----+-----+
3 |     |     |     |     |     |  ♟  |     |  ♚  |
  +-----+-----+-----+-----+-----+-----+-----+-----+
2 |     |     |     |     |     |     |     |     |
  +-----+-----+-----+-----+-----+-----+-----+-----+
1 |     |     |     |     |     |     |     |     |
  +-----+-----+-----+-----+-----+-----+-----+-----+
     a     b     c     d     e     f     g     h    
(68)Entrez le coup : [H[2J[3JTour : white

     a     b     c     d     e     f     g     h    
  +-----+-----+-----+-----+-----+-----+-----+-----+
8 |     |  ♛  |     |     |     |     |     |     |
  +-----+-----+-----+-----+-----+-----+-----+-----+
7 |     |     |     |  ♖  |  ♜  |     |  ♙  |  ♔  |
  +-----+-----+-----+-----+-----+-----+-----+-----+
6 |  ♙  |     |     |     |     |  ♙  |     |  ♙  |
  +-----+-----+-----+-----+-----+-----+-----+-----+
5 |  ♟  |     |     |     |     |  ♟  |     |  ♟  |
  +-----+-----+-----+-----+-----+-----+-----+-----+
4 |     |     |     |  ♟  |     |     |  ♟  |     |
  +-----+-----+-----+-----+-----+-----+-----+-----+
3 |     |     |     |     |     |  ♟  |     |  ♚  |
  +-----+-----+-----+-----+-----+-----+-----+-----+
2 |     |     |     |     |     |     |     |     |
  +-----+-----+-----+-----+-----+-----+-----+-----+
1 |     |     |     |     |     |     |     |     |
  +-----+-----+-----+-----+-----+-----+-----+-----+
     a     b     c     d     e     f     g     h    
(69)Entrez le coup : Pat

,,,,,,,,,,,,,,,,,,,,,wP,,wK,,,,wP,,,wP,,wP,,,,,wP,,wP,bP,,,,,bP,,bP,,,,wR,,,bP,bK,,wQ,,,,,,, 1/2-1/2
  -> [0;32mreference position: OK[0m
  -> [0;32mreference result: OK[0m
  -> [0m(exit code=0)
